Component: ARM Compiler 5.06 update 3 (build 300) Tool: armlink [4d35c9]

==============================================================================

Section Cross References

    main.o(i.ant_evt_dispatch) refers to bsp.o(i.bsp_indication_set) for bsp_indication_set
    main.o(i.ant_evt_dispatch) refers to app_error.o(i.app_error_handler) for app_error_handler
    main.o(i.main) refers to app_timer.o(i.app_timer_init) for app_timer_init
    main.o(i.main) refers to app_error.o(i.app_error_handler) for app_error_handler
    main.o(i.main) refers to bsp.o(i.bsp_init) for bsp_init
    main.o(i.main) refers to softdevice_handler.o(i.softdevice_ant_evt_handler_set) for softdevice_ant_evt_handler_set
    main.o(i.main) refers to softdevice_handler.o(i.softdevice_handler_init) for softdevice_handler_init
    main.o(i.main) refers to ant_stack_config.o(i.ant_stack_static_config) for ant_stack_static_config
    main.o(i.main) refers to ant_channel_config.o(i.ant_channel_init) for ant_channel_init
    main.o(i.main) refers to main.o(.bss) for .bss
    main.o(i.main) refers to main.o(i.ant_evt_dispatch) for ant_evt_dispatch
    main.o(i.main) refers to main.o(.constdata) for .constdata
    bsp.o(i.bsp_button_event_handler) refers to app_timer.o(i.app_timer_start) for app_timer_start
    bsp.o(i.bsp_button_event_handler) refers to app_timer.o(i.app_timer_stop) for app_timer_stop
    bsp.o(i.bsp_button_event_handler) refers to bsp.o(.constdata) for .constdata
    bsp.o(i.bsp_button_event_handler) refers to bsp.o(.bss) for .bss
    bsp.o(i.bsp_button_event_handler) refers to bsp.o(.data) for .data
    bsp.o(i.bsp_button_is_pressed) refers to bsp.o(.constdata) for .constdata
    bsp.o(i.bsp_buttons_disable) refers to app_button.o(i.app_button_disable) for app_button_disable
    bsp.o(i.bsp_buttons_enable) refers to app_button.o(i.app_button_enable) for app_button_enable
    bsp.o(i.bsp_buttons_state_get) refers to bsp.o(.constdata) for .constdata
    bsp.o(i.bsp_event_to_button_action_assign) refers to bsp.o(.bss) for .bss
    bsp.o(i.bsp_indication_set) refers to bsp.o(i.bsp_led_indication) for bsp_led_indication
    bsp.o(i.bsp_indication_set) refers to bsp.o(.data) for .data
    bsp.o(i.bsp_indication_text_set) refers to bsp.o(i.bsp_indication_set) for bsp_indication_set
    bsp.o(i.bsp_init) refers to bsp.o(i.bsp_event_to_button_action_assign) for bsp_event_to_button_action_assign
    bsp.o(i.bsp_init) refers to app_button.o(i.app_button_init) for app_button_init
    bsp.o(i.bsp_init) refers to app_button.o(i.app_button_enable) for app_button_enable
    bsp.o(i.bsp_init) refers to app_timer.o(i.app_timer_create) for app_timer_create
    bsp.o(i.bsp_init) refers to bsp.o(.data) for .data
    bsp.o(i.bsp_init) refers to bsp.o(.constdata) for .constdata
    bsp.o(i.bsp_init) refers to bsp.o(i.button_timer_handler) for button_timer_handler
    bsp.o(i.bsp_init) refers to bsp.o(i.leds_timer_handler) for leds_timer_handler
    bsp.o(i.bsp_init) refers to bsp.o(i.alert_timer_handler) for alert_timer_handler
    bsp.o(i.bsp_led_indication) refers to bsp.o(i.__ARM_common_switch8) for __ARM_common_switch8
    bsp.o(i.bsp_led_indication) refers to uidiv.o(.text) for __aeabi_uidivmod
    bsp.o(i.bsp_led_indication) refers to app_timer.o(i.app_timer_start) for app_timer_start
    bsp.o(i.bsp_led_indication) refers to app_timer.o(i.app_timer_stop) for app_timer_stop
    bsp.o(i.bsp_led_indication) refers to bsp.o(.data) for .data
    bsp.o(i.bsp_led_indication) refers to bsp.o(.constdata) for .constdata
    bsp.o(i.bsp_wakeup_buttons_set) refers to bsp.o(.constdata) for .constdata
    bsp.o(i.button_timer_handler) refers to bsp.o(i.bsp_button_event_handler) for bsp_button_event_handler
    bsp.o(i.leds_timer_handler) refers to bsp.o(i.bsp_led_indication) for bsp_led_indication
    bsp.o(i.leds_timer_handler) refers to bsp.o(.data) for .data
    bsp.o(.constdata) refers to bsp.o(.bss) for m_leds_timer_id_data
    bsp.o(.constdata) refers to bsp.o(.bss) for m_alert_timer_id_data
    bsp.o(.constdata) refers to bsp.o(.bss) for m_button_timer_id_data
    bsp.o(.constdata) refers to bsp.o(i.bsp_button_event_handler) for bsp_button_event_handler
    ant_stack_config.o(i.ant_stack_static_config) refers to ant_stack_config.o(.constdata) for .constdata
    ant_stack_config.o(.constdata) refers to ant_stack_config.o(.bss) for ant_stack_buffer
    nrf_delay.o(i.nrf_delay_ms) refers to nrf_delay.o(.emb_text) for __asm___11_nrf_delay_c_532987f3__nrf_delay_us
    nrf_drv_gpiote.o(i.GPIOTE_IRQHandler) refers to nrf_drv_gpiote.o(i.nrf_gpiote_event_is_set) for nrf_gpiote_event_is_set
    nrf_drv_gpiote.o(i.GPIOTE_IRQHandler) refers to nrf_drv_gpiote.o(i.channel_port_get) for channel_port_get
    nrf_drv_gpiote.o(i.GPIOTE_IRQHandler) refers to nrf_drv_gpiote.o(i.nrf_gpio_cfg_sense_set) for nrf_gpio_cfg_sense_set
    nrf_drv_gpiote.o(i.GPIOTE_IRQHandler) refers to nrf_drv_gpiote.o(.bss) for .bss
    nrf_drv_gpiote.o(i.channel_free) refers to nrf_drv_gpiote.o(.bss) for .bss
    nrf_drv_gpiote.o(i.channel_port_alloc) refers to nrf_drv_gpiote.o(.bss) for .bss
    nrf_drv_gpiote.o(i.channel_port_get) refers to nrf_drv_gpiote.o(.bss) for .bss
    nrf_drv_gpiote.o(i.nrf_drv_gpiote_in_event_addr_get) refers to nrf_drv_gpiote.o(i.channel_port_get) for channel_port_get
    nrf_drv_gpiote.o(i.nrf_drv_gpiote_in_event_disable) refers to nrf_drv_gpiote.o(i.pin_in_use_by_port) for pin_in_use_by_port
    nrf_drv_gpiote.o(i.nrf_drv_gpiote_in_event_disable) refers to nrf_drv_gpiote.o(i.nrf_gpio_cfg_sense_set) for nrf_gpio_cfg_sense_set
    nrf_drv_gpiote.o(i.nrf_drv_gpiote_in_event_disable) refers to nrf_drv_gpiote.o(i.pin_in_use_by_te) for pin_in_use_by_te
    nrf_drv_gpiote.o(i.nrf_drv_gpiote_in_event_disable) refers to nrf_drv_gpiote.o(i.channel_port_get) for channel_port_get
    nrf_drv_gpiote.o(i.nrf_drv_gpiote_in_event_enable) refers to nrf_drv_gpiote.o(i.pin_in_use_by_port) for pin_in_use_by_port
    nrf_drv_gpiote.o(i.nrf_drv_gpiote_in_event_enable) refers to nrf_drv_gpiote.o(i.channel_port_get) for channel_port_get
    nrf_drv_gpiote.o(i.nrf_drv_gpiote_in_event_enable) refers to nrf_drv_gpiote.o(i.nrf_gpio_cfg_sense_set) for nrf_gpio_cfg_sense_set
    nrf_drv_gpiote.o(i.nrf_drv_gpiote_in_event_enable) refers to nrf_drv_gpiote.o(i.pin_in_use_by_te) for pin_in_use_by_te
    nrf_drv_gpiote.o(i.nrf_drv_gpiote_in_event_enable) refers to nrf_drv_gpiote.o(.bss) for .bss
    nrf_drv_gpiote.o(i.nrf_drv_gpiote_in_init) refers to nrf_drv_gpiote.o(i.channel_port_alloc) for channel_port_alloc
    nrf_drv_gpiote.o(i.nrf_drv_gpiote_in_init) refers to nrf_drv_gpiote.o(i.nrf_gpio_cfg) for nrf_gpio_cfg
    nrf_drv_gpiote.o(i.nrf_drv_gpiote_in_init) refers to nrf_drv_gpiote.o(.bss) for .bss
    nrf_drv_gpiote.o(i.nrf_drv_gpiote_in_uninit) refers to nrf_drv_gpiote.o(i.nrf_drv_gpiote_in_event_disable) for nrf_drv_gpiote_in_event_disable
    nrf_drv_gpiote.o(i.nrf_drv_gpiote_in_uninit) refers to nrf_drv_gpiote.o(i.pin_in_use_by_te) for pin_in_use_by_te
    nrf_drv_gpiote.o(i.nrf_drv_gpiote_in_uninit) refers to nrf_drv_gpiote.o(i.channel_port_get) for channel_port_get
    nrf_drv_gpiote.o(i.nrf_drv_gpiote_in_uninit) refers to nrf_drv_gpiote.o(i.nrf_gpio_cfg_default) for nrf_gpio_cfg_default
    nrf_drv_gpiote.o(i.nrf_drv_gpiote_in_uninit) refers to nrf_drv_gpiote.o(i.channel_free) for channel_free
    nrf_drv_gpiote.o(i.nrf_drv_gpiote_in_uninit) refers to nrf_drv_gpiote.o(.bss) for .bss
    nrf_drv_gpiote.o(i.nrf_drv_gpiote_init) refers to nrf_drv_gpiote.o(i.channel_free) for channel_free
    nrf_drv_gpiote.o(i.nrf_drv_gpiote_init) refers to nrf_drv_common.o(i.nrf_drv_common_irq_enable) for nrf_drv_common_irq_enable
    nrf_drv_gpiote.o(i.nrf_drv_gpiote_init) refers to nrf_drv_gpiote.o(.bss) for .bss
    nrf_drv_gpiote.o(i.nrf_drv_gpiote_is_init) refers to nrf_drv_gpiote.o(.bss) for .bss
    nrf_drv_gpiote.o(i.nrf_drv_gpiote_out_init) refers to nrf_drv_gpiote.o(i.channel_port_alloc) for channel_port_alloc
    nrf_drv_gpiote.o(i.nrf_drv_gpiote_out_init) refers to nrf_drv_gpiote.o(i.nrf_gpio_cfg) for nrf_gpio_cfg
    nrf_drv_gpiote.o(i.nrf_drv_gpiote_out_init) refers to nrf_drv_gpiote.o(.bss) for .bss
    nrf_drv_gpiote.o(i.nrf_drv_gpiote_out_task_addr_get) refers to nrf_drv_gpiote.o(i.channel_port_get) for channel_port_get
    nrf_drv_gpiote.o(i.nrf_drv_gpiote_out_task_disable) refers to nrf_drv_gpiote.o(.bss) for .bss
    nrf_drv_gpiote.o(i.nrf_drv_gpiote_out_task_enable) refers to nrf_drv_gpiote.o(.bss) for .bss
    nrf_drv_gpiote.o(i.nrf_drv_gpiote_out_task_force) refers to nrf_drv_gpiote.o(.bss) for .bss
    nrf_drv_gpiote.o(i.nrf_drv_gpiote_out_task_trigger) refers to nrf_drv_gpiote.o(i.channel_port_get) for channel_port_get
    nrf_drv_gpiote.o(i.nrf_drv_gpiote_out_uninit) refers to nrf_drv_gpiote.o(i.pin_in_use_by_te) for pin_in_use_by_te
    nrf_drv_gpiote.o(i.nrf_drv_gpiote_out_uninit) refers to nrf_drv_gpiote.o(i.channel_port_get) for channel_port_get
    nrf_drv_gpiote.o(i.nrf_drv_gpiote_out_uninit) refers to nrf_drv_gpiote.o(i.channel_free) for channel_free
    nrf_drv_gpiote.o(i.nrf_drv_gpiote_out_uninit) refers to nrf_drv_gpiote.o(i.nrf_gpio_cfg_default) for nrf_gpio_cfg_default
    nrf_drv_gpiote.o(i.nrf_drv_gpiote_out_uninit) refers to nrf_drv_gpiote.o(.bss) for .bss
    nrf_drv_gpiote.o(i.nrf_drv_gpiote_uninit) refers to nrf_drv_gpiote.o(i.nrf_drv_gpiote_in_uninit) for nrf_drv_gpiote_in_uninit
    nrf_drv_gpiote.o(i.nrf_drv_gpiote_uninit) refers to nrf_drv_gpiote.o(i.nrf_drv_gpiote_out_uninit) for nrf_drv_gpiote_out_uninit
    nrf_drv_gpiote.o(i.nrf_drv_gpiote_uninit) refers to nrf_drv_gpiote.o(.bss) for .bss
    nrf_drv_gpiote.o(i.nrf_gpio_cfg_default) refers to nrf_drv_gpiote.o(i.nrf_gpio_cfg) for nrf_gpio_cfg
    nrf_drv_gpiote.o(i.pin_in_use_by_port) refers to nrf_drv_gpiote.o(.bss) for .bss
    nrf_drv_gpiote.o(i.pin_in_use_by_te) refers to nrf_drv_gpiote.o(.bss) for .bss
    app_button.o(i.app_button_disable) refers to nrf_drv_gpiote.o(i.nrf_drv_gpiote_in_event_disable) for nrf_drv_gpiote_in_event_disable
    app_button.o(i.app_button_disable) refers to app_timer.o(i.app_timer_stop) for app_timer_stop
    app_button.o(i.app_button_disable) refers to app_button.o(.data) for .data
    app_button.o(i.app_button_disable) refers to app_button.o(.constdata) for .constdata
    app_button.o(i.app_button_enable) refers to nrf_drv_gpiote.o(i.nrf_drv_gpiote_in_event_enable) for nrf_drv_gpiote_in_event_enable
    app_button.o(i.app_button_enable) refers to app_button.o(.data) for .data
    app_button.o(i.app_button_init) refers to nrf_drv_gpiote.o(i.nrf_drv_gpiote_is_init) for nrf_drv_gpiote_is_init
    app_button.o(i.app_button_init) refers to nrf_drv_gpiote.o(i.nrf_drv_gpiote_init) for nrf_drv_gpiote_init
    app_button.o(i.app_button_init) refers to nrf_drv_gpiote.o(i.nrf_drv_gpiote_in_init) for nrf_drv_gpiote_in_init
    app_button.o(i.app_button_init) refers to app_timer.o(i.app_timer_create) for app_timer_create
    app_button.o(i.app_button_init) refers to app_button.o(.data) for .data
    app_button.o(i.app_button_init) refers to app_button.o(.constdata) for .constdata
    app_button.o(i.app_button_init) refers to app_button.o(i.gpiote_event_handler) for gpiote_event_handler
    app_button.o(i.app_button_init) refers to app_button.o(i.detection_delay_timeout_handler) for detection_delay_timeout_handler
    app_button.o(i.app_button_is_pushed) refers to nrf_drv_gpiote.o(i.nrf_drv_gpiote_in_is_set) for nrf_drv_gpiote_in_is_set
    app_button.o(i.app_button_is_pushed) refers to app_button.o(.data) for .data
    app_button.o(i.detection_delay_timeout_handler) refers to nrf_drv_gpiote.o(i.nrf_drv_gpiote_in_is_set) for nrf_drv_gpiote_in_is_set
    app_button.o(i.detection_delay_timeout_handler) refers to app_button.o(.data) for .data
    app_button.o(i.gpiote_event_handler) refers to app_timer.o(i.app_timer_stop) for app_timer_stop
    app_button.o(i.gpiote_event_handler) refers to nrf_drv_gpiote.o(i.nrf_drv_gpiote_in_is_set) for nrf_drv_gpiote_in_is_set
    app_button.o(i.gpiote_event_handler) refers to app_timer.o(i.app_timer_start) for app_timer_start
    app_button.o(i.gpiote_event_handler) refers to app_button.o(.constdata) for .constdata
    app_button.o(i.gpiote_event_handler) refers to app_button.o(.data) for .data
    app_button.o(.constdata) refers to app_button.o(.bss) for m_detection_delay_timer_id_data
    app_timer.o(i.RTC1_IRQHandler) refers to app_timer.o(i.timer_timeouts_check) for timer_timeouts_check
    app_timer.o(i.SWI0_IRQHandler) refers to app_timer.o(i.timer_list_handler) for timer_list_handler
    app_timer.o(i.app_timer_create) refers to app_timer.o(.data) for .data
    app_timer.o(i.app_timer_init) refers to app_timer.o(i.rtc1_stop) for rtc1_stop
    app_timer.o(i.app_timer_init) refers to app_timer.o(i.NVIC_SetPriority) for NVIC_SetPriority
    app_timer.o(i.app_timer_init) refers to app_timer.o(.data) for .data
    app_timer.o(i.app_timer_start) refers to app_timer.o(i.user_id_get) for user_id_get
    app_timer.o(i.app_timer_start) refers to app_timer.o(i.user_op_alloc) for user_op_alloc
    app_timer.o(i.app_timer_start) refers to app_timer.o(i.timer_list_handler_sched) for timer_list_handler_sched
    app_timer.o(i.app_timer_start) refers to app_timer.o(.data) for .data
    app_timer.o(i.app_timer_stop) refers to app_timer.o(i.user_id_get) for user_id_get
    app_timer.o(i.app_timer_stop) refers to app_timer.o(i.user_op_alloc) for user_op_alloc
    app_timer.o(i.app_timer_stop) refers to app_timer.o(i.timer_list_handler_sched) for timer_list_handler_sched
    app_timer.o(i.app_timer_stop) refers to app_timer.o(.data) for .data
    app_timer.o(i.app_timer_stop_all) refers to app_timer.o(i.user_id_get) for user_id_get
    app_timer.o(i.app_timer_stop_all) refers to app_timer.o(i.user_op_alloc) for user_op_alloc
    app_timer.o(i.app_timer_stop_all) refers to app_timer.o(i.timer_list_handler_sched) for timer_list_handler_sched
    app_timer.o(i.app_timer_stop_all) refers to app_timer.o(.data) for .data
    app_timer.o(i.compare_reg_update) refers to app_timer.o(.emb_text) for __asm___11_app_timer_c_cd27f9c3__nrf_delay_us
    app_timer.o(i.compare_reg_update) refers to app_timer.o(i.rtc1_stop) for rtc1_stop
    app_timer.o(i.compare_reg_update) refers to app_timer.o(.data) for .data
    app_timer.o(i.elapsed_ticks_acquire) refers to app_timer.o(.data) for .data
    app_timer.o(i.list_deletions_handler) refers to app_timer.o(.data) for .data
    app_timer.o(i.list_insertions_handler) refers to app_timer.o(i.timer_list_insert) for timer_list_insert
    app_timer.o(i.list_insertions_handler) refers to app_timer.o(.data) for .data
    app_timer.o(i.rtc1_stop) refers to app_timer.o(.emb_text) for __asm___11_app_timer_c_cd27f9c3__nrf_delay_us
    app_timer.o(i.rtc1_stop) refers to app_timer.o(.data) for .data
    app_timer.o(i.timer_list_handler) refers to app_timer.o(i.elapsed_ticks_acquire) for elapsed_ticks_acquire
    app_timer.o(i.timer_list_handler) refers to app_timer.o(i.list_deletions_handler) for list_deletions_handler
    app_timer.o(i.timer_list_handler) refers to app_timer.o(i.list_insertions_handler) for list_insertions_handler
    app_timer.o(i.timer_list_handler) refers to app_timer.o(i.compare_reg_update) for compare_reg_update
    app_timer.o(i.timer_list_handler) refers to app_timer.o(.data) for .data
    app_timer.o(i.timer_list_insert) refers to app_timer.o(.data) for .data
    app_timer.o(i.timer_timeouts_check) refers to app_error.o(i.app_error_handler) for app_error_handler
    app_timer.o(i.timer_timeouts_check) refers to app_timer.o(i.timer_list_handler_sched) for timer_list_handler_sched
    app_timer.o(i.timer_timeouts_check) refers to app_timer.o(.data) for .data
    softdevice_handler.o(i.SWI2_IRQHandler) refers to app_error.o(i.app_error_handler) for app_error_handler
    softdevice_handler.o(i.SWI2_IRQHandler) refers to softdevice_handler.o(i.intern_softdevice_events_execute) for intern_softdevice_events_execute
    softdevice_handler.o(i.SWI2_IRQHandler) refers to softdevice_handler.o(.data) for .data
    softdevice_handler.o(i.intern_softdevice_events_execute) refers to app_error.o(i.app_error_handler) for app_error_handler
    softdevice_handler.o(i.intern_softdevice_events_execute) refers to softdevice_handler.o(.data) for .data
    softdevice_handler.o(i.intern_softdevice_events_execute) refers to softdevice_handler.o(.bss) for .bss
    softdevice_handler.o(i.softdevice_ant_evt_handler_set) refers to softdevice_handler.o(.data) for .data
    softdevice_handler.o(i.softdevice_handler_init) refers to softdevice_handler.o(.data) for .data
    softdevice_handler.o(i.softdevice_handler_init) refers to softdevice_handler.o(i.softdevice_assertion_handler) for softdevice_assertion_handler
    softdevice_handler.o(i.softdevice_handler_isEnabled) refers to softdevice_handler.o(.data) for .data
    softdevice_handler.o(i.softdevice_handler_sd_disable) refers to softdevice_handler.o(.data) for .data
    softdevice_handler.o(i.softdevice_sys_evt_handler_set) refers to softdevice_handler.o(.data) for .data
    arm_startup_nrf51.o(RESET) refers to arm_startup_nrf51.o(STACK) for __initial_sp
    arm_startup_nrf51.o(RESET) refers to arm_startup_nrf51.o(.text) for Reset_Handler
    arm_startup_nrf51.o(RESET) refers to nrf_drv_gpiote.o(i.GPIOTE_IRQHandler) for GPIOTE_IRQHandler
    arm_startup_nrf51.o(RESET) refers to app_timer.o(i.RTC1_IRQHandler) for RTC1_IRQHandler
    arm_startup_nrf51.o(RESET) refers to app_timer.o(i.SWI0_IRQHandler) for SWI0_IRQHandler
    arm_startup_nrf51.o(RESET) refers to softdevice_handler.o(i.SWI2_IRQHandler) for SWI2_IRQHandler
    arm_startup_nrf51.o(.text) refers to system_nrf51.o(i.SystemInit) for SystemInit
    arm_startup_nrf51.o(.text) refers to entry.o(.ARM.Collect$$$$00000000) for __main
    system_nrf51.o(i.SystemCoreClockUpdate) refers to system_nrf51.o(.data) for .data
    system_nrf51.o(i.SystemInit) refers to system_nrf51.o(i.is_manual_peripheral_setup_needed) for is_manual_peripheral_setup_needed
    entry.o(.ARM.Collect$$$$00000000) refers (Special) to entry10a.o(.ARM.Collect$$$$0000000D) for __rt_final_cpp
    entry.o(.ARM.Collect$$$$00000000) refers (Special) to entry11a.o(.ARM.Collect$$$$0000000F) for __rt_final_exit
    entry.o(.ARM.Collect$$$$00000000) refers (Special) to entry7b.o(.ARM.Collect$$$$00000008) for _main_clock
    entry.o(.ARM.Collect$$$$00000000) refers (Special) to entry8b.o(.ARM.Collect$$$$0000000A) for _main_cpp_init
    entry.o(.ARM.Collect$$$$00000000) refers (Special) to entry9a.o(.ARM.Collect$$$$0000000B) for _main_init
    entry.o(.ARM.Collect$$$$00000000) refers (Special) to entry5.o(.ARM.Collect$$$$00000004) for _main_scatterload
    entry.o(.ARM.Collect$$$$00000000) refers (Special) to entry2.o(.ARM.Collect$$$$00000001) for _main_stk
    entry2.o(.ARM.Collect$$$$00000001) refers to entry2.o(.ARM.Collect$$$$00002712) for __lit__00000000
    entry2.o(.ARM.Collect$$$$00002712) refers to arm_startup_nrf51.o(STACK) for __initial_sp
    entry2.o(__vectab_stack_and_reset_area) refers to arm_startup_nrf51.o(STACK) for __initial_sp
    entry2.o(__vectab_stack_and_reset_area) refers to entry.o(.ARM.Collect$$$$00000000) for __main
    entry5.o(.ARM.Collect$$$$00000004) refers to init.o(.text) for __scatterload
    entry9a.o(.ARM.Collect$$$$0000000B) refers to main.o(i.main) for main
    entry9b.o(.ARM.Collect$$$$0000000C) refers to main.o(i.main) for main
    init.o(.text) refers to entry5.o(.ARM.Collect$$$$00000004) for __main_after_scatterload


==============================================================================

Removing Unused input sections from the image.

    Removing main.o(.rev16_text), (4 bytes).
    Removing main.o(.revsh_text), (4 bytes).
    Removing bsp.o(.rev16_text), (4 bytes).
    Removing bsp.o(.revsh_text), (4 bytes).
    Removing bsp.o(i.bsp_button_is_pressed), (44 bytes).
    Removing bsp.o(i.bsp_buttons_disable), (8 bytes).
    Removing bsp.o(i.bsp_buttons_enable), (8 bytes).
    Removing bsp.o(i.bsp_buttons_state_get), (60 bytes).
    Removing bsp.o(i.bsp_indication_text_set), (8 bytes).
    Removing bsp.o(i.bsp_wakeup_buttons_set), (60 bytes).
    Removing nrf_delay.o(.rev16_text), (4 bytes).
    Removing nrf_delay.o(.revsh_text), (4 bytes).
    Removing nrf_delay.o(.emb_text), (30 bytes).
    Removing nrf_delay.o(i.nrf_delay_ms), (28 bytes).
    Removing nrf_drv_common.o(.rev16_text), (4 bytes).
    Removing nrf_drv_common.o(.revsh_text), (4 bytes).
    Removing nrf_drv_gpiote.o(.rev16_text), (4 bytes).
    Removing nrf_drv_gpiote.o(.revsh_text), (4 bytes).
    Removing nrf_drv_gpiote.o(i.nrf_drv_gpiote_in_event_addr_get), (24 bytes).
    Removing nrf_drv_gpiote.o(i.nrf_drv_gpiote_in_event_disable), (72 bytes).
    Removing nrf_drv_gpiote.o(i.nrf_drv_gpiote_in_uninit), (76 bytes).
    Removing nrf_drv_gpiote.o(i.nrf_drv_gpiote_out_clear), (16 bytes).
    Removing nrf_drv_gpiote.o(i.nrf_drv_gpiote_out_init), (152 bytes).
    Removing nrf_drv_gpiote.o(i.nrf_drv_gpiote_out_set), (16 bytes).
    Removing nrf_drv_gpiote.o(i.nrf_drv_gpiote_out_task_addr_get), (20 bytes).
    Removing nrf_drv_gpiote.o(i.nrf_drv_gpiote_out_task_disable), (32 bytes).
    Removing nrf_drv_gpiote.o(i.nrf_drv_gpiote_out_task_enable), (48 bytes).
    Removing nrf_drv_gpiote.o(i.nrf_drv_gpiote_out_task_force), (44 bytes).
    Removing nrf_drv_gpiote.o(i.nrf_drv_gpiote_out_task_trigger), (24 bytes).
    Removing nrf_drv_gpiote.o(i.nrf_drv_gpiote_out_toggle), (28 bytes).
    Removing nrf_drv_gpiote.o(i.nrf_drv_gpiote_out_uninit), (68 bytes).
    Removing nrf_drv_gpiote.o(i.nrf_drv_gpiote_uninit), (56 bytes).
    Removing nrf_drv_gpiote.o(i.nrf_gpio_cfg_default), (18 bytes).
    Removing app_button.o(.rev16_text), (4 bytes).
    Removing app_button.o(.revsh_text), (4 bytes).
    Removing app_button.o(i.app_button_disable), (44 bytes).
    Removing app_button.o(i.app_button_is_pushed), (44 bytes).
    Removing app_error.o(.rev16_text), (4 bytes).
    Removing app_error.o(.revsh_text), (4 bytes).
    Removing app_timer.o(.rev16_text), (4 bytes).
    Removing app_timer.o(.revsh_text), (4 bytes).
    Removing app_timer.o(i.app_timer_cnt_diff_compute), (12 bytes).
    Removing app_timer.o(i.app_timer_cnt_get), (16 bytes).
    Removing app_timer.o(i.app_timer_stop_all), (68 bytes).
    Removing softdevice_handler.o(.rev16_text), (4 bytes).
    Removing softdevice_handler.o(.revsh_text), (4 bytes).
    Removing softdevice_handler.o(i.softdevice_handler_isEnabled), (12 bytes).
    Removing softdevice_handler.o(i.softdevice_handler_sd_disable), (24 bytes).
    Removing softdevice_handler.o(i.softdevice_sys_evt_handler_set), (20 bytes).
    Removing arm_startup_nrf51.o(HEAP), (2048 bytes).
    Removing system_nrf51.o(.rev16_text), (4 bytes).
    Removing system_nrf51.o(.revsh_text), (4 bytes).
    Removing system_nrf51.o(i.SystemCoreClockUpdate), (16 bytes).

53 unused section(s) (total 3324 bytes) removed from the image.

==============================================================================

Image Symbol Table

    Local Symbols

    Symbol Name                              Value     Ov Type        Size  Object(Section)

    ../clib/microlib/division.c              0x00000000   Number         0  uidiv.o ABSOLUTE
    ../clib/microlib/init/entry.s            0x00000000   Number         0  entry9b.o ABSOLUTE
    ../clib/microlib/init/entry.s            0x00000000   Number         0  entry8b.o ABSOLUTE
    ../clib/microlib/init/entry.s            0x00000000   Number         0  entry2.o ABSOLUTE
    ../clib/microlib/init/entry.s            0x00000000   Number         0  entry11b.o ABSOLUTE
    ../clib/microlib/init/entry.s            0x00000000   Number         0  entry11a.o ABSOLUTE
    ../clib/microlib/init/entry.s            0x00000000   Number         0  entry10b.o ABSOLUTE
    ../clib/microlib/init/entry.s            0x00000000   Number         0  entry10a.o ABSOLUTE
    ../clib/microlib/init/entry.s            0x00000000   Number         0  entry9a.o ABSOLUTE
    ../clib/microlib/init/entry.s            0x00000000   Number         0  entry8a.o ABSOLUTE
    ../clib/microlib/init/entry.s            0x00000000   Number         0  entry.o ABSOLUTE
    ../clib/microlib/init/entry.s            0x00000000   Number         0  entry7b.o ABSOLUTE
    ../clib/microlib/init/entry.s            0x00000000   Number         0  entry7a.o ABSOLUTE
    ../clib/microlib/init/entry.s            0x00000000   Number         0  entry5.o ABSOLUTE
    ..\..\..\..\..\..\components\ant\ant_channel_config\ant_channel_config.c 0x00000000   Number         0  ant_channel_config.o ABSOLUTE
    ..\..\..\..\..\..\components\ant\ant_stack_config\ant_stack_config.c 0x00000000   Number         0  ant_stack_config.o ABSOLUTE
    ..\..\..\..\..\..\components\drivers_nrf\common\nrf_drv_common.c 0x00000000   Number         0  nrf_drv_common.o ABSOLUTE
    ..\..\..\..\..\..\components\drivers_nrf\delay\nrf_delay.c 0x00000000   Number         0  nrf_delay.o ABSOLUTE
    ..\..\..\..\..\..\components\drivers_nrf\gpiote\nrf_drv_gpiote.c 0x00000000   Number         0  nrf_drv_gpiote.o ABSOLUTE
    ..\..\..\..\..\..\components\libraries\button\app_button.c 0x00000000   Number         0  app_button.o ABSOLUTE
    ..\..\..\..\..\..\components\libraries\timer\app_timer.c 0x00000000   Number         0  app_timer.o ABSOLUTE
    ..\..\..\..\..\..\components\libraries\util\app_error.c 0x00000000   Number         0  app_error.o ABSOLUTE
    ..\..\..\..\..\..\components\libraries\util\nrf_assert.c 0x00000000   Number         0  nrf_assert.o ABSOLUTE
    ..\..\..\..\..\..\components\softdevice\common\softdevice_handler\softdevice_handler.c 0x00000000   Number         0  softdevice_handler.o ABSOLUTE
    ..\..\..\..\..\bsp\bsp.c                 0x00000000   Number         0  bsp.o ABSOLUTE
    ..\..\main.c                             0x00000000   Number         0  main.o ABSOLUTE
    ..\\..\\..\\..\\..\\..\\components\\drivers_nrf\\common\\nrf_drv_common.c 0x00000000   Number         0  nrf_drv_common.o ABSOLUTE
    ..\\..\\..\\..\\..\\..\\components\\drivers_nrf\\delay\\nrf_delay.c 0x00000000   Number         0  nrf_delay.o ABSOLUTE
    ..\\..\\..\\..\\..\\..\\components\\drivers_nrf\\gpiote\\nrf_drv_gpiote.c 0x00000000   Number         0  nrf_drv_gpiote.o ABSOLUTE
    ..\\..\\..\\..\\..\\..\\components\\libraries\\button\\app_button.c 0x00000000   Number         0  app_button.o ABSOLUTE
    ..\\..\\..\\..\\..\\..\\components\\libraries\\timer\\app_timer.c 0x00000000   Number         0  app_timer.o ABSOLUTE
    ..\\..\\..\\..\\..\\..\\components\\libraries\\util\\app_error.c 0x00000000   Number         0  app_error.o ABSOLUTE
    ..\\..\\..\\..\\..\\..\\components\\softdevice\\common\\softdevice_handler\\softdevice_handler.c 0x00000000   Number         0  softdevice_handler.o ABSOLUTE
    ..\\..\\..\\..\\..\\bsp\\bsp.c           0x00000000   Number         0  bsp.o ABSOLUTE
    ..\\..\\main.c                           0x00000000   Number         0  main.o ABSOLUTE
    RTE\Device\nRF51422_xxAA\arm_startup_nrf51.s 0x00000000   Number         0  arm_startup_nrf51.o ABSOLUTE
    RTE\Device\nRF51422_xxAA\system_nrf51.c  0x00000000   Number         0  system_nrf51.o ABSOLUTE
    RTE\\Device\\nRF51422_xxAA\\system_nrf51.c 0x00000000   Number         0  system_nrf51.o ABSOLUTE
    dc.s                                     0x00000000   Number         0  dc.o ABSOLUTE
    handlers.s                               0x00000000   Number         0  handlers.o ABSOLUTE
    init.s                                   0x00000000   Number         0  init.o ABSOLUTE
    RESET                                    0x0000d000   Section      192  arm_startup_nrf51.o(RESET)
    .ARM.Collect$$$$00000000                 0x0000d0c0   Section        0  entry.o(.ARM.Collect$$$$00000000)
    .ARM.Collect$$$$00000001                 0x0000d0c0   Section        4  entry2.o(.ARM.Collect$$$$00000001)
    .ARM.Collect$$$$00000004                 0x0000d0c4   Section        4  entry5.o(.ARM.Collect$$$$00000004)
    .ARM.Collect$$$$00000008                 0x0000d0c8   Section        0  entry7b.o(.ARM.Collect$$$$00000008)
    .ARM.Collect$$$$0000000A                 0x0000d0c8   Section        0  entry8b.o(.ARM.Collect$$$$0000000A)
    .ARM.Collect$$$$0000000B                 0x0000d0c8   Section        8  entry9a.o(.ARM.Collect$$$$0000000B)
    .ARM.Collect$$$$0000000D                 0x0000d0d0   Section        0  entry10a.o(.ARM.Collect$$$$0000000D)
    .ARM.Collect$$$$0000000F                 0x0000d0d0   Section        0  entry11a.o(.ARM.Collect$$$$0000000F)
    .ARM.Collect$$$$00002712                 0x0000d0d0   Section        4  entry2.o(.ARM.Collect$$$$00002712)
    __lit__00000000                          0x0000d0d0   Data           4  entry2.o(.ARM.Collect$$$$00002712)
    .emb_text                                0x0000d0d4   Section       30  app_timer.o(.emb_text)
    .text                                    0x0000d0f4   Section       56  arm_startup_nrf51.o(.text)
    .text                                    0x0000d12c   Section        0  uidiv.o(.text)
    .text                                    0x0000d158   Section       36  init.o(.text)
    i.GPIOTE_IRQHandler                      0x0000d17c   Section        0  nrf_drv_gpiote.o(i.GPIOTE_IRQHandler)
    i.NVIC_SetPriority                       0x0000d284   Section        0  app_timer.o(i.NVIC_SetPriority)
    NVIC_SetPriority                         0x0000d285   Thumb Code    60  app_timer.o(i.NVIC_SetPriority)
    i.RTC1_IRQHandler                        0x0000d2c8   Section        0  app_timer.o(i.RTC1_IRQHandler)
    i.SWI0_IRQHandler                        0x0000d2e8   Section        0  app_timer.o(i.SWI0_IRQHandler)
    i.SWI2_IRQHandler                        0x0000d2f0   Section        0  softdevice_handler.o(i.SWI2_IRQHandler)
    i.SystemInit                             0x0000d314   Section        0  system_nrf51.o(i.SystemInit)
    i.__ARM_common_switch8                   0x0000d3b4   Section        0  bsp.o(i.__ARM_common_switch8)
    i.__scatterload_copy                     0x0000d3ce   Section       14  handlers.o(i.__scatterload_copy)
    i.__scatterload_null                     0x0000d3dc   Section        2  handlers.o(i.__scatterload_null)
    i.__scatterload_zeroinit                 0x0000d3de   Section       14  handlers.o(i.__scatterload_zeroinit)
    i.alert_timer_handler                    0x0000d3ec   Section        0  bsp.o(i.alert_timer_handler)
    alert_timer_handler                      0x0000d3ed   Thumb Code    20  bsp.o(i.alert_timer_handler)
    i.ant_channel_init                       0x0000d404   Section        0  ant_channel_config.o(i.ant_channel_init)
    i.ant_evt_dispatch                       0x0000d43c   Section        0  main.o(i.ant_evt_dispatch)
    i.ant_stack_static_config                0x0000d470   Section        0  ant_stack_config.o(i.ant_stack_static_config)
    i.app_button_enable                      0x0000d484   Section        0  app_button.o(i.app_button_enable)
    i.app_button_init                        0x0000d4a8   Section        0  app_button.o(i.app_button_init)
    i.app_error_handler                      0x0000d51c   Section        0  app_error.o(i.app_error_handler)
    i.app_timer_create                       0x0000d538   Section        0  app_timer.o(i.app_timer_create)
    i.app_timer_init                         0x0000d564   Section        0  app_timer.o(i.app_timer_init)
    i.app_timer_start                        0x0000d5f4   Section        0  app_timer.o(i.app_timer_start)
    i.app_timer_stop                         0x0000d670   Section        0  app_timer.o(i.app_timer_stop)
    i.bsp_button_event_handler               0x0000d6c4   Section        0  bsp.o(i.bsp_button_event_handler)
    bsp_button_event_handler                 0x0000d6c5   Thumb Code   148  bsp.o(i.bsp_button_event_handler)
    i.bsp_event_to_button_action_assign      0x0000d764   Section        0  bsp.o(i.bsp_event_to_button_action_assign)
    i.bsp_indication_set                     0x0000d7ac   Section        0  bsp.o(i.bsp_indication_set)
    i.bsp_init                               0x0000d7c8   Section        0  bsp.o(i.bsp_init)
    i.bsp_led_indication                     0x0000d868   Section        0  bsp.o(i.bsp_led_indication)
    bsp_led_indication                       0x0000d869   Thumb Code   456  bsp.o(i.bsp_led_indication)
    i.button_timer_handler                   0x0000da44   Section        0  bsp.o(i.button_timer_handler)
    button_timer_handler                     0x0000da45   Thumb Code    12  bsp.o(i.button_timer_handler)
    i.channel_free                           0x0000da50   Section        0  nrf_drv_gpiote.o(i.channel_free)
    channel_free                             0x0000da51   Thumb Code    22  nrf_drv_gpiote.o(i.channel_free)
    i.channel_port_alloc                     0x0000da6c   Section        0  nrf_drv_gpiote.o(i.channel_port_alloc)
    channel_port_alloc                       0x0000da6d   Thumb Code    66  nrf_drv_gpiote.o(i.channel_port_alloc)
    i.channel_port_get                       0x0000dab4   Section        0  nrf_drv_gpiote.o(i.channel_port_get)
    channel_port_get                         0x0000dab5   Thumb Code    10  nrf_drv_gpiote.o(i.channel_port_get)
    i.compare_reg_update                     0x0000dac4   Section        0  app_timer.o(i.compare_reg_update)
    compare_reg_update                       0x0000dac5   Thumb Code   142  app_timer.o(i.compare_reg_update)
    i.detection_delay_timeout_handler        0x0000db6c   Section        0  app_button.o(i.detection_delay_timeout_handler)
    detection_delay_timeout_handler          0x0000db6d   Thumb Code    90  app_button.o(i.detection_delay_timeout_handler)
    i.elapsed_ticks_acquire                  0x0000dbcc   Section        0  app_timer.o(i.elapsed_ticks_acquire)
    elapsed_ticks_acquire                    0x0000dbcd   Thumb Code    58  app_timer.o(i.elapsed_ticks_acquire)
    i.gpiote_event_handler                   0x0000dc0c   Section        0  app_button.o(i.gpiote_event_handler)
    gpiote_event_handler                     0x0000dc0d   Thumb Code    72  app_button.o(i.gpiote_event_handler)
    i.intern_softdevice_events_execute       0x0000dc5c   Section        0  softdevice_handler.o(i.intern_softdevice_events_execute)
    i.is_manual_peripheral_setup_needed      0x0000dce0   Section        0  system_nrf51.o(i.is_manual_peripheral_setup_needed)
    is_manual_peripheral_setup_needed        0x0000dce1   Thumb Code    66  system_nrf51.o(i.is_manual_peripheral_setup_needed)
    i.leds_timer_handler                     0x0000dd28   Section        0  bsp.o(i.leds_timer_handler)
    leds_timer_handler                       0x0000dd29   Thumb Code    18  bsp.o(i.leds_timer_handler)
    i.list_deletions_handler                 0x0000dd40   Section        0  app_timer.o(i.list_deletions_handler)
    list_deletions_handler                   0x0000dd41   Thumb Code   180  app_timer.o(i.list_deletions_handler)
    i.list_insertions_handler                0x0000ddfc   Section        0  app_timer.o(i.list_insertions_handler)
    list_insertions_handler                  0x0000ddfd   Thumb Code   202  app_timer.o(i.list_insertions_handler)
    i.main                                   0x0000ded0   Section        0  main.o(i.main)
    i.nrf_drv_common_irq_enable              0x0000df90   Section        0  nrf_drv_common.o(i.nrf_drv_common_irq_enable)
    i.nrf_drv_gpiote_in_event_enable         0x0000dff0   Section        0  nrf_drv_gpiote.o(i.nrf_drv_gpiote_in_event_enable)
    i.nrf_drv_gpiote_in_init                 0x0000e090   Section        0  nrf_drv_gpiote.o(i.nrf_drv_gpiote_in_init)
    i.nrf_drv_gpiote_in_is_set               0x0000e134   Section        0  nrf_drv_gpiote.o(i.nrf_drv_gpiote_in_is_set)
    i.nrf_drv_gpiote_init                    0x0000e148   Section        0  nrf_drv_gpiote.o(i.nrf_drv_gpiote_init)
    i.nrf_drv_gpiote_is_init                 0x0000e19c   Section        0  nrf_drv_gpiote.o(i.nrf_drv_gpiote_is_init)
    i.nrf_gpio_cfg                           0x0000e1ac   Section        0  nrf_drv_gpiote.o(i.nrf_gpio_cfg)
    nrf_gpio_cfg                             0x0000e1ad   Thumb Code    32  nrf_drv_gpiote.o(i.nrf_gpio_cfg)
    i.nrf_gpio_cfg_sense_set                 0x0000e1d0   Section        0  nrf_drv_gpiote.o(i.nrf_gpio_cfg_sense_set)
    nrf_gpio_cfg_sense_set                   0x0000e1d1   Thumb Code    26  nrf_drv_gpiote.o(i.nrf_gpio_cfg_sense_set)
    i.nrf_gpiote_event_is_set                0x0000e1f0   Section        0  nrf_drv_gpiote.o(i.nrf_gpiote_event_is_set)
    nrf_gpiote_event_is_set                  0x0000e1f1   Thumb Code    14  nrf_drv_gpiote.o(i.nrf_gpiote_event_is_set)
    i.pin_in_use_by_port                     0x0000e204   Section        0  nrf_drv_gpiote.o(i.pin_in_use_by_port)
    pin_in_use_by_port                       0x0000e205   Thumb Code    20  nrf_drv_gpiote.o(i.pin_in_use_by_port)
    i.pin_in_use_by_te                       0x0000e21c   Section        0  nrf_drv_gpiote.o(i.pin_in_use_by_te)
    pin_in_use_by_te                         0x0000e21d   Thumb Code    20  nrf_drv_gpiote.o(i.pin_in_use_by_te)
    i.rtc1_stop                              0x0000e234   Section        0  app_timer.o(i.rtc1_stop)
    rtc1_stop                                0x0000e235   Thumb Code    50  app_timer.o(i.rtc1_stop)
    i.softdevice_ant_evt_handler_set         0x0000e278   Section        0  softdevice_handler.o(i.softdevice_ant_evt_handler_set)
    i.softdevice_assertion_handler           0x0000e28c   Section        0  softdevice_handler.o(i.softdevice_assertion_handler)
    i.softdevice_handler_init                0x0000e298   Section        0  softdevice_handler.o(i.softdevice_handler_init)
    i.timer_list_handler                     0x0000e2b8   Section        0  app_timer.o(i.timer_list_handler)
    timer_list_handler                       0x0000e2b9   Thumb Code   128  app_timer.o(i.timer_list_handler)
    i.timer_list_handler_sched               0x0000e33c   Section        0  app_timer.o(i.timer_list_handler_sched)
    timer_list_handler_sched                 0x0000e33d   Thumb Code    10  app_timer.o(i.timer_list_handler_sched)
    i.timer_list_insert                      0x0000e34c   Section        0  app_timer.o(i.timer_list_insert)
    timer_list_insert                        0x0000e34d   Thumb Code    60  app_timer.o(i.timer_list_insert)
    i.timer_timeouts_check                   0x0000e38c   Section        0  app_timer.o(i.timer_timeouts_check)
    timer_timeouts_check                     0x0000e38d   Thumb Code   122  app_timer.o(i.timer_timeouts_check)
    i.user_id_get                            0x0000e410   Section        0  app_timer.o(i.user_id_get)
    user_id_get                              0x0000e411   Thumb Code    74  app_timer.o(i.user_id_get)
    i.user_op_alloc                          0x0000e464   Section        0  app_timer.o(i.user_op_alloc)
    user_op_alloc                            0x0000e465   Thumb Code    38  app_timer.o(i.user_op_alloc)
    .constdata                               0x0000e48c   Section       12  main.o(.constdata)
    .constdata                               0x0000e498   Section       60  bsp.o(.constdata)
    m_leds_timer_id                          0x0000e498   Data           4  bsp.o(.constdata)
    m_alert_timer_id                         0x0000e49c   Data           4  bsp.o(.constdata)
    m_button_timer_id                        0x0000e4a0   Data           4  bsp.o(.constdata)
    m_buttons_list                           0x0000e4a4   Data          16  bsp.o(.constdata)
    app_buttons                              0x0000e4b4   Data          32  bsp.o(.constdata)
    .constdata                               0x0000e4d4   Section       12  ant_stack_config.o(.constdata)
    .constdata                               0x0000e4e0   Section        8  app_button.o(.constdata)
    m_detection_delay_timer_id               0x0000e4e0   Data           4  app_button.o(.constdata)
    .data                                    0x20000900   Section       24  bsp.o(.data)
    m_stable_state                           0x20000900   Data           1  bsp.o(.data)
    current_long_push_pin_no                 0x20000901   Data           1  bsp.o(.data)
    m_app_ticks_per_100ms                    0x20000904   Data           4  bsp.o(.data)
    m_indication_type                        0x20000908   Data           4  bsp.o(.data)
    m_alert_mask                             0x2000090c   Data           4  bsp.o(.data)
    m_registered_callback                    0x20000910   Data           4  bsp.o(.data)
    release_event_at_push                    0x20000914   Data           4  bsp.o(.data)
    .data                                    0x20000918   Section       20  app_button.o(.data)
    m_button_count                           0x20000918   Data           1  app_button.o(.data)
    mp_buttons                               0x2000091c   Data           4  app_button.o(.data)
    m_detection_delay                        0x20000920   Data           4  app_button.o(.data)
    m_pin_state                              0x20000924   Data           4  app_button.o(.data)
    m_pin_transition                         0x20000928   Data           4  app_button.o(.data)
    .data                                    0x2000092c   Section       32  app_timer.o(.data)
    m_user_array_size                        0x2000092c   Data           1  app_timer.o(.data)
    m_ticks_elapsed_q_read_ind               0x2000092d   Data           1  app_timer.o(.data)
    m_ticks_elapsed_q_write_ind              0x2000092e   Data           1  app_timer.o(.data)
    m_rtc1_running                           0x2000092f   Data           1  app_timer.o(.data)
    m_rtc1_reset                             0x20000930   Data           1  app_timer.o(.data)
    mp_users                                 0x20000934   Data           4  app_timer.o(.data)
    mp_timer_id_head                         0x20000938   Data           4  app_timer.o(.data)
    m_ticks_latest                           0x2000093c   Data           4  app_timer.o(.data)
    m_evt_schedule_func                      0x20000940   Data           4  app_timer.o(.data)
    m_ticks_elapsed                          0x20000944   Data           8  app_timer.o(.data)
    .data                                    0x2000094c   Section       16  softdevice_handler.o(.data)
    m_softdevice_enabled                     0x2000094c   Data           1  softdevice_handler.o(.data)
    m_evt_schedule_func                      0x20000950   Data           4  softdevice_handler.o(.data)
    m_ant_evt_handler                        0x20000954   Data           4  softdevice_handler.o(.data)
    m_sys_evt_handler                        0x20000958   Data           4  softdevice_handler.o(.data)
    .data                                    0x2000095c   Section        4  system_nrf51.o(.data)
    __tagsym$$used                           0x2000095c   Number         0  system_nrf51.o(.data)
    .bss                                     0x20000960   Section      456  main.o(.bss)
    APP_TIMER_BUF                            0x20000960   Data         456  main.o(.bss)
    .bss                                     0x20000b28   Section       32  bsp.o(.bss)
    m_leds_timer_id_data                     0x20000b28   Data          32  bsp.o(.bss)
    .bss                                     0x20000b48   Section       32  bsp.o(.bss)
    m_alert_timer_id_data                    0x20000b48   Data          32  bsp.o(.bss)
    .bss                                     0x20000b68   Section       12  bsp.o(.bss)
    m_events_list                            0x20000b68   Data          12  bsp.o(.bss)
    .bss                                     0x20000b74   Section       32  bsp.o(.bss)
    m_button_timer_id_data                   0x20000b74   Data          32  bsp.o(.bss)
    .bss                                     0x20000b94   Section      128  ant_stack_config.o(.bss)
    ant_stack_buffer                         0x20000b94   Data         128  ant_stack_config.o(.bss)
    .bss                                     0x20000c14   Section       72  nrf_drv_gpiote.o(.bss)
    m_cb                                     0x20000c14   Data          72  nrf_drv_gpiote.o(.bss)
    .bss                                     0x20000c5c   Section       32  app_button.o(.bss)
    m_detection_delay_timer_id_data          0x20000c5c   Data          32  app_button.o(.bss)
    .bss                                     0x20000c7c   Section       34  softdevice_handler.o(.bss)
    m_ant_evt_buffer                         0x20000c7c   Data          34  softdevice_handler.o(.bss)
    STACK                                    0x20000ca0   Section     2048  arm_startup_nrf51.o(STACK)

    Global Symbols

    Symbol Name                              Value     Ov Type        Size  Object(Section)

    BuildAttributes$$THM_ISAv3M$S$PE$A:L22$X:L11$S22$IEEE1$IW$USESV6$~STKCKD$USESV7$~SHL$OSPACE$EBA8$MICROLIB$REQ8$PRES8$EABIv2 0x00000000   Number         0  anon$$obj.o ABSOLUTE
    __ARM_use_no_argv                        0x00000000   Number         0  main.o ABSOLUTE
    __cpp_initialize__aeabi_                  - Undefined Weak Reference
    __cxa_finalize                            - Undefined Weak Reference
    __decompress                              - Undefined Weak Reference
    _clock_init                               - Undefined Weak Reference
    _microlib_exit                            - Undefined Weak Reference
    assert_nrf_callback                       - Undefined Weak Reference
    __Vectors_Size                           0x000000c0   Number         0  arm_startup_nrf51.o ABSOLUTE
    __Vectors                                0x0000d000   Data           4  arm_startup_nrf51.o(RESET)
    __Vectors_End                            0x0000d0c0   Data           0  arm_startup_nrf51.o(RESET)
    __main                                   0x0000d0c1   Thumb Code     0  entry.o(.ARM.Collect$$$$00000000)
    _main_stk                                0x0000d0c1   Thumb Code     0  entry2.o(.ARM.Collect$$$$00000001)
    _main_scatterload                        0x0000d0c5   Thumb Code     0  entry5.o(.ARM.Collect$$$$00000004)
    __main_after_scatterload                 0x0000d0c9   Thumb Code     0  entry5.o(.ARM.Collect$$$$00000004)
    _main_clock                              0x0000d0c9   Thumb Code     0  entry7b.o(.ARM.Collect$$$$00000008)
    _main_cpp_init                           0x0000d0c9   Thumb Code     0  entry8b.o(.ARM.Collect$$$$0000000A)
    _main_init                               0x0000d0c9   Thumb Code     0  entry9a.o(.ARM.Collect$$$$0000000B)
    __rt_final_cpp                           0x0000d0d1   Thumb Code     0  entry10a.o(.ARM.Collect$$$$0000000D)
    __rt_final_exit                          0x0000d0d1   Thumb Code     0  entry11a.o(.ARM.Collect$$$$0000000F)
    __asm___11_app_timer_c_cd27f9c3__nrf_delay_us 0x0000d0d5   Thumb Code    30  app_timer.o(.emb_text)
    Reset_Handler                            0x0000d0f5   Thumb Code    26  arm_startup_nrf51.o(.text)
    NMI_Handler                              0x0000d10f   Thumb Code     2  arm_startup_nrf51.o(.text)
    HardFault_Handler                        0x0000d111   Thumb Code     2  arm_startup_nrf51.o(.text)
    SVC_Handler                              0x0000d113   Thumb Code     2  arm_startup_nrf51.o(.text)
    PendSV_Handler                           0x0000d115   Thumb Code     2  arm_startup_nrf51.o(.text)
    SysTick_Handler                          0x0000d117   Thumb Code     2  arm_startup_nrf51.o(.text)
    ADC_IRQHandler                           0x0000d119   Thumb Code     0  arm_startup_nrf51.o(.text)
    CCM_AAR_IRQHandler                       0x0000d119   Thumb Code     0  arm_startup_nrf51.o(.text)
    ECB_IRQHandler                           0x0000d119   Thumb Code     0  arm_startup_nrf51.o(.text)
    LPCOMP_IRQHandler                        0x0000d119   Thumb Code     0  arm_startup_nrf51.o(.text)
    POWER_CLOCK_IRQHandler                   0x0000d119   Thumb Code     0  arm_startup_nrf51.o(.text)
    QDEC_IRQHandler                          0x0000d119   Thumb Code     0  arm_startup_nrf51.o(.text)
    RADIO_IRQHandler                         0x0000d119   Thumb Code     0  arm_startup_nrf51.o(.text)
    RNG_IRQHandler                           0x0000d119   Thumb Code     0  arm_startup_nrf51.o(.text)
    RTC0_IRQHandler                          0x0000d119   Thumb Code     0  arm_startup_nrf51.o(.text)
    SPI0_TWI0_IRQHandler                     0x0000d119   Thumb Code     0  arm_startup_nrf51.o(.text)
    SPI1_TWI1_IRQHandler                     0x0000d119   Thumb Code     0  arm_startup_nrf51.o(.text)
    SWI1_IRQHandler                          0x0000d119   Thumb Code     0  arm_startup_nrf51.o(.text)
    SWI3_IRQHandler                          0x0000d119   Thumb Code     0  arm_startup_nrf51.o(.text)
    SWI4_IRQHandler                          0x0000d119   Thumb Code     0  arm_startup_nrf51.o(.text)
    SWI5_IRQHandler                          0x0000d119   Thumb Code     0  arm_startup_nrf51.o(.text)
    TEMP_IRQHandler                          0x0000d119   Thumb Code     0  arm_startup_nrf51.o(.text)
    TIMER0_IRQHandler                        0x0000d119   Thumb Code     0  arm_startup_nrf51.o(.text)
    TIMER1_IRQHandler                        0x0000d119   Thumb Code     0  arm_startup_nrf51.o(.text)
    TIMER2_IRQHandler                        0x0000d119   Thumb Code     0  arm_startup_nrf51.o(.text)
    UART0_IRQHandler                         0x0000d119   Thumb Code     0  arm_startup_nrf51.o(.text)
    WDT_IRQHandler                           0x0000d119   Thumb Code     0  arm_startup_nrf51.o(.text)
    __aeabi_uidiv                            0x0000d12d   Thumb Code     0  uidiv.o(.text)
    __aeabi_uidivmod                         0x0000d12d   Thumb Code    44  uidiv.o(.text)
    __scatterload                            0x0000d159   Thumb Code    28  init.o(.text)
    __scatterload_rt2                        0x0000d159   Thumb Code     0  init.o(.text)
    GPIOTE_IRQHandler                        0x0000d17d   Thumb Code   234  nrf_drv_gpiote.o(i.GPIOTE_IRQHandler)
    RTC1_IRQHandler                          0x0000d2c9   Thumb Code    28  app_timer.o(i.RTC1_IRQHandler)
    SWI0_IRQHandler                          0x0000d2e9   Thumb Code     8  app_timer.o(i.SWI0_IRQHandler)
    SWI2_IRQHandler                          0x0000d2f1   Thumb Code    32  softdevice_handler.o(i.SWI2_IRQHandler)
    SystemInit                               0x0000d315   Thumb Code   130  system_nrf51.o(i.SystemInit)
    __ARM_common_switch8                     0x0000d3b5   Thumb Code    26  bsp.o(i.__ARM_common_switch8)
    __scatterload_copy                       0x0000d3cf   Thumb Code    14  handlers.o(i.__scatterload_copy)
    __scatterload_null                       0x0000d3dd   Thumb Code     2  handlers.o(i.__scatterload_null)
    __scatterload_zeroinit                   0x0000d3df   Thumb Code    14  handlers.o(i.__scatterload_zeroinit)
    ant_channel_init                         0x0000d405   Thumb Code    56  ant_channel_config.o(i.ant_channel_init)
    ant_evt_dispatch                         0x0000d43d   Thumb Code    50  main.o(i.ant_evt_dispatch)
    ant_stack_static_config                  0x0000d471   Thumb Code    16  ant_stack_config.o(i.ant_stack_static_config)
    app_button_enable                        0x0000d485   Thumb Code    32  app_button.o(i.app_button_enable)
    app_button_init                          0x0000d4a9   Thumb Code   100  app_button.o(i.app_button_init)
    app_error_handler                        0x0000d51d   Thumb Code    18  app_error.o(i.app_error_handler)
    app_timer_create                         0x0000d539   Thumb Code    40  app_timer.o(i.app_timer_create)
    app_timer_init                           0x0000d565   Thumb Code   126  app_timer.o(i.app_timer_init)
    app_timer_start                          0x0000d5f5   Thumb Code   114  app_timer.o(i.app_timer_start)
    app_timer_stop                           0x0000d671   Thumb Code    78  app_timer.o(i.app_timer_stop)
    bsp_event_to_button_action_assign        0x0000d765   Thumb Code    66  bsp.o(i.bsp_event_to_button_action_assign)
    bsp_indication_set                       0x0000d7ad   Thumb Code    22  bsp.o(i.bsp_indication_set)
    bsp_init                                 0x0000d7c9   Thumb Code   132  bsp.o(i.bsp_init)
    intern_softdevice_events_execute         0x0000dc5d   Thumb Code   124  softdevice_handler.o(i.intern_softdevice_events_execute)
    main                                     0x0000ded1   Thumb Code   172  main.o(i.main)
    nrf_drv_common_irq_enable                0x0000df91   Thumb Code    78  nrf_drv_common.o(i.nrf_drv_common_irq_enable)
    nrf_drv_gpiote_in_event_enable           0x0000dff1   Thumb Code   138  nrf_drv_gpiote.o(i.nrf_drv_gpiote_in_event_enable)
    nrf_drv_gpiote_in_init                   0x0000e091   Thumb Code   146  nrf_drv_gpiote.o(i.nrf_drv_gpiote_in_init)
    nrf_drv_gpiote_in_is_set                 0x0000e135   Thumb Code    16  nrf_drv_gpiote.o(i.nrf_drv_gpiote_in_is_set)
    nrf_drv_gpiote_init                      0x0000e149   Thumb Code    76  nrf_drv_gpiote.o(i.nrf_drv_gpiote_init)
    nrf_drv_gpiote_is_init                   0x0000e19d   Thumb Code    12  nrf_drv_gpiote.o(i.nrf_drv_gpiote_is_init)
    softdevice_ant_evt_handler_set           0x0000e279   Thumb Code    16  softdevice_handler.o(i.softdevice_ant_evt_handler_set)
    softdevice_assertion_handler             0x0000e28d   Thumb Code    12  softdevice_handler.o(i.softdevice_assertion_handler)
    softdevice_handler_init                  0x0000e299   Thumb Code    24  softdevice_handler.o(i.softdevice_handler_init)
    Region$$Table$$Base                      0x0000e4e8   Number         0  anon$$obj.o(Region$$Table)
    Region$$Table$$Limit                     0x0000e508   Number         0  anon$$obj.o(Region$$Table)
    SystemCoreClock                          0x2000095c   Data           4  system_nrf51.o(.data)
    __initial_sp                             0x200014a0   Data           0  arm_startup_nrf51.o(STACK)



==============================================================================

Memory Map of the image

  Image Entry point : 0x0000d0c1

  Load Region LR_IROM1 (Base: 0x0000d000, Size: 0x00001568, Max: 0x00033000, ABSOLUTE)

    Execution Region ER_IROM1 (Base: 0x0000d000, Size: 0x00001508, Max: 0x00033000, ABSOLUTE)

    Base Addr    Size         Type   Attr      Idx    E Section Name        Object

    0x0000d000   0x000000c0   Data   RO          852    RESET               arm_startup_nrf51.o
    0x0000d0c0   0x00000000   Code   RO          894  * .ARM.Collect$$$$00000000  mc_p.l(entry.o)
    0x0000d0c0   0x00000004   Code   RO          899    .ARM.Collect$$$$00000001  mc_p.l(entry2.o)
    0x0000d0c4   0x00000004   Code   RO          902    .ARM.Collect$$$$00000004  mc_p.l(entry5.o)
    0x0000d0c8   0x00000000   Code   RO          904    .ARM.Collect$$$$00000008  mc_p.l(entry7b.o)
    0x0000d0c8   0x00000000   Code   RO          906    .ARM.Collect$$$$0000000A  mc_p.l(entry8b.o)
    0x0000d0c8   0x00000008   Code   RO          907    .ARM.Collect$$$$0000000B  mc_p.l(entry9a.o)
    0x0000d0d0   0x00000000   Code   RO          909    .ARM.Collect$$$$0000000D  mc_p.l(entry10a.o)
    0x0000d0d0   0x00000000   Code   RO          911    .ARM.Collect$$$$0000000F  mc_p.l(entry11a.o)
    0x0000d0d0   0x00000004   Code   RO          900    .ARM.Collect$$$$00002712  mc_p.l(entry2.o)
    0x0000d0d4   0x0000001e   Code   RO          635    .emb_text           app_timer.o
    0x0000d0f2   0x00000002   PAD
    0x0000d0f4   0x00000038   Code   RO          853    .text               arm_startup_nrf51.o
    0x0000d12c   0x0000002c   Code   RO          897    .text               mc_p.l(uidiv.o)
    0x0000d158   0x00000024   Code   RO          913    .text               mc_p.l(init.o)
    0x0000d17c   0x00000108   Code   RO          342    i.GPIOTE_IRQHandler  nrf_drv_gpiote.o
    0x0000d284   0x00000044   Code   RO          636    i.NVIC_SetPriority  app_timer.o
    0x0000d2c8   0x00000020   Code   RO          637    i.RTC1_IRQHandler   app_timer.o
    0x0000d2e8   0x00000008   Code   RO          638    i.SWI0_IRQHandler   app_timer.o
    0x0000d2f0   0x00000024   Code   RO          784    i.SWI2_IRQHandler   softdevice_handler.o
    0x0000d314   0x000000a0   Code   RO          860    i.SystemInit        system_nrf51.o
    0x0000d3b4   0x0000001a   Code   RO          241    i.__ARM_common_switch8  bsp.o
    0x0000d3ce   0x0000000e   Code   RO          917    i.__scatterload_copy  mc_p.l(handlers.o)
    0x0000d3dc   0x00000002   Code   RO          918    i.__scatterload_null  mc_p.l(handlers.o)
    0x0000d3de   0x0000000e   Code   RO          919    i.__scatterload_zeroinit  mc_p.l(handlers.o)
    0x0000d3ec   0x00000018   Code   RO          147    i.alert_timer_handler  bsp.o
    0x0000d404   0x00000038   Code   RO          254    i.ant_channel_init  ant_channel_config.o
    0x0000d43c   0x00000032   Code   RO            3    i.ant_evt_dispatch  main.o
    0x0000d46e   0x00000002   PAD
    0x0000d470   0x00000014   Code   RO          266    i.ant_stack_static_config  ant_stack_config.o
    0x0000d484   0x00000024   Code   RO          545    i.app_button_enable  app_button.o
    0x0000d4a8   0x00000074   Code   RO          546    i.app_button_init   app_button.o
    0x0000d51c   0x0000001c   Code   RO          612    i.app_error_handler  app_error.o
    0x0000d538   0x0000002c   Code   RO          641    i.app_timer_create  app_timer.o
    0x0000d564   0x00000090   Code   RO          642    i.app_timer_init    app_timer.o
    0x0000d5f4   0x0000007c   Code   RO          643    i.app_timer_start   app_timer.o
    0x0000d670   0x00000054   Code   RO          644    i.app_timer_stop    app_timer.o
    0x0000d6c4   0x000000a0   Code   RO          148    i.bsp_button_event_handler  bsp.o
    0x0000d764   0x00000048   Code   RO          153    i.bsp_event_to_button_action_assign  bsp.o
    0x0000d7ac   0x0000001c   Code   RO          154    i.bsp_indication_set  bsp.o
    0x0000d7c8   0x000000a0   Code   RO          156    i.bsp_init          bsp.o
    0x0000d868   0x000001dc   Code   RO          157    i.bsp_led_indication  bsp.o
    0x0000da44   0x0000000c   Code   RO          159    i.button_timer_handler  bsp.o
    0x0000da50   0x0000001c   Code   RO          343    i.channel_free      nrf_drv_gpiote.o
    0x0000da6c   0x00000048   Code   RO          344    i.channel_port_alloc  nrf_drv_gpiote.o
    0x0000dab4   0x00000010   Code   RO          345    i.channel_port_get  nrf_drv_gpiote.o
    0x0000dac4   0x000000a8   Code   RO          646    i.compare_reg_update  app_timer.o
    0x0000db6c   0x00000060   Code   RO          548    i.detection_delay_timeout_handler  app_button.o
    0x0000dbcc   0x00000040   Code   RO          647    i.elapsed_ticks_acquire  app_timer.o
    0x0000dc0c   0x00000050   Code   RO          549    i.gpiote_event_handler  app_button.o
    0x0000dc5c   0x00000084   Code   RO          785    i.intern_softdevice_events_execute  softdevice_handler.o
    0x0000dce0   0x00000048   Code   RO          861    i.is_manual_peripheral_setup_needed  system_nrf51.o
    0x0000dd28   0x00000018   Code   RO          160    i.leds_timer_handler  bsp.o
    0x0000dd40   0x000000bc   Code   RO          648    i.list_deletions_handler  app_timer.o
    0x0000ddfc   0x000000d4   Code   RO          649    i.list_insertions_handler  app_timer.o
    0x0000ded0   0x000000c0   Code   RO            4    i.main              main.o
    0x0000df90   0x00000060   Code   RO          316    i.nrf_drv_common_irq_enable  nrf_drv_common.o
    0x0000dff0   0x000000a0   Code   RO          348    i.nrf_drv_gpiote_in_event_enable  nrf_drv_gpiote.o
    0x0000e090   0x000000a4   Code   RO          349    i.nrf_drv_gpiote_in_init  nrf_drv_gpiote.o
    0x0000e134   0x00000014   Code   RO          350    i.nrf_drv_gpiote_in_is_set  nrf_drv_gpiote.o
    0x0000e148   0x00000054   Code   RO          352    i.nrf_drv_gpiote_init  nrf_drv_gpiote.o
    0x0000e19c   0x00000010   Code   RO          353    i.nrf_drv_gpiote_is_init  nrf_drv_gpiote.o
    0x0000e1ac   0x00000024   Code   RO          365    i.nrf_gpio_cfg      nrf_drv_gpiote.o
    0x0000e1d0   0x00000020   Code   RO          367    i.nrf_gpio_cfg_sense_set  nrf_drv_gpiote.o
    0x0000e1f0   0x00000014   Code   RO          368    i.nrf_gpiote_event_is_set  nrf_drv_gpiote.o
    0x0000e204   0x00000018   Code   RO          369    i.pin_in_use_by_port  nrf_drv_gpiote.o
    0x0000e21c   0x00000018   Code   RO          370    i.pin_in_use_by_te  nrf_drv_gpiote.o
    0x0000e234   0x00000044   Code   RO          650    i.rtc1_stop         app_timer.o
    0x0000e278   0x00000014   Code   RO          786    i.softdevice_ant_evt_handler_set  softdevice_handler.o
    0x0000e28c   0x0000000c   Code   RO          787    i.softdevice_assertion_handler  softdevice_handler.o
    0x0000e298   0x00000020   Code   RO          788    i.softdevice_handler_init  softdevice_handler.o
    0x0000e2b8   0x00000084   Code   RO          651    i.timer_list_handler  app_timer.o
    0x0000e33c   0x00000010   Code   RO          652    i.timer_list_handler_sched  app_timer.o
    0x0000e34c   0x00000040   Code   RO          653    i.timer_list_insert  app_timer.o
    0x0000e38c   0x00000084   Code   RO          654    i.timer_timeouts_check  app_timer.o
    0x0000e410   0x00000054   Code   RO          655    i.user_id_get       app_timer.o
    0x0000e464   0x00000026   Code   RO          656    i.user_op_alloc     app_timer.o
    0x0000e48a   0x00000002   PAD
    0x0000e48c   0x0000000c   Data   RO            6    .constdata          main.o
    0x0000e498   0x0000003c   Data   RO          165    .constdata          bsp.o
    0x0000e4d4   0x0000000c   Data   RO          268    .constdata          ant_stack_config.o
    0x0000e4e0   0x00000008   Data   RO          551    .constdata          app_button.o
    0x0000e4e8   0x00000020   Data   RO          915    Region$$Table       anon$$obj.o


    Execution Region RW_IRAM1 (Base: 0x20000900, Size: 0x00000ba0, Max: 0x00003700, ABSOLUTE)

    Base Addr    Size         Type   Attr      Idx    E Section Name        Object

    0x20000900   0x00000018   Data   RW          166    .data               bsp.o
    0x20000918   0x00000014   Data   RW          552    .data               app_button.o
    0x2000092c   0x00000020   Data   RW          657    .data               app_timer.o
    0x2000094c   0x00000010   Data   RW          793    .data               softdevice_handler.o
    0x2000095c   0x00000004   Data   RW          862    .data               system_nrf51.o
    0x20000960   0x000001c8   Zero   RW            5    .bss                main.o
    0x20000b28   0x00000020   Zero   RW          161    .bss                bsp.o
    0x20000b48   0x00000020   Zero   RW          162    .bss                bsp.o
    0x20000b68   0x0000000c   Zero   RW          163    .bss                bsp.o
    0x20000b74   0x00000020   Zero   RW          164    .bss                bsp.o
    0x20000b94   0x00000080   Zero   RW          267    .bss                ant_stack_config.o
    0x20000c14   0x00000048   Zero   RW          371    .bss                nrf_drv_gpiote.o
    0x20000c5c   0x00000020   Zero   RW          550    .bss                app_button.o
    0x20000c7c   0x00000022   Zero   RW          792    .bss                softdevice_handler.o
    0x20000c9e   0x00000002   PAD
    0x20000ca0   0x00000800   Zero   RW          850    STACK               arm_startup_nrf51.o


==============================================================================

Image component sizes


      Code (inc. data)   RO Data    RW Data    ZI Data      Debug   Object Name

        56          0          0          0          0       1303   ant_channel_config.o
        20          4         12          0        128       1806   ant_stack_config.o
       328         34          8         20         32       8806   app_button.o
        28         10          0          0          0       7628   app_error.o
      1700        152          0         32          0      30291   app_timer.o
        56         18        192          0       2048        680   arm_startup_nrf51.o
       982        108         60         24        108       8244   bsp.o
       242         20         12          0        456      59510   main.o
        96         18          0          0          0       8388   nrf_drv_common.o
       960        128          0          0         72      22864   nrf_drv_gpiote.o
       232         24          0         16         34       5435   softdevice_handler.o
       232         36          0          4          0       2239   system_nrf51.o

    ----------------------------------------------------------------------
      4938        552        316         96       2880     157194   Object Totals
         0          0         32          0          0          0   (incl. Generated)
         6          0          0          0          2          0   (incl. Padding)

    ----------------------------------------------------------------------

      Code (inc. data)   RO Data    RW Data    ZI Data      Debug   Library Member Name

         0          0          0          0          0          0   entry.o
         0          0          0          0          0          0   entry10a.o
         0          0          0          0          0          0   entry11a.o
         8          4          0          0          0          0   entry2.o
         4          0          0          0          0          0   entry5.o
         0          0          0          0          0          0   entry7b.o
         0          0          0          0          0          0   entry8b.o
         8          4          0          0          0          0   entry9a.o
        30          0          0          0          0          0   handlers.o
        36          8          0          0          0         68   init.o
        44          0          0          0          0         72   uidiv.o

    ----------------------------------------------------------------------
       130         16          0          0          0        140   Library Totals
         0          0          0          0          0          0   (incl. Padding)

    ----------------------------------------------------------------------

      Code (inc. data)   RO Data    RW Data    ZI Data      Debug   Library Name

       130         16          0          0          0        140   mc_p.l

    ----------------------------------------------------------------------
       130         16          0          0          0        140   Library Totals

    ----------------------------------------------------------------------

==============================================================================


      Code (inc. data)   RO Data    RW Data    ZI Data      Debug   

      5068        568        316         96       2880     155014   Grand Totals
      5068        568        316         96       2880     155014   ELF Image Totals
      5068        568        316         96          0          0   ROM Totals

==============================================================================

    Total RO  Size (Code + RO Data)                 5384 (   5.26kB)
    Total RW  Size (RW Data + ZI Data)              2976 (   2.91kB)
    Total ROM Size (Code + RO Data + RW Data)       5480 (   5.35kB)

==============================================================================

