Component: ARM Compiler 5.06 update 3 (build 300) Tool: armlink [4d35c9]

==============================================================================

Section Cross References

    main.o(i.advertising_init) refers to memseta.o(.text) for __aeabi_memclr4
    main.o(i.advertising_init) refers to ble_advertising.o(i.ble_advertising_init) for ble_advertising_init
    main.o(i.advertising_init) refers to app_error.o(i.app_error_handler) for app_error_handler
    main.o(i.advertising_init) refers to main.o(.data) for .data
    main.o(i.advertising_init) refers to main.o(i.on_adv_evt) for on_adv_evt
    main.o(i.assert_nrf_callback) refers to app_error.o(i.app_error_handler) for app_error_handler
    main.o(i.ble_evt_dispatch) refers to ble_conn_params.o(i.ble_conn_params_on_ble_evt) for ble_conn_params_on_ble_evt
    main.o(i.ble_evt_dispatch) refers to ble_nus.o(i.ble_nus_on_ble_evt) for ble_nus_on_ble_evt
    main.o(i.ble_evt_dispatch) refers to main.o(i.on_ble_evt) for on_ble_evt
    main.o(i.ble_evt_dispatch) refers to ble_advertising.o(i.ble_advertising_on_ble_evt) for ble_advertising_on_ble_evt
    main.o(i.ble_evt_dispatch) refers to bsp_btn_ble.o(i.bsp_btn_ble_on_ble_evt) for bsp_btn_ble_on_ble_evt
    main.o(i.ble_evt_dispatch) refers to main.o(.bss) for .bss
    main.o(i.bsp_event_handler) refers to main.o(i.sleep_mode_enter) for sleep_mode_enter
    main.o(i.bsp_event_handler) refers to app_error.o(i.app_error_handler) for app_error_handler
    main.o(i.bsp_event_handler) refers to ble_advertising.o(i.ble_advertising_restart_without_whitelist) for ble_advertising_restart_without_whitelist
    main.o(i.bsp_event_handler) refers to main.o(.data) for .data
    main.o(i.conn_params_error_handler) refers to app_error.o(i.app_error_handler) for app_error_handler
    main.o(i.main) refers to app_timer.o(i.app_timer_init) for app_timer_init
    main.o(i.main) refers to app_error.o(i.app_error_handler) for app_error_handler
    main.o(i.main) refers to app_uart_fifo.o(i.app_uart_init) for app_uart_init
    main.o(i.main) refers to bsp.o(i.bsp_init) for bsp_init
    main.o(i.main) refers to bsp_btn_ble.o(i.bsp_btn_ble_init) for bsp_btn_ble_init
    main.o(i.main) refers to softdevice_handler.o(i.softdevice_handler_init) for softdevice_handler_init
    main.o(i.main) refers to softdevice_handler.o(i.softdevice_ble_evt_handler_set) for softdevice_ble_evt_handler_set
    main.o(i.main) refers to ble_nus.o(i.ble_nus_init) for ble_nus_init
    main.o(i.main) refers to main.o(i.advertising_init) for advertising_init
    main.o(i.main) refers to memseta.o(.text) for __aeabi_memclr4
    main.o(i.main) refers to ble_conn_params.o(i.ble_conn_params_init) for ble_conn_params_init
    main.o(i.main) refers to printf2.o(i.__0printf$2) for __2printf
    main.o(i.main) refers to ble_advertising.o(i.ble_advertising_start) for ble_advertising_start
    main.o(i.main) refers to main.o(.bss) for .bss
    main.o(i.main) refers to main.o(.constdata) for .constdata
    main.o(i.main) refers to main.o(i.uart_event_handle) for uart_event_handle
    main.o(i.main) refers to main.o(i.bsp_event_handler) for bsp_event_handler
    main.o(i.main) refers to main.o(i.ble_evt_dispatch) for ble_evt_dispatch
    main.o(i.main) refers to main.o(i.nus_data_handler) for nus_data_handler
    main.o(i.main) refers to main.o(i.on_conn_params_evt) for on_conn_params_evt
    main.o(i.main) refers to main.o(i.conn_params_error_handler) for conn_params_error_handler
    main.o(i.nus_data_handler) refers to app_uart_fifo.o(i.app_uart_put) for app_uart_put
    main.o(i.on_adv_evt) refers to bsp.o(i.bsp_indication_set) for bsp_indication_set
    main.o(i.on_adv_evt) refers to app_error.o(i.app_error_handler) for app_error_handler
    main.o(i.on_adv_evt) refers to main.o(i.sleep_mode_enter) for sleep_mode_enter
    main.o(i.on_ble_evt) refers to app_error.o(i.app_error_handler) for app_error_handler
    main.o(i.on_ble_evt) refers to bsp.o(i.bsp_indication_set) for bsp_indication_set
    main.o(i.on_ble_evt) refers to main.o(.data) for .data
    main.o(i.on_conn_params_evt) refers to app_error.o(i.app_error_handler) for app_error_handler
    main.o(i.on_conn_params_evt) refers to main.o(.data) for .data
    main.o(i.sleep_mode_enter) refers to bsp.o(i.bsp_indication_set) for bsp_indication_set
    main.o(i.sleep_mode_enter) refers to app_error.o(i.app_error_handler) for app_error_handler
    main.o(i.sleep_mode_enter) refers to bsp_btn_ble.o(i.bsp_btn_ble_sleep_mode_prepare) for bsp_btn_ble_sleep_mode_prepare
    main.o(i.uart_event_handle) refers to app_error.o(i.app_error_handler) for app_error_handler
    main.o(i.uart_event_handle) refers to app_uart_fifo.o(i.app_uart_get) for app_uart_get
    main.o(i.uart_event_handle) refers to ble_nus.o(i.ble_nus_string_send) for ble_nus_string_send
    main.o(i.uart_event_handle) refers to main.o(.bss) for .bss
    main.o(i.uart_event_handle) refers to main.o(.data) for .data
[...]


==============================================================================

Removing Unused input sections from the image.

    Removing main.o(.rev16_text), (4 bytes).
    Removing main.o(.revsh_text), (4 bytes).
    Removing main.o(i.assert_nrf_callback), (20 bytes).
    Removing bsp.o(.rev16_text), (4 bytes).
    Removing bsp.o(.revsh_text), (4 bytes).
    Removing bsp.o(i.bsp_buttons_disable), (8 bytes).
    Removing bsp.o(i.bsp_buttons_enable), (8 bytes).
    Removing bsp.o(i.bsp_buttons_state_get), (60 bytes).
    Removing bsp.o(i.bsp_indication_text_set), (8 bytes).
    Removing bsp_btn_ble.o(.rev16_text), (4 bytes).
    Removing bsp_btn_ble.o(.revsh_text), (4 bytes).
    Removing ant_channel_config.o(i.ant_channel_init), (56 bytes).
    Removing ant_stack_config.o(i.ant_stack_static_config), (20 bytes).
    Removing ant_stack_config.o(.bss), (128 bytes).
    Removing ant_stack_config.o(.constdata), (12 bytes).
    Removing ble_advertising.o(.rev16_text), (4 bytes).
    Removing ble_advertising.o(.revsh_text), (4 bytes).
    Removing ble_advertising.o(i.ble_advertising_on_sys_evt), (48 bytes).
    Removing ble_advertising.o(i.ble_advertising_peer_addr_reply), (48 bytes).
    Removing ble_advertising.o(i.ble_advertising_whitelist_reply), (84 bytes).
    Removing ble_conn_params.o(i.ble_conn_params_change_conn_params), (80 bytes).
    Removing ble_conn_params.o(i.ble_conn_params_stop), (16 bytes).
    Removing ble_srv_common.o(i.ble_srv_ascii_to_utf8), (18 bytes).
    Removing ble_srv_common.o(i.ble_srv_report_ref_encode), (12 bytes).
    Removing ble_srv_common.o(i.characteristic_add), (400 bytes).
    Removing ble_srv_common.o(i.descriptor_add), (176 bytes).
    Removing ble_srv_common.o(i.set_security_req), (46 bytes).
    Removing app_uart_fifo.o(.rev16_text), (4 bytes).
    Removing app_uart_fifo.o(.revsh_text), (4 bytes).
    Removing app_uart_fifo.o(i.app_uart_close), (10 bytes).
    Removing app_uart_fifo.o(i.app_uart_flush), (28 bytes).
    Removing nrf_delay.o(.rev16_text), (4 bytes).
    Removing nrf_delay.o(.revsh_text), (4 bytes).
    Removing nrf_delay.o(.emb_text), (30 bytes).
    Removing nrf_delay.o(i.nrf_delay_ms), (28 bytes).
    Removing nrf_drv_common.o(.rev16_text), (4 bytes).
    Removing nrf_drv_common.o(.revsh_text), (4 bytes).
    Removing nrf_drv_gpiote.o(.rev16_text), (4 bytes).
    Removing nrf_drv_gpiote.o(.revsh_text), (4 bytes).
    Removing nrf_drv_gpiote.o(i.nrf_drv_gpiote_in_event_addr_get), (24 bytes).
    Removing nrf_drv_gpiote.o(i.nrf_drv_gpiote_in_event_disable), (72 bytes).
    Removing nrf_drv_gpiote.o(i.nrf_drv_gpiote_in_uninit), (76 bytes).
    Removing nrf_drv_gpiote.o(i.nrf_drv_gpiote_out_clear), (16 bytes).
    Removing nrf_drv_gpiote.o(i.nrf_drv_gpiote_out_init), (152 bytes).
    Removing nrf_drv_gpiote.o(i.nrf_drv_gpiote_out_set), (16 bytes).
    Removing nrf_drv_gpiote.o(i.nrf_drv_gpiote_out_task_addr_get), (20 bytes).
    Removing nrf_drv_gpiote.o(i.nrf_drv_gpiote_out_task_disable), (32 bytes).
    Removing nrf_drv_gpiote.o(i.nrf_drv_gpiote_out_task_enable), (48 bytes).
    Removing nrf_drv_gpiote.o(i.nrf_drv_gpiote_out_task_force), (44 bytes).
    Removing nrf_drv_gpiote.o(i.nrf_drv_gpiote_out_task_trigger), (24 bytes).
    Removing nrf_drv_gpiote.o(i.nrf_drv_gpiote_out_toggle), (28 bytes).
    Removing nrf_drv_gpiote.o(i.nrf_drv_gpiote_out_uninit), (68 bytes).
    Removing nrf_drv_gpiote.o(i.nrf_drv_gpiote_uninit), (56 bytes).
    Removing nrf_drv_gpiote.o(i.nrf_gpio_cfg_default), (18 bytes).
    Removing nrf_drv_uart.o(.rev16_text), (4 bytes).
    Removing nrf_drv_uart.o(.revsh_text), (4 bytes).
    Removing nrf_drv_uart.o(i.nrf_drv_uart_errorsrc_get), (28 bytes).
    Removing nrf_drv_uart.o(i.nrf_drv_uart_rx_abort), (24 bytes).
    Removing nrf_drv_uart.o(i.nrf_drv_uart_rx_disable), (24 bytes).
    Removing nrf_drv_uart.o(i.nrf_drv_uart_tx_abort), (44 bytes).
    Removing nrf_drv_uart.o(i.nrf_drv_uart_uninit), (108 bytes).
    Removing nrf_drv_uart.o(i.nrf_gpio_cfg_default), (18 bytes).
    Removing pstorage.o(.rev16_text), (4 bytes).
    Removing pstorage.o(.revsh_text), (4 bytes).
    Removing pstorage.o(i.app_notify), (44 bytes).
    Removing pstorage.o(i.app_notify_error_state_transit), (32 bytes).
    Removing pstorage.o(i.clear_operation_execute), (260 bytes).
    Removing pstorage.o(i.clear_post_processing_run), (36 bytes).
    Removing pstorage.o(i.cmd_process), (56 bytes).
    Removing pstorage.o(i.cmd_queue_element_init), (32 bytes).
    Removing pstorage.o(i.cmd_queue_enqueue), (76 bytes).
    Removing pstorage.o(i.command_end_procedure_run), (60 bytes).
    Removing pstorage.o(i.data_page_erase_state_run), (84 bytes).
    Removing pstorage.o(i.data_to_swap_write_state_run), (40 bytes).
    Removing pstorage.o(i.flash_api_err_code_process), (32 bytes).
    Removing pstorage.o(i.flash_operation_success_run), (128 bytes).
    Removing pstorage.o(i.flash_page_erase), (10 bytes).
    Removing pstorage.o(i.flash_write), (10 bytes).
    Removing pstorage.o(i.head_restore_state_run), (120 bytes).
    Removing pstorage.o(i.is_page_erase_required), (68 bytes).
    Removing pstorage.o(i.is_word_aligned), (12 bytes).
    Removing pstorage.o(i.main_state_err_busy_process), (24 bytes).
    Removing pstorage.o(i.pstorage_block_identifier_get), (84 bytes).
    Removing pstorage.o(i.pstorage_clear), (164 bytes).
    Removing pstorage.o(i.pstorage_flash_page_end), (36 bytes).
    Removing pstorage.o(i.pstorage_flash_page_size), (10 bytes).
    Removing pstorage.o(i.pstorage_init), (76 bytes).
    Removing pstorage.o(i.pstorage_load), (168 bytes).
    Removing pstorage.o(i.pstorage_register), (188 bytes).
    Removing pstorage.o(i.pstorage_store), (144 bytes).
    Removing pstorage.o(i.pstorage_sys_event_handler), (76 bytes).
    Removing pstorage.o(i.pstorage_update), (144 bytes).
    Removing pstorage.o(i.sm_state_change), (72 bytes).
    Removing pstorage.o(i.state_data_erase_swap_entry_run), (100 bytes).
    Removing pstorage.o(i.state_erase_data_page_entry_run), (16 bytes).
    Removing pstorage.o(i.state_restore_head_entry_run), (40 bytes).
    Removing pstorage.o(i.state_restore_tail_entry_run), (76 bytes).
    Removing pstorage.o(i.state_swap_erase_entry_run), (32 bytes).
    Removing pstorage.o(i.state_write_data_swap_entry_run), (48 bytes).
    Removing pstorage.o(i.store_cmd_flash_write_execute), (92 bytes).
    Removing pstorage.o(i.swap_erase_state_run), (28 bytes).
    Removing pstorage.o(i.swap_sub_state_err_busy_process), (24 bytes).
    Removing pstorage.o(i.swap_sub_state_state_change), (20 bytes).
    Removing pstorage.o(i.tail_restore_state_run), (28 bytes).
    Removing pstorage.o(.constdata), (40 bytes).
    Removing app_button.o(.rev16_text), (4 bytes).
    Removing app_button.o(.revsh_text), (4 bytes).
    Removing app_button.o(i.app_button_disable), (44 bytes).
    Removing app_button.o(i.app_button_is_pushed), (44 bytes).
    Removing app_error.o(.rev16_text), (4 bytes).
    Removing app_error.o(.revsh_text), (4 bytes).
    Removing app_fifo.o(i.app_fifo_flush), (8 bytes).
    Removing app_fifo.o(i.app_fifo_read), (70 bytes).
    Removing app_fifo.o(i.app_fifo_write), (74 bytes).
    Removing app_timer.o(.rev16_text), (4 bytes).
    Removing app_timer.o(.revsh_text), (4 bytes).
    Removing app_timer.o(i.app_timer_cnt_diff_compute), (12 bytes).
    Removing app_timer.o(i.app_timer_cnt_get), (16 bytes).
    Removing app_timer.o(i.app_timer_stop_all), (68 bytes).
    Removing retarget.o(.rev16_text), (4 bytes).
    Removing retarget.o(.revsh_text), (4 bytes).
    Removing retarget.o(i.fgetc), (18 bytes).
    Removing retarget.o(.data), (4 bytes).
    Removing softdevice_handler.o(.rev16_text), (4 bytes).
    Removing softdevice_handler.o(.revsh_text), (4 bytes).
    Removing softdevice_handler.o(i.softdevice_handler_isEnabled), (12 bytes).
    Removing softdevice_handler.o(i.softdevice_handler_sd_disable), (24 bytes).
    Removing softdevice_handler.o(i.softdevice_sys_evt_handler_set), (20 bytes).
    Removing arm_startup_nrf51.o(HEAP), (2048 bytes).
    Removing system_nrf51.o(.rev16_text), (4 bytes).
    Removing system_nrf51.o(.revsh_text), (4 bytes).
    Removing system_nrf51.o(i.SystemCoreClockUpdate), (16 bytes).
    Removing dadd.o(.text), (356 bytes).
    Removing dmul.o(.text), (208 bytes).
    Removing ddiv.o(.text), (240 bytes).
    Removing dfixul.o(.text), (64 bytes).
    Removing cdrcmple.o(.text), (40 bytes).
    Removing depilogue.o(.text), (190 bytes).
    Removing depilogue.o(i.__ARM_clz), (46 bytes).

139 unused section(s) (total 8864 bytes) removed from the image.

==============================================================================

Image Symbol Table

    Local Symbols

    Symbol Name                              Value     Ov Type        Size  Object(Section)

    ../clib/microlib/division.c              0x00000000   Number         0  idiv.o ABSOLUTE
    ../clib/microlib/division.c              0x00000000   Number         0  uldiv.o ABSOLUTE
    ../clib/microlib/division.c              0x00000000   Number         0  uidiv.o ABSOLUTE
    ../clib/microlib/init/entry.s            0x00000000   Number         0  entry10a.o ABSOLUTE
    ../clib/microlib/init/entry.s            0x00000000   Number         0  entry10b.o ABSOLUTE
    ../clib/microlib/init/entry.s            0x00000000   Number         0  entry11a.o ABSOLUTE
    ../clib/microlib/init/entry.s            0x00000000   Number         0  entry11b.o ABSOLUTE
    ../clib/microlib/init/entry.s            0x00000000   Number         0  entry9b.o ABSOLUTE
    ../clib/microlib/init/entry.s            0x00000000   Number         0  entry2.o ABSOLUTE
    ../clib/microlib/init/entry.s            0x00000000   Number         0  entry5.o ABSOLUTE
    ../clib/microlib/init/entry.s            0x00000000   Number         0  entry7a.o ABSOLUTE
    ../clib/microlib/init/entry.s            0x00000000   Number         0  entry.o ABSOLUTE
    ../clib/microlib/init/entry.s            0x00000000   Number         0  entry7b.o ABSOLUTE
    ../clib/microlib/init/entry.s            0x00000000   Number         0  entry8a.o ABSOLUTE
    ../clib/microlib/init/entry.s            0x00000000   Number         0  entry8b.o ABSOLUTE
    ../clib/microlib/init/entry.s            0x00000000   Number         0  entry9a.o ABSOLUTE
    ../clib/microlib/longlong.c              0x00000000   Number         0  llshl.o ABSOLUTE
    ../clib/microlib/longlong.c              0x00000000   Number         0  llushr.o ABSOLUTE
    ../clib/microlib/longlong.c              0x00000000   Number         0  llsshr.o ABSOLUTE
    ../clib/microlib/printf/printf.c         0x00000000   Number         0  printfa.o ABSOLUTE
    ../clib/microlib/printf/printf.c         0x00000000   Number         0  printf6.o ABSOLUTE
    ../clib/microlib/printf/printf.c         0x00000000   Number         0  printf5.o ABSOLUTE
    ../clib/microlib/printf/printf.c         0x00000000   Number         0  printf4.o ABSOLUTE
    ../clib/microlib/printf/printf.c         0x00000000   Number         0  printf3.o ABSOLUTE
    ../clib/microlib/printf/printf.c         0x00000000   Number         0  printf8.o ABSOLUTE
    ../clib/microlib/printf/printf.c         0x00000000   Number         0  printf2.o ABSOLUTE
    ../clib/microlib/printf/printf.c         0x00000000   Number         0  printf1.o ABSOLUTE
    ../clib/microlib/printf/printf.c         0x00000000   Number         0  printf0.o ABSOLUTE
    ../clib/microlib/printf/printf.c         0x00000000   Number         0  printfb.o ABSOLUTE
    ../clib/microlib/printf/printf.c         0x00000000   Number         0  printf7.o ABSOLUTE
    ../clib/microlib/printf/stubs.s          0x00000000   Number         0  stubs.o ABSOLUTE
    ../clib/microlib/string/memcpy.c         0x00000000   Number         0  memcpyb.o ABSOLUTE
    ../clib/microlib/string/memcpy.c         0x00000000   Number         0  memcpya.o ABSOLUTE
    ../clib/microlib/string/memset.c         0x00000000   Number         0  memseta.o ABSOLUTE
    ../clib/microlib/string/strlen.c         0x00000000   Number         0  strlen.o ABSOLUTE
    ../clib/microlib/stubs.s                 0x00000000   Number         0  iusefp.o ABSOLUTE
    ../fplib/microlib/fpadd.c                0x00000000   Number         0  dadd.o ABSOLUTE
    ../fplib/microlib/fpdiv.c                0x00000000   Number         0  ddiv.o ABSOLUTE
    ../fplib/microlib/fpepilogue.c           0x00000000   Number         0  depilogue.o ABSOLUTE
    ../fplib/microlib/fpfix.c                0x00000000   Number         0  dfixul.o ABSOLUTE
    ../fplib/microlib/fpmul.c                0x00000000   Number         0  dmul.o ABSOLUTE
    ..\..\..\..\..\..\components\ant\ant_channel_config\ant_channel_config.c 0x00000000   Number         0  ant_channel_config.o ABSOLUTE
    ..\..\..\..\..\..\components\ant\ant_stack_config\ant_stack_config.c 0x00000000   Number         0  ant_stack_config.o ABSOLUTE
    ..\..\..\..\..\..\components\ble\ble_advertising\ble_advertising.c 0x00000000   Number         0  ble_advertising.o ABSOLUTE
    ..\..\..\..\..\..\components\ble\ble_services\ble_nus\ble_nus.c 0x00000000   Number         0  ble_nus.o ABSOLUTE
    ..\..\..\..\..\..\components\ble\common\ble_advdata.c 0x00000000   Number         0  ble_advdata.o ABSOLUTE
    ..\..\..\..\..\..\components\ble\common\ble_conn_params.c 0x00000000   Number         0  ble_conn_params.o ABSOLUTE
    ..\..\..\..\..\..\components\ble\common\ble_srv_common.c 0x00000000   Number         0  ble_srv_common.o ABSOLUTE
    ..\..\..\..\..\..\components\drivers_nrf\common\nrf_drv_common.c 0x00000000   Number         0  nrf_drv_common.o ABSOLUTE
    ..\..\..\..\..\..\components\drivers_nrf\delay\nrf_delay.c 0x00000000   Number         0  nrf_delay.o ABSOLUTE
    ..\..\..\..\..\..\components\drivers_nrf\gpiote\nrf_drv_gpiote.c 0x00000000   Number         0  nrf_drv_gpiote.o ABSOLUTE
    ..\..\..\..\..\..\components\drivers_nrf\pstorage\pstorage.c 0x00000000   Number         0  pstorage.o ABSOLUTE
    ..\..\..\..\..\..\components\drivers_nrf\uart\nrf_drv_uart.c 0x00000000   Number         0  nrf_drv_uart.o ABSOLUTE
    ..\..\..\..\..\..\components\libraries\button\app_button.c 0x00000000   Number         0  app_button.o ABSOLUTE
    ..\..\..\..\..\..\components\libraries\fifo\app_fifo.c 0x00000000   Number         0  app_fifo.o ABSOLUTE
    ..\..\..\..\..\..\components\libraries\timer\app_timer.c 0x00000000   Number         0  app_timer.o ABSOLUTE
    ..\..\..\..\..\..\components\libraries\trace\app_trace.c 0x00000000   Number         0  app_trace.o ABSOLUTE
    ..\..\..\..\..\..\components\libraries\uart\app_uart_fifo.c 0x00000000   Number         0  app_uart_fifo.o ABSOLUTE
    ..\..\..\..\..\..\components\libraries\uart\retarget.c 0x00000000   Number         0  retarget.o ABSOLUTE
    ..\..\..\..\..\..\components\libraries\util\app_error.c 0x00000000   Number         0  app_error.o ABSOLUTE
    ..\..\..\..\..\..\components\libraries\util\nrf_assert.c 0x00000000   Number         0  nrf_assert.o ABSOLUTE
    ..\..\..\..\..\..\components\softdevice\common\softdevice_handler\softdevice_handler.c 0x00000000   Number         0  softdevice_handler.o ABSOLUTE
    ..\..\..\..\..\bsp\bsp.c                 0x00000000   Number         0  bsp.o ABSOLUTE
    ..\..\..\..\..\bsp\bsp_btn_ble.c         0x00000000   Number         0  bsp_btn_ble.o ABSOLUTE
    ..\..\..\main.c                          0x00000000   Number         0  main.o ABSOLUTE
    ..\\..\\..\\..\\..\\..\\components\\ble\\ble_advertising\\ble_advertising.c 0x00000000   Number         0  ble_advertising.o ABSOLUTE
    ..\\..\\..\\..\\..\\..\\components\\drivers_nrf\\common\\nrf_drv_common.c 0x00000000   Number         0  nrf_drv_common.o ABSOLUTE
    ..\\..\\..\\..\\..\\..\\components\\drivers_nrf\\delay\\nrf_delay.c 0x00000000   Number         0  nrf_delay.o ABSOLUTE
    ..\\..\\..\\..\\..\\..\\components\\drivers_nrf\\gpiote\\nrf_drv_gpiote.c 0x00000000   Number         0  nrf_drv_gpiote.o ABSOLUTE
    ..\\..\\..\\..\\..\\..\\components\\drivers_nrf\\pstorage\\pstorage.c 0x00000000   Number         0  pstorage.o ABSOLUTE
    ..\\..\\..\\..\\..\\..\\components\\drivers_nrf\\uart\\nrf_drv_uart.c 0x00000000   Number         0  nrf_drv_uart.o ABSOLUTE
    ..\\..\\..\\..\\..\\..\\components\\libraries\\button\\app_button.c 0x00000000   Number         0  app_button.o ABSOLUTE
    ..\\..\\..\\..\\..\\..\\components\\libraries\\timer\\app_timer.c 0x00000000   Number         0  app_timer.o ABSOLUTE
    ..\\..\\..\\..\\..\\..\\components\\libraries\\uart\\app_uart_fifo.c 0x00000000   Number         0  app_uart_fifo.o ABSOLUTE
    ..\\..\\..\\..\\..\\..\\components\\libraries\\uart\\retarget.c 0x00000000   Number         0  retarget.o ABSOLUTE
    ..\\..\\..\\..\\..\\..\\components\\libraries\\util\\app_error.c 0x00000000   Number         0  app_error.o ABSOLUTE
    ..\\..\\..\\..\\..\\..\\components\\softdevice\\common\\softdevice_handler\\softdevice_handler.c 0x00000000   Number         0  softdevice_handler.o ABSOLUTE
    ..\\..\\..\\..\\..\\bsp\\bsp.c           0x00000000   Number         0  bsp.o ABSOLUTE
    ..\\..\\..\\..\\..\\bsp\\bsp_btn_ble.c   0x00000000   Number         0  bsp_btn_ble.o ABSOLUTE
    ..\\..\\..\\main.c                       0x00000000   Number         0  main.o ABSOLUTE
    RTE\Device\nRF51422_xxAC\arm_startup_nrf51.s 0x00000000   Number         0  arm_startup_nrf51.o ABSOLUTE
    RTE\Device\nRF51422_xxAC\system_nrf51.c  0x00000000   Number         0  system_nrf51.o ABSOLUTE
    RTE\\Device\\nRF51422_xxAC\\system_nrf51.c 0x00000000   Number         0  system_nrf51.o ABSOLUTE
    cdrcmple.s                               0x00000000   Number         0  cdrcmple.o ABSOLUTE
    dc.s                                     0x00000000   Number         0  dc.o ABSOLUTE
    handlers.s                               0x00000000   Number         0  handlers.o ABSOLUTE
    init.s                                   0x00000000   Number         0  init.o ABSOLUTE
    RESET                                    0x0001c000   Section      192  arm_startup_nrf51.o(RESET)
    .ARM.Collect$$$$00000000                 0x0001c0c0   Section        0  entry.o(.ARM.Collect$$$$00000000)
    .ARM.Collect$$$$00000001                 0x0001c0c0   Section        4  entry2.o(.ARM.Collect$$$$00000001)
    .ARM.Collect$$$$00000004                 0x0001c0c4   Section        4  entry5.o(.ARM.Collect$$$$00000004)
    .ARM.Collect$$$$00000008                 0x0001c0c8   Section        0  entry7b.o(.ARM.Collect$$$$00000008)
    .ARM.Collect$$$$0000000A                 0x0001c0c8   Section        0  entry8b.o(.ARM.Collect$$$$0000000A)
    .ARM.Collect$$$$0000000B                 0x0001c0c8   Section        8  entry9a.o(.ARM.Collect$$$$0000000B)
    .ARM.Collect$$$$0000000D                 0x0001c0d0   Section        0  entry10a.o(.ARM.Collect$$$$0000000D)
    .ARM.Collect$$$$0000000F                 0x0001c0d0   Section        0  entry11a.o(.ARM.Collect$$$$0000000F)
    .ARM.Collect$$$$00002712                 0x0001c0d0   Section        4  entry2.o(.ARM.Collect$$$$00002712)
    __lit__00000000                          0x0001c0d0   Data           4  entry2.o(.ARM.Collect$$$$00002712)
    .emb_text                                0x0001c0d4   Section       30  app_timer.o(.emb_text)
    .text                                    0x0001c0f4   Section       56  arm_startup_nrf51.o(.text)
    .text                                    0x0001c12c   Section        0  uidiv.o(.text)
    .text                                    0x0001c158   Section        0  memcpya.o(.text)
    .text                                    0x0001c17c   Section        0  memseta.o(.text)
    .text                                    0x0001c1a0   Section       36  init.o(.text)
    i.GPIOTE_IRQHandler                      0x0001c1c4   Section        0  nrf_drv_gpiote.o(i.GPIOTE_IRQHandler)
    i.NVIC_SetPriority                       0x0001c2cc   Section        0  app_timer.o(i.NVIC_SetPriority)
    NVIC_SetPriority                         0x0001c2cd   Thumb Code    60  app_timer.o(i.NVIC_SetPriority)
    i.RTC1_IRQHandler                        0x0001c310   Section        0  app_timer.o(i.RTC1_IRQHandler)
    i.SWI0_IRQHandler                        0x0001c330   Section        0  app_timer.o(i.SWI0_IRQHandler)
    i.SWI2_IRQHandler                        0x0001c338   Section        0  softdevice_handler.o(i.SWI2_IRQHandler)
    i.SystemInit                             0x0001c35c   Section        0  system_nrf51.o(i.SystemInit)
    i.UART0_IRQHandler                       0x0001c3b0   Section        0  nrf_drv_uart.o(i.UART0_IRQHandler)
    i.__0printf$2                            0x0001c4b4   Section        0  printf2.o(i.__0printf$2)
    i.__ARM_common_switch8                   0x0001c4d4   Section        0  bsp.o(i.__ARM_common_switch8)
    i.__scatterload_copy                     0x0001c4ee   Section       14  handlers.o(i.__scatterload_copy)
    i.__scatterload_null                     0x0001c4fc   Section        2  handlers.o(i.__scatterload_null)
    i.__scatterload_zeroinit                 0x0001c4fe   Section       14  handlers.o(i.__scatterload_zeroinit)
    i._printf_core                           0x0001c50c   Section        0  printf2.o(i._printf_core)
    _printf_core                             0x0001c50d   Thumb Code   210  printf2.o(i._printf_core)
    i.adv_data_encode                        0x0001c5de   Section        0  ble_advdata.o(i.adv_data_encode)
    i.advertising_buttons_configure          0x0001c7f4   Section        0  bsp_btn_ble.o(i.advertising_buttons_configure)
    advertising_buttons_configure            0x0001c7f5   Thumb Code    60  bsp_btn_ble.o(i.advertising_buttons_configure)
    i.advertising_init                       0x0001c830   Section        0  main.o(i.advertising_init)
    advertising_init                         0x0001c831   Thumb Code    94  main.o(i.advertising_init)
    i.alert_timer_handler                    0x0001c898   Section        0  bsp.o(i.alert_timer_handler)
    alert_timer_handler                      0x0001c899   Thumb Code    20  bsp.o(i.alert_timer_handler)
    i.app_button_enable                      0x0001c8b0   Section        0  app_button.o(i.app_button_enable)
    i.app_button_init                        0x0001c8d4   Section        0  app_button.o(i.app_button_init)
    i.app_error_handler                      0x0001c948   Section        0  app_error.o(i.app_error_handler)
    i.app_fifo_get                           0x0001c964   Section        0  app_fifo.o(i.app_fifo_get)
    i.app_fifo_init                          0x0001c97a   Section        0  app_fifo.o(i.app_fifo_init)
    i.app_fifo_put                           0x0001c99e   Section        0  app_fifo.o(i.app_fifo_put)
    i.app_timer_create                       0x0001c9b8   Section        0  app_timer.o(i.app_timer_create)
    i.app_timer_init                         0x0001c9e4   Section        0  app_timer.o(i.app_timer_init)
    i.app_timer_start                        0x0001ca74   Section        0  app_timer.o(i.app_timer_start)
    i.app_timer_stop                         0x0001caf0   Section        0  app_timer.o(i.app_timer_stop)
    i.app_uart_get                           0x0001cb44   Section        0  app_uart_fifo.o(i.app_uart_get)
    i.app_uart_init                          0x0001cb78   Section        0  app_uart_fifo.o(i.app_uart_init)
    i.app_uart_put                           0x0001cc18   Section        0  app_uart_fifo.o(i.app_uart_put)
    i.ble_advdata_set                        0x0001cc40   Section        0  ble_advdata.o(i.ble_advdata_set)
    i.ble_advertising_init                   0x0001cca8   Section        0  ble_advertising.o(i.ble_advertising_init)
    i.ble_advertising_on_ble_evt             0x0001cdcc   Section        0  ble_advertising.o(i.ble_advertising_on_ble_evt)
    i.ble_advertising_peer_address_clear     0x0001ce48   Section        0  ble_advertising.o(i.ble_advertising_peer_address_clear)
    ble_advertising_peer_address_clear       0x0001ce49   Thumb Code    12  ble_advertising.o(i.ble_advertising_peer_address_clear)
    i.ble_advertising_restart_without_whitelist 0x0001ce58   Section        0  ble_advertising.o(i.ble_advertising_restart_without_whitelist)
    i.ble_advertising_start                  0x0001ce98   Section        0  ble_advertising.o(i.ble_advertising_start)
    i.ble_conn_params_init                   0x0001d078   Section        0  ble_conn_params.o(i.ble_conn_params_init)
    i.ble_conn_params_on_ble_evt             0x0001d0cc   Section        0  ble_conn_params.o(i.ble_conn_params_on_ble_evt)
    i.ble_device_addr_encode                 0x0001d15c   Section        0  ble_advdata.o(i.ble_device_addr_encode)
    ble_device_addr_encode                   0x0001d15d   Thumb Code    94  ble_advdata.o(i.ble_device_addr_encode)
    i.ble_evt_dispatch                       0x0001d1bc   Section        0  main.o(i.ble_evt_dispatch)
    ble_evt_dispatch                         0x0001d1bd   Thumb Code    36  main.o(i.ble_evt_dispatch)
    i.ble_nus_init                           0x0001d1e4   Section        0  ble_nus.o(i.ble_nus_init)
    i.ble_nus_on_ble_evt                     0x0001d24c   Section        0  ble_nus.o(i.ble_nus_on_ble_evt)
    i.ble_nus_string_send                    0x0001d2a4   Section        0  ble_nus.o(i.ble_nus_string_send)
    i.bsp_btn_ble_init                       0x0001d2f8   Section        0  bsp_btn_ble.o(i.bsp_btn_ble_init)
    i.bsp_btn_ble_on_ble_evt                 0x0001d34c   Section        0  bsp_btn_ble.o(i.bsp_btn_ble_on_ble_evt)
    i.bsp_btn_ble_sleep_mode_prepare         0x0001d3c4   Section        0  bsp_btn_ble.o(i.bsp_btn_ble_sleep_mode_prepare)
    i.bsp_button_event_handler               0x0001d3d8   Section        0  bsp.o(i.bsp_button_event_handler)
    bsp_button_event_handler                 0x0001d3d9   Thumb Code   148  bsp.o(i.bsp_button_event_handler)
    i.bsp_button_is_pressed                  0x0001d478   Section        0  bsp.o(i.bsp_button_is_pressed)
    i.bsp_event_handler                      0x0001d4a4   Section        0  main.o(i.bsp_event_handler)
    i.bsp_event_to_button_action_assign      0x0001d4e0   Section        0  bsp.o(i.bsp_event_to_button_action_assign)
    i.bsp_indication_set                     0x0001d528   Section        0  bsp.o(i.bsp_indication_set)
    i.bsp_init                               0x0001d544   Section        0  bsp.o(i.bsp_init)
    i.bsp_led_indication                     0x0001d5e4   Section        0  bsp.o(i.bsp_led_indication)
    bsp_led_indication                       0x0001d5e5   Thumb Code   492  bsp.o(i.bsp_led_indication)
    i.bsp_wakeup_buttons_set                 0x0001d7dc   Section        0  bsp.o(i.bsp_wakeup_buttons_set)
    i.button_timer_handler                   0x0001d818   Section        0  bsp.o(i.button_timer_handler)
    button_timer_handler                     0x0001d819   Thumb Code    12  bsp.o(i.button_timer_handler)
    i.channel_free                           0x0001d824   Section        0  nrf_drv_gpiote.o(i.channel_free)
    channel_free                             0x0001d825   Thumb Code    22  nrf_drv_gpiote.o(i.channel_free)
    i.channel_port_alloc                     0x0001d840   Section        0  nrf_drv_gpiote.o(i.channel_port_alloc)
    channel_port_alloc                       0x0001d841   Thumb Code    66  nrf_drv_gpiote.o(i.channel_port_alloc)
    i.channel_port_get                       0x0001d888   Section        0  nrf_drv_gpiote.o(i.channel_port_get)
    channel_port_get                         0x0001d889   Thumb Code    10  nrf_drv_gpiote.o(i.channel_port_get)
    i.compare_reg_update                     0x0001d898   Section        0  app_timer.o(i.compare_reg_update)
    compare_reg_update                       0x0001d899   Thumb Code   142  app_timer.o(i.compare_reg_update)
    i.conn_int_encode                        0x0001d940   Section        0  ble_advdata.o(i.conn_int_encode)
    conn_int_encode                          0x0001d941   Thumb Code   130  ble_advdata.o(i.conn_int_encode)
    i.conn_params_error_handler              0x0001d9c8   Section        0  main.o(i.conn_params_error_handler)
    conn_params_error_handler                0x0001d9c9   Thumb Code    12  main.o(i.conn_params_error_handler)
    i.conn_params_negotiation                0x0001d9d4   Section        0  ble_conn_params.o(i.conn_params_negotiation)
    conn_params_negotiation                  0x0001d9d5   Thumb Code    92  ble_conn_params.o(i.conn_params_negotiation)
    i.detection_delay_timeout_handler        0x0001da3c   Section        0  app_button.o(i.detection_delay_timeout_handler)
    detection_delay_timeout_handler          0x0001da3d   Thumb Code    90  app_button.o(i.detection_delay_timeout_handler)
    i.elapsed_ticks_acquire                  0x0001da9c   Section        0  app_timer.o(i.elapsed_ticks_acquire)
    elapsed_ticks_acquire                    0x0001da9d   Thumb Code    58  app_timer.o(i.elapsed_ticks_acquire)
    i.fifo_get                               0x0001dadc   Section        0  app_fifo.o(i.fifo_get)
    fifo_get                                 0x0001dadd   Thumb Code    20  app_fifo.o(i.fifo_get)
    i.fifo_put                               0x0001daf0   Section        0  app_fifo.o(i.fifo_put)
    fifo_put                                 0x0001daf1   Thumb Code    18  app_fifo.o(i.fifo_put)
    i.fputc                                  0x0001db02   Section        0  retarget.o(i.fputc)
    i.gpiote_event_handler                   0x0001db10   Section        0  app_button.o(i.gpiote_event_handler)
    gpiote_event_handler                     0x0001db11   Thumb Code    72  app_button.o(i.gpiote_event_handler)
    i.intern_softdevice_events_execute       0x0001db60   Section        0  softdevice_handler.o(i.intern_softdevice_events_execute)
    i.is_conn_params_ok                      0x0001dbe0   Section        0  ble_conn_params.o(i.is_conn_params_ok)
    is_conn_params_ok                        0x0001dbe1   Thumb Code    24  ble_conn_params.o(i.is_conn_params_ok)
    i.is_manual_peripheral_setup_needed      0x0001dbfc   Section        0  system_nrf51.o(i.is_manual_peripheral_setup_needed)
    is_manual_peripheral_setup_needed        0x0001dbfd   Thumb Code    66  system_nrf51.o(i.is_manual_peripheral_setup_needed)
    i.le_role_encode                         0x0001dc44   Section        0  ble_advdata.o(i.le_role_encode)
    le_role_encode                           0x0001dc45   Thumb Code    84  ble_advdata.o(i.le_role_encode)
    i.leds_timer_handler                     0x0001dc98   Section        0  bsp.o(i.leds_timer_handler)
    leds_timer_handler                       0x0001dc99   Thumb Code    18  bsp.o(i.leds_timer_handler)
    i.list_deletions_handler                 0x0001dcb0   Section        0  app_timer.o(i.list_deletions_handler)
    list_deletions_handler                   0x0001dcb1   Thumb Code   180  app_timer.o(i.list_deletions_handler)
    i.list_insertions_handler                0x0001dd6c   Section        0  app_timer.o(i.list_insertions_handler)
    list_insertions_handler                  0x0001dd6d   Thumb Code   202  app_timer.o(i.list_insertions_handler)
    i.main                                   0x0001de40   Section        0  main.o(i.main)
    i.manuf_specific_data_encode             0x0001e018   Section        0  ble_advdata.o(i.manuf_specific_data_encode)
    manuf_specific_data_encode               0x0001e019   Thumb Code   104  ble_advdata.o(i.manuf_specific_data_encode)
    i.name_encode                            0x0001e080   Section        0  ble_advdata.o(i.name_encode)
    name_encode                              0x0001e081   Thumb Code   158  ble_advdata.o(i.name_encode)
    i.nrf_drv_common_irq_enable              0x0001e120   Section        0  nrf_drv_common.o(i.nrf_drv_common_irq_enable)
    i.nrf_drv_gpiote_in_event_enable         0x0001e180   Section        0  nrf_drv_gpiote.o(i.nrf_drv_gpiote_in_event_enable)
    i.nrf_drv_gpiote_in_init                 0x0001e220   Section        0  nrf_drv_gpiote.o(i.nrf_drv_gpiote_in_init)
    i.nrf_drv_gpiote_in_is_set               0x0001e2c4   Section        0  nrf_drv_gpiote.o(i.nrf_drv_gpiote_in_is_set)
    i.nrf_drv_gpiote_init                    0x0001e2d8   Section        0  nrf_drv_gpiote.o(i.nrf_drv_gpiote_init)
    i.nrf_drv_gpiote_is_init                 0x0001e32c   Section        0  nrf_drv_gpiote.o(i.nrf_drv_gpiote_is_init)
    i.nrf_drv_uart_init                      0x0001e33c   Section        0  nrf_drv_uart.o(i.nrf_drv_uart_init)
    i.nrf_drv_uart_rx                        0x0001e3ec   Section        0  nrf_drv_uart.o(i.nrf_drv_uart_rx)
    i.nrf_drv_uart_rx_enable                 0x0001e4a0   Section        0  nrf_drv_uart.o(i.nrf_drv_uart_rx_enable)
    i.nrf_drv_uart_tx                        0x0001e4b8   Section        0  nrf_drv_uart.o(i.nrf_drv_uart_tx)
    i.nrf_gpio_cfg                           0x0001e544   Section        0  nrf_drv_gpiote.o(i.nrf_gpio_cfg)
    nrf_gpio_cfg                             0x0001e545   Thumb Code    32  nrf_drv_gpiote.o(i.nrf_gpio_cfg)
    i.nrf_gpio_cfg                           0x0001e568   Section        0  nrf_drv_uart.o(i.nrf_gpio_cfg)
    nrf_gpio_cfg                             0x0001e569   Thumb Code    32  nrf_drv_uart.o(i.nrf_gpio_cfg)
    i.nrf_gpio_cfg_input                     0x0001e58c   Section        0  nrf_drv_uart.o(i.nrf_gpio_cfg_input)
    nrf_gpio_cfg_input                       0x0001e58d   Thumb Code    18  nrf_drv_uart.o(i.nrf_gpio_cfg_input)
    i.nrf_gpio_cfg_output                    0x0001e59e   Section        0  nrf_drv_uart.o(i.nrf_gpio_cfg_output)
    nrf_gpio_cfg_output                      0x0001e59f   Thumb Code    20  nrf_drv_uart.o(i.nrf_gpio_cfg_output)
    i.nrf_gpio_cfg_sense_set                 0x0001e5b4   Section        0  nrf_drv_gpiote.o(i.nrf_gpio_cfg_sense_set)
    nrf_gpio_cfg_sense_set                   0x0001e5b5   Thumb Code    26  nrf_drv_gpiote.o(i.nrf_gpio_cfg_sense_set)
    i.nrf_gpiote_event_is_set                0x0001e5d4   Section        0  nrf_drv_gpiote.o(i.nrf_gpiote_event_is_set)
    nrf_gpiote_event_is_set                  0x0001e5d5   Thumb Code    14  nrf_drv_gpiote.o(i.nrf_gpiote_event_is_set)
    i.nrf_uart_event_check                   0x0001e5e8   Section        0  nrf_drv_uart.o(i.nrf_uart_event_check)
    nrf_uart_event_check                     0x0001e5e9   Thumb Code    10  nrf_drv_uart.o(i.nrf_uart_event_check)
    i.nrf_uart_int_enable_check              0x0001e5f2   Section        0  nrf_drv_uart.o(i.nrf_uart_int_enable_check)
    nrf_uart_int_enable_check                0x0001e5f3   Thumb Code    16  nrf_drv_uart.o(i.nrf_uart_int_enable_check)
    i.nus_data_handler                       0x0001e602   Section        0  main.o(i.nus_data_handler)
    nus_data_handler                         0x0001e603   Thumb Code    38  main.o(i.nus_data_handler)
    i.on_adv_evt                             0x0001e628   Section        0  main.o(i.on_adv_evt)
    on_adv_evt                               0x0001e629   Thumb Code    36  main.o(i.on_adv_evt)
    i.on_ble_evt                             0x0001e64c   Section        0  main.o(i.on_ble_evt)
    on_ble_evt                               0x0001e64d   Thumb Code   108  main.o(i.on_ble_evt)
    i.on_conn_params_evt                     0x0001e6bc   Section        0  main.o(i.on_conn_params_evt)
    on_conn_params_evt                       0x0001e6bd   Thumb Code    30  main.o(i.on_conn_params_evt)
    i.peer_address_exists                    0x0001e6e0   Section        0  ble_advertising.o(i.peer_address_exists)
    peer_address_exists                      0x0001e6e1   Thumb Code    22  ble_advertising.o(i.peer_address_exists)
    i.pin_in_use_by_port                     0x0001e6f8   Section        0  nrf_drv_gpiote.o(i.pin_in_use_by_port)
    pin_in_use_by_port                       0x0001e6f9   Thumb Code    20  nrf_drv_gpiote.o(i.pin_in_use_by_port)
    i.pin_in_use_by_te                       0x0001e710   Section        0  nrf_drv_gpiote.o(i.pin_in_use_by_te)
    pin_in_use_by_te                         0x0001e711   Thumb Code    20  nrf_drv_gpiote.o(i.pin_in_use_by_te)
    i.pstorage_access_status_get             0x0001e728   Section        0  pstorage.o(i.pstorage_access_status_get)
    i.rtc1_stop                              0x0001e750   Section        0  app_timer.o(i.rtc1_stop)
    rtc1_stop                                0x0001e751   Thumb Code    50  app_timer.o(i.rtc1_stop)
    i.rx_byte                                0x0001e794   Section        0  nrf_drv_uart.o(i.rx_byte)
    rx_byte                                  0x0001e795   Thumb Code    30  nrf_drv_uart.o(i.rx_byte)
    i.rx_char_add                            0x0001e7c0   Section        0  ble_nus.o(i.rx_char_add)
    rx_char_add                              0x0001e7c1   Thumb Code   158  ble_nus.o(i.rx_char_add)
    i.rx_done_event                          0x0001e860   Section        0  nrf_drv_uart.o(i.rx_done_event)
    rx_done_event                            0x0001e861   Thumb Code    28  nrf_drv_uart.o(i.rx_done_event)
    i.rx_enable                              0x0001e880   Section        0  nrf_drv_uart.o(i.rx_enable)
    rx_enable                                0x0001e881   Thumb Code    22  nrf_drv_uart.o(i.rx_enable)
    i.service_data_encode                    0x0001e89c   Section        0  ble_advdata.o(i.service_data_encode)
    service_data_encode                      0x0001e89d   Thumb Code   142  ble_advdata.o(i.service_data_encode)
    i.sleep_mode_enter                       0x0001e92a   Section        0  main.o(i.sleep_mode_enter)
    sleep_mode_enter                         0x0001e92b   Thumb Code    52  main.o(i.sleep_mode_enter)
    i.softdevice_assertion_handler           0x0001e95e   Section        0  softdevice_handler.o(i.softdevice_assertion_handler)
    i.softdevice_ble_evt_handler_set         0x0001e96c   Section        0  softdevice_handler.o(i.softdevice_ble_evt_handler_set)
    i.softdevice_handler_init                0x0001e980   Section        0  softdevice_handler.o(i.softdevice_handler_init)
    i.timer_list_handler                     0x0001e9b0   Section        0  app_timer.o(i.timer_list_handler)
    timer_list_handler                       0x0001e9b1   Thumb Code   128  app_timer.o(i.timer_list_handler)
    i.timer_list_handler_sched               0x0001ea34   Section        0  app_timer.o(i.timer_list_handler_sched)
    timer_list_handler_sched                 0x0001ea35   Thumb Code    10  app_timer.o(i.timer_list_handler_sched)
    i.timer_list_insert                      0x0001ea44   Section        0  app_timer.o(i.timer_list_insert)
    timer_list_insert                        0x0001ea45   Thumb Code    60  app_timer.o(i.timer_list_insert)
    i.timer_timeouts_check                   0x0001ea84   Section        0  app_timer.o(i.timer_timeouts_check)
    timer_timeouts_check                     0x0001ea85   Thumb Code   122  app_timer.o(i.timer_timeouts_check)
    i.tx_byte                                0x0001eb08   Section        0  nrf_drv_uart.o(i.tx_byte)
    tx_byte                                  0x0001eb09   Thumb Code    30  nrf_drv_uart.o(i.tx_byte)
    i.tx_char_add                            0x0001eb34   Section        0  ble_nus.o(i.tx_char_add)
    tx_char_add                              0x0001eb35   Thumb Code   128  ble_nus.o(i.tx_char_add)
    i.tx_done_event                          0x0001ebb4   Section        0  nrf_drv_uart.o(i.tx_done_event)
    tx_done_event                            0x0001ebb5   Thumb Code    26  nrf_drv_uart.o(i.tx_done_event)
    i.uart_event_handle                      0x0001ebd4   Section        0  main.o(i.uart_event_handle)
    i.uart_event_handler                     0x0001ec3c   Section        0  app_uart_fifo.o(i.uart_event_handler)
    uart_event_handler                       0x0001ec3d   Thumb Code   156  app_uart_fifo.o(i.uart_event_handler)
    i.uint16_encode                          0x0001ece0   Section        0  ble_advdata.o(i.uint16_encode)
    uint16_encode                            0x0001ece1   Thumb Code    10  ble_advdata.o(i.uint16_encode)
    i.update_timeout_handler                 0x0001ecec   Section        0  ble_conn_params.o(i.update_timeout_handler)
    update_timeout_handler                   0x0001eced   Thumb Code    86  ble_conn_params.o(i.update_timeout_handler)
    i.user_id_get                            0x0001ed50   Section        0  app_timer.o(i.user_id_get)
    user_id_get                              0x0001ed51   Thumb Code    74  app_timer.o(i.user_id_get)
    i.user_op_alloc                          0x0001eda4   Section        0  app_timer.o(i.user_op_alloc)
    user_op_alloc                            0x0001eda5   Thumb Code    38  app_timer.o(i.user_op_alloc)
    i.uuid_list_encode                       0x0001edca   Section        0  ble_advdata.o(i.uuid_list_encode)
    uuid_list_encode                         0x0001edcb   Thumb Code    48  ble_advdata.o(i.uuid_list_encode)
    i.uuid_list_sized_encode                 0x0001edfa   Section        0  ble_advdata.o(i.uuid_list_sized_encode)
    uuid_list_sized_encode                   0x0001edfb   Thumb Code   174  ble_advdata.o(i.uuid_list_sized_encode)
    i.whitelist_has_entries                  0x0001eea8   Section        0  ble_advertising.o(i.whitelist_has_entries)
    whitelist_has_entries                    0x0001eea9   Thumb Code    16  ble_advertising.o(i.whitelist_has_entries)
    .constdata                               0x0001eeb8   Section       12  main.o(.constdata)
    .constdata                               0x0001eec4   Section       60  bsp.o(.constdata)
    m_leds_timer_id                          0x0001eec4   Data           4  bsp.o(.constdata)
    m_alert_timer_id                         0x0001eec8   Data           4  bsp.o(.constdata)
    m_button_timer_id                        0x0001eecc   Data           4  bsp.o(.constdata)
    m_buttons_list                           0x0001eed0   Data          16  bsp.o(.constdata)
    app_buttons                              0x0001eee0   Data          32  bsp.o(.constdata)
    .constdata                               0x0001ef00   Section        4  ble_conn_params.o(.constdata)
    m_conn_params_timer_id                   0x0001ef00   Data           4  ble_conn_params.o(.constdata)
    .constdata                               0x0001ef04   Section       16  ble_nus.o(.constdata)
    .constdata                               0x0001ef14   Section       32  app_uart_fifo.o(.constdata)
    .constdata                               0x0001ef34   Section       32  nrf_drv_uart.o(.constdata)
    m_default_config                         0x0001ef34   Data          32  nrf_drv_uart.o(.constdata)
    .constdata                               0x0001ef54   Section        8  app_button.o(.constdata)
    m_detection_delay_timer_id               0x0001ef54   Data           4  app_button.o(.constdata)
    .data                                    0x20002800   Section        8  main.o(.data)
    index                                    0x20002800   Data           1  main.o(.data)
    m_conn_handle                            0x20002802   Data           2  main.o(.data)
    m_adv_uuids                              0x20002804   Data           4  main.o(.data)
    .data                                    0x20002808   Section       24  bsp.o(.data)
    m_stable_state                           0x20002808   Data           1  bsp.o(.data)
    current_long_push_pin_no                 0x20002809   Data           1  bsp.o(.data)
    m_app_ticks_per_100ms                    0x2000280c   Data           4  bsp.o(.data)
    m_indication_type                        0x20002810   Data           4  bsp.o(.data)
    m_alert_mask                             0x20002814   Data           4  bsp.o(.data)
    m_registered_callback                    0x20002818   Data           4  bsp.o(.data)
    release_event_at_push                    0x2000281c   Data           4  bsp.o(.data)
    .data                                    0x20002820   Section        8  bsp_btn_ble.o(.data)
    m_error_handler                          0x20002820   Data           4  bsp_btn_ble.o(.data)
    m_num_connections                        0x20002824   Data           4  bsp_btn_ble.o(.data)
    .data                                    0x20002828   Section       31  ble_advertising.o(.data)
    m_advertising_start_pending              0x20002828   Data           1  ble_advertising.o(.data)
    m_whitelist_temporarily_disabled         0x20002829   Data           1  ble_advertising.o(.data)
    m_whitelist_reply_expected               0x2000282a   Data           1  ble_advertising.o(.data)
    m_peer_addr_reply_expected               0x2000282b   Data           1  ble_advertising.o(.data)
    m_adv_evt                                0x2000282c   Data           1  ble_advertising.o(.data)
    m_adv_mode_current                       0x2000282d   Data           1  ble_advertising.o(.data)
    m_tx_power_level                         0x2000282e   Data           1  ble_advertising.o(.data)
    current_slave_link_conn_handle           0x20002830   Data           2  ble_advertising.o(.data)
    m_evt_handler                            0x20002834   Data           4  ble_advertising.o(.data)
    m_error_handler                          0x20002838   Data           4  ble_advertising.o(.data)
    m_slave_conn_int                         0x2000283c   Data           4  ble_advertising.o(.data)
    m_peer_address                           0x20002840   Data           7  ble_advertising.o(.data)
    .data                                    0x20002848   Section       20  ble_conn_params.o(.data)
    m_change_param                           0x20002848   Data           1  ble_conn_params.o(.data)
    m_update_count                           0x20002849   Data           1  ble_conn_params.o(.data)
    m_conn_handle                            0x2000284a   Data           2  ble_conn_params.o(.data)
    m_preferred_conn_params                  0x2000284c   Data           8  ble_conn_params.o(.data)
    m_current_conn_params                    0x20002854   Data           8  ble_conn_params.o(.data)
    .data                                    0x2000285c   Section        8  app_uart_fifo.o(.data)
    tx_buffer                                0x2000285c   Data           1  app_uart_fifo.o(.data)
    tx_tmp                                   0x2000285d   Data           1  app_uart_fifo.o(.data)
    rx_buffer                                0x2000285e   Data           1  app_uart_fifo.o(.data)
    m_event_handler                          0x20002860   Data           4  app_uart_fifo.o(.data)
    .data                                    0x20002864   Section       36  pstorage.o(.data)
    m_state                                  0x20002864   Data           1  pstorage.o(.data)
    m_swap_sub_state                         0x20002865   Data           1  pstorage.o(.data)
    m_next_app_instance                      0x20002866   Data           2  pstorage.o(.data)
    m_flags                                  0x20002868   Data           4  pstorage.o(.data)
    m_next_page_addr                         0x2000286c   Data           4  pstorage.o(.data)
    m_head_word_size                         0x20002870   Data           4  pstorage.o(.data)
    m_tail_word_size                         0x20002874   Data           4  pstorage.o(.data)
    m_current_page_id                        0x20002878   Data           4  pstorage.o(.data)
    m_num_of_command_retries                 0x2000287c   Data           4  pstorage.o(.data)
    m_num_of_bytes_written                   0x20002880   Data           4  pstorage.o(.data)
    m_app_data_size                          0x20002884   Data           4  pstorage.o(.data)
    .data                                    0x20002888   Section       20  app_button.o(.data)
    m_button_count                           0x20002888   Data           1  app_button.o(.data)
    mp_buttons                               0x2000288c   Data           4  app_button.o(.data)
    m_detection_delay                        0x20002890   Data           4  app_button.o(.data)
    m_pin_state                              0x20002894   Data           4  app_button.o(.data)
    m_pin_transition                         0x20002898   Data           4  app_button.o(.data)
    .data                                    0x2000289c   Section       32  app_timer.o(.data)
    m_user_array_size                        0x2000289c   Data           1  app_timer.o(.data)
    m_ticks_elapsed_q_read_ind               0x2000289d   Data           1  app_timer.o(.data)
    m_ticks_elapsed_q_write_ind              0x2000289e   Data           1  app_timer.o(.data)
    m_rtc1_running                           0x2000289f   Data           1  app_timer.o(.data)
    m_rtc1_reset                             0x200028a0   Data           1  app_timer.o(.data)
    mp_users                                 0x200028a4   Data           4  app_timer.o(.data)
    mp_timer_id_head                         0x200028a8   Data           4  app_timer.o(.data)
    m_ticks_latest                           0x200028ac   Data           4  app_timer.o(.data)
    m_evt_schedule_func                      0x200028b0   Data           4  app_timer.o(.data)
    m_ticks_elapsed                          0x200028b4   Data           8  app_timer.o(.data)
    .data                                    0x200028bc   Section        4  retarget.o(.data)
    .data                                    0x200028c0   Section       20  softdevice_handler.o(.data)
    m_softdevice_enabled                     0x200028c0   Data           1  softdevice_handler.o(.data)
    m_ble_evt_buffer_size                    0x200028c2   Data           2  softdevice_handler.o(.data)
    m_evt_schedule_func                      0x200028c4   Data           4  softdevice_handler.o(.data)
    mp_ble_evt_buffer                        0x200028c8   Data           4  softdevice_handler.o(.data)
    m_ble_evt_handler                        0x200028cc   Data           4  softdevice_handler.o(.data)
    m_sys_evt_handler                        0x200028d0   Data           4  softdevice_handler.o(.data)
    .data                                    0x200028d4   Section        4  system_nrf51.o(.data)
    __tagsym$$used                           0x200028d4   Number         0  system_nrf51.o(.data)
    .bss                                     0x200028d8   Section     1088  main.o(.bss)
    BLE_EVT_BUFFER                           0x200028d8   Data          72  main.o(.bss)
    data_array                               0x20002920   Data          20  main.o(.bss)
    rx_buf                                   0x20002934   Data         256  main.o(.bss)
    tx_buf                                   0x20002a34   Data         256  main.o(.bss)
    APP_TIMER_BUF                            0x20002b34   Data         456  main.o(.bss)
    m_nus                                    0x20002cfc   Data          28  main.o(.bss)
    .bss                                     0x20002d18   Section       32  bsp.o(.bss)
    m_leds_timer_id_data                     0x20002d18   Data          32  bsp.o(.bss)
    .bss                                     0x20002d38   Section       32  bsp.o(.bss)
    m_alert_timer_id_data                    0x20002d38   Data          32  bsp.o(.bss)
    .bss                                     0x20002d58   Section       12  bsp.o(.bss)
    m_events_list                            0x20002d58   Data          12  bsp.o(.bss)
    .bss                                     0x20002d64   Section       32  bsp.o(.bss)
    m_button_timer_id_data                   0x20002d64   Data          32  bsp.o(.bss)
    .bss                                     0x20002d84   Section      259  ble_advertising.o(.bss)
    m_advdata                                0x20002d84   Data          56  ble_advertising.o(.bss)
    m_adv_modes_config                       0x20002dbc   Data          36  ble_advertising.o(.bss)
    m_whitelist                              0x20002de0   Data          16  ble_advertising.o(.bss)
    mp_whitelist_addr                        0x20002df0   Data          32  ble_advertising.o(.bss)
    mp_whitelist_irk                         0x20002e10   Data          32  ble_advertising.o(.bss)
    m_manuf_specific_data                    0x20002e30   Data          12  ble_advertising.o(.bss)
    m_manuf_data_array                       0x20002e3c   Data          31  ble_advertising.o(.bss)
    m_service_data                           0x20002e5c   Data          12  ble_advertising.o(.bss)
    m_service_data_array                     0x20002e68   Data          31  ble_advertising.o(.bss)
    .bss                                     0x20002e88   Section       32  ble_conn_params.o(.bss)
    m_conn_params_timer_id_data              0x20002e88   Data          32  ble_conn_params.o(.bss)
    .bss                                     0x20002ea8   Section       28  ble_conn_params.o(.bss)
    m_conn_params_config                     0x20002ea8   Data          28  ble_conn_params.o(.bss)
    .bss                                     0x20002ec4   Section       32  app_uart_fifo.o(.bss)
    m_rx_fifo                                0x20002ec4   Data          16  app_uart_fifo.o(.bss)
    m_tx_fifo                                0x20002ed4   Data          16  app_uart_fifo.o(.bss)
    .bss                                     0x20002ee4   Section       72  nrf_drv_gpiote.o(.bss)
    m_cb                                     0x20002ee4   Data          72  nrf_drv_gpiote.o(.bss)
    .bss                                     0x20002f2c   Section       24  nrf_drv_uart.o(.bss)
    m_cb                                     0x20002f2c   Data          24  nrf_drv_uart.o(.bss)
    .bss                                     0x20002f44   Section      216  pstorage.o(.bss)
    m_cmd_queue                              0x20002f44   Data         204  pstorage.o(.bss)
    m_app_table                              0x20003010   Data          12  pstorage.o(.bss)
    .bss                                     0x2000301c   Section       32  app_button.o(.bss)
    m_detection_delay_timer_id_data          0x2000301c   Data          32  app_button.o(.bss)
    STACK                                    0x20003040   Section     2048  arm_startup_nrf51.o(STACK)

    Global Symbols

    Symbol Name                              Value     Ov Type        Size  Object(Section)

    BuildAttributes$$THM_ISAv3M$S$PE$A:L22$X:L11$S22$IEEE1$IW$USESV6$~STKCKD$USESV7$~SHL$OSPACE$ROPI$EBA8$MICROLIB$REQ8$PRES8$EABIv2 0x00000000   Number         0  anon$$obj.o ABSOLUTE
    __ARM_use_no_argv                        0x00000000   Number         0  main.o ABSOLUTE
    _printf_a                                0x00000000   Number         0  stubs.o ABSOLUTE
    _printf_c                                0x00000000   Number         0  stubs.o ABSOLUTE
    _printf_charcount                        0x00000000   Number         0  stubs.o ABSOLUTE
    _printf_d                                0x00000000   Number         0  stubs.o ABSOLUTE
    _printf_e                                0x00000000   Number         0  stubs.o ABSOLUTE
    _printf_f                                0x00000000   Number         0  stubs.o ABSOLUTE
    _printf_flags                            0x00000000   Number         0  stubs.o ABSOLUTE
    _printf_fp_dec                           0x00000000   Number         0  stubs.o ABSOLUTE
    _printf_fp_hex                           0x00000000   Number         0  stubs.o ABSOLUTE
    _printf_g                                0x00000000   Number         0  stubs.o ABSOLUTE
    _printf_i                                0x00000000   Number         0  stubs.o ABSOLUTE
    _printf_int_dec                          0x00000000   Number         0  stubs.o ABSOLUTE
    _printf_l                                0x00000000   Number         0  stubs.o ABSOLUTE
    _printf_lc                               0x00000000   Number         0  stubs.o ABSOLUTE
    _printf_ll                               0x00000000   Number         0  stubs.o ABSOLUTE
    _printf_lld                              0x00000000   Number         0  stubs.o ABSOLUTE
    _printf_lli                              0x00000000   Number         0  stubs.o ABSOLUTE
    _printf_llo                              0x00000000   Number         0  stubs.o ABSOLUTE
    _printf_llu                              0x00000000   Number         0  stubs.o ABSOLUTE
    _printf_llx                              0x00000000   Number         0  stubs.o ABSOLUTE
    _printf_longlong_dec                     0x00000000   Number         0  stubs.o ABSOLUTE
    _printf_longlong_hex                     0x00000000   Number         0  stubs.o ABSOLUTE
    _printf_longlong_oct                     0x00000000   Number         0  stubs.o ABSOLUTE
    _printf_ls                               0x00000000   Number         0  stubs.o ABSOLUTE
    _printf_mbtowc                           0x00000000   Number         0  stubs.o ABSOLUTE
    _printf_n                                0x00000000   Number         0  stubs.o ABSOLUTE
    _printf_o                                0x00000000   Number         0  stubs.o ABSOLUTE
    _printf_p                                0x00000000   Number         0  stubs.o ABSOLUTE
    _printf_percent                          0x00000000   Number         0  stubs.o ABSOLUTE
    _printf_pre_padding                      0x00000000   Number         0  stubs.o ABSOLUTE
    _printf_return_value                     0x00000000   Number         0  stubs.o ABSOLUTE
    _printf_s                                0x00000000   Number         0  stubs.o ABSOLUTE
    _printf_sizespec                         0x00000000   Number         0  stubs.o ABSOLUTE
    _printf_str                              0x00000000   Number         0  stubs.o ABSOLUTE
    _printf_truncate_signed                  0x00000000   Number         0  stubs.o ABSOLUTE
    _printf_truncate_unsigned                0x00000000   Number         0  stubs.o ABSOLUTE
    _printf_u                                0x00000000   Number         0  stubs.o ABSOLUTE
    _printf_wc                               0x00000000   Number         0  stubs.o ABSOLUTE
    _printf_wctomb                           0x00000000   Number         0  stubs.o ABSOLUTE
    _printf_widthprec                        0x00000000   Number         0  stubs.o ABSOLUTE
    _printf_x                                0x00000000   Number         0  stubs.o ABSOLUTE
    __cpp_initialize__aeabi_                  - Undefined Weak Reference
    __cxa_finalize                            - Undefined Weak Reference
    __decompress                              - Undefined Weak Reference
    _clock_init                               - Undefined Weak Reference
    _microlib_exit                            - Undefined Weak Reference
    __Vectors_Size                           0x000000c0   Number         0  arm_startup_nrf51.o ABSOLUTE
    __Vectors                                0x0001c000   Data           4  arm_startup_nrf51.o(RESET)
    __Vectors_End                            0x0001c0c0   Data           0  arm_startup_nrf51.o(RESET)
    __main                                   0x0001c0c1   Thumb Code     0  entry.o(.ARM.Collect$$$$00000000)
    _main_stk                                0x0001c0c1   Thumb Code     0  entry2.o(.ARM.Collect$$$$00000001)
    _main_scatterload                        0x0001c0c5   Thumb Code     0  entry5.o(.ARM.Collect$$$$00000004)
    __main_after_scatterload                 0x0001c0c9   Thumb Code     0  entry5.o(.ARM.Collect$$$$00000004)
    _main_clock                              0x0001c0c9   Thumb Code     0  entry7b.o(.ARM.Collect$$$$00000008)
    _main_cpp_init                           0x0001c0c9   Thumb Code     0  entry8b.o(.ARM.Collect$$$$0000000A)
    _main_init                               0x0001c0c9   Thumb Code     0  entry9a.o(.ARM.Collect$$$$0000000B)
    __rt_final_cpp                           0x0001c0d1   Thumb Code     0  entry10a.o(.ARM.Collect$$$$0000000D)
    __rt_final_exit                          0x0001c0d1   Thumb Code     0  entry11a.o(.ARM.Collect$$$$0000000F)
    __asm___11_app_timer_c_cd27f9c3__nrf_delay_us 0x0001c0d5   Thumb Code    30  app_timer.o(.emb_text)
    Reset_Handler                            0x0001c0f5   Thumb Code    26  arm_startup_nrf51.o(.text)
    NMI_Handler                              0x0001c10f   Thumb Code     2  arm_startup_nrf51.o(.text)
    HardFault_Handler                        0x0001c111   Thumb Code     2  arm_startup_nrf51.o(.text)
    SVC_Handler                              0x0001c113   Thumb Code     2  arm_startup_nrf51.o(.text)
    PendSV_Handler                           0x0001c115   Thumb Code     2  arm_startup_nrf51.o(.text)
    SysTick_Handler                          0x0001c117   Thumb Code     2  arm_startup_nrf51.o(.text)
    ADC_IRQHandler                           0x0001c119   Thumb Code     0  arm_startup_nrf51.o(.text)
    CCM_AAR_IRQHandler                       0x0001c119   Thumb Code     0  arm_startup_nrf51.o(.text)
    ECB_IRQHandler                           0x0001c119   Thumb Code     0  arm_startup_nrf51.o(.text)
    LPCOMP_IRQHandler                        0x0001c119   Thumb Code     0  arm_startup_nrf51.o(.text)
    POWER_CLOCK_IRQHandler                   0x0001c119   Thumb Code     0  arm_startup_nrf51.o(.text)
    QDEC_IRQHandler                          0x0001c119   Thumb Code     0  arm_startup_nrf51.o(.text)
    RADIO_IRQHandler                         0x0001c119   Thumb Code     0  arm_startup_nrf51.o(.text)
    RNG_IRQHandler                           0x0001c119   Thumb Code     0  arm_startup_nrf51.o(.text)
    RTC0_IRQHandler                          0x0001c119   Thumb Code     0  arm_startup_nrf51.o(.text)
    SPI0_TWI0_IRQHandler                     0x0001c119   Thumb Code     0  arm_startup_nrf51.o(.text)
    SPI1_TWI1_IRQHandler                     0x0001c119   Thumb Code     0  arm_startup_nrf51.o(.text)
    SWI1_IRQHandler                          0x0001c119   Thumb Code     0  arm_startup_nrf51.o(.text)
    SWI3_IRQHandler                          0x0001c119   Thumb Code     0  arm_startup_nrf51.o(.text)
    SWI4_IRQHandler                          0x0001c119   Thumb Code     0  arm_startup_nrf51.o(.text)
    SWI5_IRQHandler                          0x0001c119   Thumb Code     0  arm_startup_nrf51.o(.text)
    TEMP_IRQHandler                          0x0001c119   Thumb Code     0  arm_startup_nrf51.o(.text)
    TIMER0_IRQHandler                        0x0001c119   Thumb Code     0  arm_startup_nrf51.o(.text)
    TIMER1_IRQHandler                        0x0001c119   Thumb Code     0  arm_startup_nrf51.o(.text)
    TIMER2_IRQHandler                        0x0001c119   Thumb Code     0  arm_startup_nrf51.o(.text)
    WDT_IRQHandler                           0x0001c119   Thumb Code     0  arm_startup_nrf51.o(.text)
    __aeabi_uidiv                            0x0001c12d   Thumb Code     0  uidiv.o(.text)
    __aeabi_uidivmod                         0x0001c12d   Thumb Code    44  uidiv.o(.text)
    __aeabi_memcpy                           0x0001c159   Thumb Code    36  memcpya.o(.text)
    __aeabi_memcpy4                          0x0001c159   Thumb Code     0  memcpya.o(.text)
    __aeabi_memcpy8                          0x0001c159   Thumb Code     0  memcpya.o(.text)
    __aeabi_memset                           0x0001c17d   Thumb Code    14  memseta.o(.text)
    __aeabi_memset4                          0x0001c17d   Thumb Code     0  memseta.o(.text)
    __aeabi_memset8                          0x0001c17d   Thumb Code     0  memseta.o(.text)
    __aeabi_memclr                           0x0001c18b   Thumb Code     4  memseta.o(.text)
    __aeabi_memclr4                          0x0001c18b   Thumb Code     0  memseta.o(.text)
    __aeabi_memclr8                          0x0001c18b   Thumb Code     0  memseta.o(.text)
    _memset$wrapper                          0x0001c18f   Thumb Code    18  memseta.o(.text)
    __scatterload                            0x0001c1a1   Thumb Code    28  init.o(.text)
    __scatterload_rt2                        0x0001c1a1   Thumb Code     0  init.o(.text)
    GPIOTE_IRQHandler                        0x0001c1c5   Thumb Code   234  nrf_drv_gpiote.o(i.GPIOTE_IRQHandler)
    RTC1_IRQHandler                          0x0001c311   Thumb Code    28  app_timer.o(i.RTC1_IRQHandler)
    SWI0_IRQHandler                          0x0001c331   Thumb Code     8  app_timer.o(i.SWI0_IRQHandler)
    SWI2_IRQHandler                          0x0001c339   Thumb Code    32  softdevice_handler.o(i.SWI2_IRQHandler)
    SystemInit                               0x0001c35d   Thumb Code    64  system_nrf51.o(i.SystemInit)
    UART0_IRQHandler                         0x0001c3b1   Thumb Code   244  nrf_drv_uart.o(i.UART0_IRQHandler)
    __0printf$2                              0x0001c4b5   Thumb Code    24  printf2.o(i.__0printf$2)
    __1printf$2                              0x0001c4b5   Thumb Code     0  printf2.o(i.__0printf$2)
    __2printf                                0x0001c4b5   Thumb Code     0  printf2.o(i.__0printf$2)
    __ARM_common_switch8                     0x0001c4d5   Thumb Code    26  bsp.o(i.__ARM_common_switch8)
    __scatterload_copy                       0x0001c4ef   Thumb Code    14  handlers.o(i.__scatterload_copy)
    __scatterload_null                       0x0001c4fd   Thumb Code     2  handlers.o(i.__scatterload_null)
    __scatterload_zeroinit                   0x0001c4ff   Thumb Code    14  handlers.o(i.__scatterload_zeroinit)
    adv_data_encode                          0x0001c5df   Thumb Code   534  ble_advdata.o(i.adv_data_encode)
    app_button_enable                        0x0001c8b1   Thumb Code    32  app_button.o(i.app_button_enable)
    app_button_init                          0x0001c8d5   Thumb Code   100  app_button.o(i.app_button_init)
    app_error_handler                        0x0001c949   Thumb Code    18  app_error.o(i.app_error_handler)
    app_fifo_get                             0x0001c965   Thumb Code    22  app_fifo.o(i.app_fifo_get)
    app_fifo_init                            0x0001c97b   Thumb Code    36  app_fifo.o(i.app_fifo_init)
    app_fifo_put                             0x0001c99f   Thumb Code    26  app_fifo.o(i.app_fifo_put)
    app_timer_create                         0x0001c9b9   Thumb Code    40  app_timer.o(i.app_timer_create)
    app_timer_init                           0x0001c9e5   Thumb Code   126  app_timer.o(i.app_timer_init)
    app_timer_start                          0x0001ca75   Thumb Code   114  app_timer.o(i.app_timer_start)
    app_timer_stop                           0x0001caf1   Thumb Code    78  app_timer.o(i.app_timer_stop)
    app_uart_get                             0x0001cb45   Thumb Code    44  app_uart_fifo.o(i.app_uart_get)
    app_uart_init                            0x0001cb79   Thumb Code   144  app_uart_fifo.o(i.app_uart_init)
    app_uart_put                             0x0001cc19   Thumb Code    30  app_uart_fifo.o(i.app_uart_put)
    ble_advdata_set                          0x0001cc41   Thumb Code   104  ble_advdata.o(i.ble_advdata_set)
    ble_advertising_init                     0x0001cca9   Thumb Code   284  ble_advertising.o(i.ble_advertising_init)
    ble_advertising_on_ble_evt               0x0001cdcd   Thumb Code   118  ble_advertising.o(i.ble_advertising_on_ble_evt)
    ble_advertising_restart_without_whitelist 0x0001ce59   Thumb Code    56  ble_advertising.o(i.ble_advertising_restart_without_whitelist)
    ble_advertising_start                    0x0001ce99   Thumb Code   470  ble_advertising.o(i.ble_advertising_start)
    ble_conn_params_init                     0x0001d079   Thumb Code    68  ble_conn_params.o(i.ble_conn_params_init)
    ble_conn_params_on_ble_evt               0x0001d0cd   Thumb Code   132  ble_conn_params.o(i.ble_conn_params_on_ble_evt)
    ble_nus_init                             0x0001d1e5   Thumb Code    98  ble_nus.o(i.ble_nus_init)
    ble_nus_on_ble_evt                       0x0001d24d   Thumb Code    88  ble_nus.o(i.ble_nus_on_ble_evt)
    ble_nus_string_send                      0x0001d2a5   Thumb Code    78  ble_nus.o(i.ble_nus_string_send)
    bsp_btn_ble_init                         0x0001d2f9   Thumb Code    80  bsp_btn_ble.o(i.bsp_btn_ble_init)
    bsp_btn_ble_on_ble_evt                   0x0001d34d   Thumb Code   114  bsp_btn_ble.o(i.bsp_btn_ble_on_ble_evt)
    bsp_btn_ble_sleep_mode_prepare           0x0001d3c5   Thumb Code    20  bsp_btn_ble.o(i.bsp_btn_ble_sleep_mode_prepare)
    bsp_button_is_pressed                    0x0001d479   Thumb Code    34  bsp.o(i.bsp_button_is_pressed)
    bsp_event_handler                        0x0001d4a5   Thumb Code    54  main.o(i.bsp_event_handler)
    bsp_event_to_button_action_assign        0x0001d4e1   Thumb Code    66  bsp.o(i.bsp_event_to_button_action_assign)
    bsp_indication_set                       0x0001d529   Thumb Code    22  bsp.o(i.bsp_indication_set)
    bsp_init                                 0x0001d545   Thumb Code   134  bsp.o(i.bsp_init)
    bsp_wakeup_buttons_set                   0x0001d7dd   Thumb Code    50  bsp.o(i.bsp_wakeup_buttons_set)
    fputc                                    0x0001db03   Thumb Code    14  retarget.o(i.fputc)
    intern_softdevice_events_execute         0x0001db61   Thumb Code   124  softdevice_handler.o(i.intern_softdevice_events_execute)
    main                                     0x0001de41   Thumb Code   398  main.o(i.main)
    nrf_drv_common_irq_enable                0x0001e121   Thumb Code    78  nrf_drv_common.o(i.nrf_drv_common_irq_enable)
    nrf_drv_gpiote_in_event_enable           0x0001e181   Thumb Code   138  nrf_drv_gpiote.o(i.nrf_drv_gpiote_in_event_enable)
    nrf_drv_gpiote_in_init                   0x0001e221   Thumb Code   146  nrf_drv_gpiote.o(i.nrf_drv_gpiote_in_init)
    nrf_drv_gpiote_in_is_set                 0x0001e2c5   Thumb Code    16  nrf_drv_gpiote.o(i.nrf_drv_gpiote_in_is_set)
    nrf_drv_gpiote_init                      0x0001e2d9   Thumb Code    76  nrf_drv_gpiote.o(i.nrf_drv_gpiote_init)
    nrf_drv_gpiote_is_init                   0x0001e32d   Thumb Code    12  nrf_drv_gpiote.o(i.nrf_drv_gpiote_is_init)
    nrf_drv_uart_init                        0x0001e33d   Thumb Code   152  nrf_drv_uart.o(i.nrf_drv_uart_init)
    nrf_drv_uart_rx                          0x0001e3ed   Thumb Code   166  nrf_drv_uart.o(i.nrf_drv_uart_rx)
    nrf_drv_uart_rx_enable                   0x0001e4a1   Thumb Code    20  nrf_drv_uart.o(i.nrf_drv_uart_rx_enable)
    nrf_drv_uart_tx                          0x0001e4b9   Thumb Code   130  nrf_drv_uart.o(i.nrf_drv_uart_tx)
    pstorage_access_status_get               0x0001e729   Thumb Code    30  pstorage.o(i.pstorage_access_status_get)
    softdevice_assertion_handler             0x0001e95f   Thumb Code    12  softdevice_handler.o(i.softdevice_assertion_handler)
    softdevice_ble_evt_handler_set           0x0001e96d   Thumb Code    16  softdevice_handler.o(i.softdevice_ble_evt_handler_set)
    softdevice_handler_init                  0x0001e981   Thumb Code    40  softdevice_handler.o(i.softdevice_handler_init)
    uart_event_handle                        0x0001ebd5   Thumb Code    92  main.o(i.uart_event_handle)
    Region$$Table$$Base                      0x0001ef5c   Number         0  anon$$obj.o(Region$$Table)
    Region$$Table$$Limit                     0x0001ef7c   Number         0  anon$$obj.o(Region$$Table)
    __stdout                                 0x200028bc   Data           4  retarget.o(.data)
    SystemCoreClock                          0x200028d4   Data           4  system_nrf51.o(.data)
    __initial_sp                             0x20003840   Data           0  arm_startup_nrf51.o(STACK)



==============================================================================

Memory Map of the image

  Image Entry point : 0x0001c0c1

  Load Region LR_IROM1 (Base: 0x0001c000, Size: 0x00003054, Max: 0x00024000, ABSOLUTE)

    Execution Region ER_IROM1 (Base: 0x0001c000, Size: 0x00002f7c, Max: 0x00024000, ABSOLUTE)

    Base Addr    Size         Type   Attr      Idx    E Section Name        Object

    0x0001c000   0x000000c0   Data   RO         1838    RESET               arm_startup_nrf51.o
    0x0001c0c0   0x00000000   Code   RO         1880  * .ARM.Collect$$$$00000000  mc_p.l(entry.o)
    0x0001c0c0   0x00000004   Code   RO         2156    .ARM.Collect$$$$00000001  mc_p.l(entry2.o)
    0x0001c0c4   0x00000004   Code   RO         2159    .ARM.Collect$$$$00000004  mc_p.l(entry5.o)
    0x0001c0c8   0x00000000   Code   RO         2161    .ARM.Collect$$$$00000008  mc_p.l(entry7b.o)
    0x0001c0c8   0x00000000   Code   RO         2163    .ARM.Collect$$$$0000000A  mc_p.l(entry8b.o)
    0x0001c0c8   0x00000008   Code   RO         2164    .ARM.Collect$$$$0000000B  mc_p.l(entry9a.o)
    0x0001c0d0   0x00000000   Code   RO         2166    .ARM.Collect$$$$0000000D  mc_p.l(entry10a.o)
    0x0001c0d0   0x00000000   Code   RO         2168    .ARM.Collect$$$$0000000F  mc_p.l(entry11a.o)
    0x0001c0d0   0x00000004   Code   RO         2157    .ARM.Collect$$$$00002712  mc_p.l(entry2.o)
    0x0001c0d4   0x0000001e   Code   RO         1575    .emb_text           app_timer.o
    0x0001c0f2   0x00000002   PAD
    0x0001c0f4   0x00000038   Code   RO         1839    .text               arm_startup_nrf51.o
    0x0001c12c   0x0000002c   Code   RO         1883    .text               mc_p.l(uidiv.o)
    0x0001c158   0x00000024   Code   RO         1887    .text               mc_p.l(memcpya.o)
    0x0001c17c   0x00000024   Code   RO         1889    .text               mc_p.l(memseta.o)
    0x0001c1a0   0x00000024   Code   RO         2183    .text               mc_p.l(init.o)
    0x0001c1c4   0x00000108   Code   RO          858    i.GPIOTE_IRQHandler  nrf_drv_gpiote.o
    0x0001c2cc   0x00000044   Code   RO         1576    i.NVIC_SetPriority  app_timer.o
    0x0001c310   0x00000020   Code   RO         1577    i.RTC1_IRQHandler   app_timer.o
    0x0001c330   0x00000008   Code   RO         1578    i.SWI0_IRQHandler   app_timer.o
    0x0001c338   0x00000024   Code   RO         1774    i.SWI2_IRQHandler   softdevice_handler.o
    0x0001c35c   0x00000054   Code   RO         1846    i.SystemInit        system_nrf51.o
    0x0001c3b0   0x00000104   Code   RO         1048    i.UART0_IRQHandler  nrf_drv_uart.o
    0x0001c4b4   0x00000020   Code   RO         1962    i.__0printf$2       mc_p.l(printf2.o)
    0x0001c4d4   0x0000001a   Code   RO          337    i.__ARM_common_switch8  bsp.o
    0x0001c4ee   0x0000000e   Code   RO         2197    i.__scatterload_copy  mc_p.l(handlers.o)
    0x0001c4fc   0x00000002   Code   RO         2198    i.__scatterload_null  mc_p.l(handlers.o)
    0x0001c4fe   0x0000000e   Code   RO         2199    i.__scatterload_zeroinit  mc_p.l(handlers.o)
    0x0001c50c   0x000000d2   Code   RO         1969    i._printf_core      mc_p.l(printf2.o)
    0x0001c5de   0x00000216   Code   RO          440    i.adv_data_encode   ble_advdata.o
    0x0001c7f4   0x0000003c   Code   RO          352    i.advertising_buttons_configure  bsp_btn_ble.o
    0x0001c830   0x00000068   Code   RO            3    i.advertising_init  main.o
    0x0001c898   0x00000018   Code   RO          243    i.alert_timer_handler  bsp.o
    0x0001c8b0   0x00000024   Code   RO         1440    i.app_button_enable  app_button.o
    0x0001c8d4   0x00000074   Code   RO         1441    i.app_button_init   app_button.o
    0x0001c948   0x0000001c   Code   RO         1500    i.app_error_handler  app_error.o
    0x0001c964   0x00000016   Code   RO         1522    i.app_fifo_get      app_fifo.o
    0x0001c97a   0x00000024   Code   RO         1523    i.app_fifo_init     app_fifo.o
    0x0001c99e   0x0000001a   Code   RO         1524    i.app_fifo_put      app_fifo.o
    0x0001c9b8   0x0000002c   Code   RO         1581    i.app_timer_create  app_timer.o
    0x0001c9e4   0x00000090   Code   RO         1582    i.app_timer_init    app_timer.o
    0x0001ca74   0x0000007c   Code   RO         1583    i.app_timer_start   app_timer.o
    0x0001caf0   0x00000054   Code   RO         1584    i.app_timer_stop    app_timer.o
    0x0001cb44   0x00000034   Code   RO          729    i.app_uart_get      app_uart_fifo.o
    0x0001cb78   0x000000a0   Code   RO          730    i.app_uart_init     app_uart_fifo.o
    0x0001cc18   0x00000028   Code   RO          731    i.app_uart_put      app_uart_fifo.o
    0x0001cc40   0x00000068   Code   RO          441    i.ble_advdata_set   ble_advdata.o
    0x0001cca8   0x00000124   Code   RO          511    i.ble_advertising_init  ble_advertising.o
    0x0001cdcc   0x0000007c   Code   RO          512    i.ble_advertising_on_ble_evt  ble_advertising.o
    0x0001ce48   0x00000010   Code   RO          515    i.ble_advertising_peer_address_clear  ble_advertising.o
    0x0001ce58   0x00000040   Code   RO          516    i.ble_advertising_restart_without_whitelist  ble_advertising.o
    0x0001ce98   0x000001e0   Code   RO          517    i.ble_advertising_start  ble_advertising.o
    0x0001d078   0x00000054   Code   RO          593    i.ble_conn_params_init  ble_conn_params.o
    0x0001d0cc   0x00000090   Code   RO          594    i.ble_conn_params_on_ble_evt  ble_conn_params.o
    0x0001d15c   0x0000005e   Code   RO          442    i.ble_device_addr_encode  ble_advdata.o
    0x0001d1ba   0x00000002   PAD
    0x0001d1bc   0x00000028   Code   RO            5    i.ble_evt_dispatch  main.o
    0x0001d1e4   0x00000068   Code   RO          655    i.ble_nus_init      ble_nus.o
    0x0001d24c   0x00000058   Code   RO          656    i.ble_nus_on_ble_evt  ble_nus.o
    0x0001d2a4   0x00000054   Code   RO          657    i.ble_nus_string_send  ble_nus.o
    0x0001d2f8   0x00000054   Code   RO          353    i.bsp_btn_ble_init  bsp_btn_ble.o
    0x0001d34c   0x00000078   Code   RO          354    i.bsp_btn_ble_on_ble_evt  bsp_btn_ble.o
    0x0001d3c4   0x00000014   Code   RO          355    i.bsp_btn_ble_sleep_mode_prepare  bsp_btn_ble.o
    0x0001d3d8   0x000000a0   Code   RO          244    i.bsp_button_event_handler  bsp.o
    0x0001d478   0x0000002c   Code   RO          245    i.bsp_button_is_pressed  bsp.o
    0x0001d4a4   0x0000003c   Code   RO            6    i.bsp_event_handler  main.o
    0x0001d4e0   0x00000048   Code   RO          249    i.bsp_event_to_button_action_assign  bsp.o
    0x0001d528   0x0000001c   Code   RO          250    i.bsp_indication_set  bsp.o
    0x0001d544   0x000000a0   Code   RO          252    i.bsp_init          bsp.o
    0x0001d5e4   0x000001f8   Code   RO          253    i.bsp_led_indication  bsp.o
    0x0001d7dc   0x0000003c   Code   RO          254    i.bsp_wakeup_buttons_set  bsp.o
    0x0001d818   0x0000000c   Code   RO          255    i.button_timer_handler  bsp.o
    0x0001d824   0x0000001c   Code   RO          859    i.channel_free      nrf_drv_gpiote.o
    0x0001d840   0x00000048   Code   RO          860    i.channel_port_alloc  nrf_drv_gpiote.o
    0x0001d888   0x00000010   Code   RO          861    i.channel_port_get  nrf_drv_gpiote.o
    0x0001d898   0x000000a8   Code   RO         1586    i.compare_reg_update  app_timer.o
    0x0001d940   0x00000088   Code   RO          443    i.conn_int_encode   ble_advdata.o
    0x0001d9c8   0x0000000c   Code   RO            7    i.conn_params_error_handler  main.o
    0x0001d9d4   0x00000068   Code   RO          596    i.conn_params_negotiation  ble_conn_params.o
    0x0001da3c   0x00000060   Code   RO         1443    i.detection_delay_timeout_handler  app_button.o
    0x0001da9c   0x00000040   Code   RO         1587    i.elapsed_ticks_acquire  app_timer.o
    0x0001dadc   0x00000014   Code   RO         1527    i.fifo_get          app_fifo.o
    0x0001daf0   0x00000012   Code   RO         1528    i.fifo_put          app_fifo.o
    0x0001db02   0x0000000e   Code   RO         1741    i.fputc             retarget.o
    0x0001db10   0x00000050   Code   RO         1444    i.gpiote_event_handler  app_button.o
    0x0001db60   0x00000080   Code   RO         1775    i.intern_softdevice_events_execute  softdevice_handler.o
    0x0001dbe0   0x0000001c   Code   RO          597    i.is_conn_params_ok  ble_conn_params.o
    0x0001dbfc   0x00000048   Code   RO         1847    i.is_manual_peripheral_setup_needed  system_nrf51.o
    0x0001dc44   0x00000054   Code   RO          444    i.le_role_encode    ble_advdata.o
    0x0001dc98   0x00000018   Code   RO          256    i.leds_timer_handler  bsp.o
    0x0001dcb0   0x000000bc   Code   RO         1588    i.list_deletions_handler  app_timer.o
    0x0001dd6c   0x000000d4   Code   RO         1589    i.list_insertions_handler  app_timer.o
    0x0001de40   0x000001d8   Code   RO            8    i.main              main.o
    0x0001e018   0x00000068   Code   RO          445    i.manuf_specific_data_encode  ble_advdata.o
    0x0001e080   0x0000009e   Code   RO          446    i.name_encode       ble_advdata.o
    0x0001e11e   0x00000002   PAD
    0x0001e120   0x00000060   Code   RO          832    i.nrf_drv_common_irq_enable  nrf_drv_common.o
    0x0001e180   0x000000a0   Code   RO          864    i.nrf_drv_gpiote_in_event_enable  nrf_drv_gpiote.o
    0x0001e220   0x000000a4   Code   RO          865    i.nrf_drv_gpiote_in_init  nrf_drv_gpiote.o
    0x0001e2c4   0x00000014   Code   RO          866    i.nrf_drv_gpiote_in_is_set  nrf_drv_gpiote.o
    0x0001e2d8   0x00000054   Code   RO          868    i.nrf_drv_gpiote_init  nrf_drv_gpiote.o
    0x0001e32c   0x00000010   Code   RO          869    i.nrf_drv_gpiote_is_init  nrf_drv_gpiote.o
    0x0001e33c   0x000000b0   Code   RO         1050    i.nrf_drv_uart_init  nrf_drv_uart.o
    0x0001e3ec   0x000000b4   Code   RO         1051    i.nrf_drv_uart_rx   nrf_drv_uart.o
    0x0001e4a0   0x00000018   Code   RO         1054    i.nrf_drv_uart_rx_enable  nrf_drv_uart.o
    0x0001e4b8   0x0000008c   Code   RO         1055    i.nrf_drv_uart_tx   nrf_drv_uart.o
    0x0001e544   0x00000024   Code   RO          881    i.nrf_gpio_cfg      nrf_drv_gpiote.o
    0x0001e568   0x00000024   Code   RO         1058    i.nrf_gpio_cfg      nrf_drv_uart.o
    0x0001e58c   0x00000012   Code   RO         1060    i.nrf_gpio_cfg_input  nrf_drv_uart.o
    0x0001e59e   0x00000014   Code   RO         1061    i.nrf_gpio_cfg_output  nrf_drv_uart.o
    0x0001e5b2   0x00000002   PAD
    0x0001e5b4   0x00000020   Code   RO          883    i.nrf_gpio_cfg_sense_set  nrf_drv_gpiote.o
    0x0001e5d4   0x00000014   Code   RO          884    i.nrf_gpiote_event_is_set  nrf_drv_gpiote.o
    0x0001e5e8   0x0000000a   Code   RO         1062    i.nrf_uart_event_check  nrf_drv_uart.o
    0x0001e5f2   0x00000010   Code   RO         1063    i.nrf_uart_int_enable_check  nrf_drv_uart.o
    0x0001e602   0x00000026   Code   RO            9    i.nus_data_handler  main.o
    0x0001e628   0x00000024   Code   RO           10    i.on_adv_evt        main.o
    0x0001e64c   0x00000070   Code   RO           11    i.on_ble_evt        main.o
    0x0001e6bc   0x00000024   Code   RO           12    i.on_conn_params_evt  main.o
    0x0001e6e0   0x00000016   Code   RO          519    i.peer_address_exists  ble_advertising.o
    0x0001e6f6   0x00000002   PAD
    0x0001e6f8   0x00000018   Code   RO          885    i.pin_in_use_by_port  nrf_drv_gpiote.o
    0x0001e710   0x00000018   Code   RO          886    i.pin_in_use_by_te  nrf_drv_gpiote.o
    0x0001e728   0x00000028   Code   RO         1213    i.pstorage_access_status_get  pstorage.o
    0x0001e750   0x00000044   Code   RO         1590    i.rtc1_stop         app_timer.o
    0x0001e794   0x0000002c   Code   RO         1064    i.rx_byte           nrf_drv_uart.o
    0x0001e7c0   0x0000009e   Code   RO          658    i.rx_char_add       ble_nus.o
    0x0001e85e   0x00000002   PAD
    0x0001e860   0x00000020   Code   RO         1065    i.rx_done_event     nrf_drv_uart.o
    0x0001e880   0x0000001c   Code   RO         1066    i.rx_enable         nrf_drv_uart.o
    0x0001e89c   0x0000008e   Code   RO          447    i.service_data_encode  ble_advdata.o
    0x0001e92a   0x00000034   Code   RO           13    i.sleep_mode_enter  main.o
    0x0001e95e   0x0000000c   Code   RO         1776    i.softdevice_assertion_handler  softdevice_handler.o
    0x0001e96a   0x00000002   PAD
    0x0001e96c   0x00000014   Code   RO         1777    i.softdevice_ble_evt_handler_set  softdevice_handler.o
    0x0001e980   0x00000030   Code   RO         1778    i.softdevice_handler_init  softdevice_handler.o
    0x0001e9b0   0x00000084   Code   RO         1591    i.timer_list_handler  app_timer.o
    0x0001ea34   0x00000010   Code   RO         1592    i.timer_list_handler_sched  app_timer.o
    0x0001ea44   0x00000040   Code   RO         1593    i.timer_list_insert  app_timer.o
    0x0001ea84   0x00000084   Code   RO         1594    i.timer_timeouts_check  app_timer.o
    0x0001eb08   0x0000002c   Code   RO         1067    i.tx_byte           nrf_drv_uart.o
    0x0001eb34   0x00000080   Code   RO          659    i.tx_char_add       ble_nus.o
    0x0001ebb4   0x00000020   Code   RO         1068    i.tx_done_event     nrf_drv_uart.o
    0x0001ebd4   0x00000068   Code   RO           14    i.uart_event_handle  main.o
    0x0001ec3c   0x000000a4   Code   RO          732    i.uart_event_handler  app_uart_fifo.o
    0x0001ece0   0x0000000a   Code   RO          448    i.uint16_encode     ble_advdata.o
    0x0001ecea   0x00000002   PAD
    0x0001ecec   0x00000064   Code   RO          598    i.update_timeout_handler  ble_conn_params.o
    0x0001ed50   0x00000054   Code   RO         1595    i.user_id_get       app_timer.o
    0x0001eda4   0x00000026   Code   RO         1596    i.user_op_alloc     app_timer.o
    0x0001edca   0x00000030   Code   RO          449    i.uuid_list_encode  ble_advdata.o
    0x0001edfa   0x000000ae   Code   RO          450    i.uuid_list_sized_encode  ble_advdata.o
    0x0001eea8   0x00000010   Code   RO          520    i.whitelist_has_entries  ble_advertising.o
    0x0001eeb8   0x0000000c   Data   RO           16    .constdata          main.o
    0x0001eec4   0x0000003c   Data   RO          261    .constdata          bsp.o
    0x0001ef00   0x00000004   Data   RO          601    .constdata          ble_conn_params.o
    0x0001ef04   0x00000010   Data   RO          660    .constdata          ble_nus.o
    0x0001ef14   0x00000020   Data   RO          734    .constdata          app_uart_fifo.o
    0x0001ef34   0x00000020   Data   RO         1070    .constdata          nrf_drv_uart.o
    0x0001ef54   0x00000008   Data   RO         1446    .constdata          app_button.o
    0x0001ef5c   0x00000020   Data   RO         2195    Region$$Table       anon$$obj.o


    Execution Region RW_IRAM1 (Base: 0x20002800, Size: 0x00001040, Max: 0x00005800, ABSOLUTE)

    Base Addr    Size         Type   Attr      Idx    E Section Name        Object

    0x20002800   0x00000008   Data   RW           17    .data               main.o
    0x20002808   0x00000018   Data   RW          262    .data               bsp.o
    0x20002820   0x00000008   Data   RW          356    .data               bsp_btn_ble.o
    0x20002828   0x0000001f   Data   RW          522    .data               ble_advertising.o
    0x20002847   0x00000001   PAD
    0x20002848   0x00000014   Data   RW          602    .data               ble_conn_params.o
    0x2000285c   0x00000008   Data   RW          735    .data               app_uart_fifo.o
    0x20002864   0x00000024   Data   RW         1238    .data               pstorage.o
    0x20002888   0x00000014   Data   RW         1447    .data               app_button.o
    0x2000289c   0x00000020   Data   RW         1597    .data               app_timer.o
    0x200028bc   0x00000004   Data   RW         1742    .data               retarget.o
    0x200028c0   0x00000014   Data   RW         1782    .data               softdevice_handler.o
    0x200028d4   0x00000004   Data   RW         1848    .data               system_nrf51.o
    0x200028d8   0x00000440   Zero   RW           15    .bss                main.o
    0x20002d18   0x00000020   Zero   RW          257    .bss                bsp.o
    0x20002d38   0x00000020   Zero   RW          258    .bss                bsp.o
    0x20002d58   0x0000000c   Zero   RW          259    .bss                bsp.o
    0x20002d64   0x00000020   Zero   RW          260    .bss                bsp.o
    0x20002d84   0x00000103   Zero   RW          521    .bss                ble_advertising.o
    0x20002e87   0x00000001   PAD
    0x20002e88   0x00000020   Zero   RW          599    .bss                ble_conn_params.o
    0x20002ea8   0x0000001c   Zero   RW          600    .bss                ble_conn_params.o
    0x20002ec4   0x00000020   Zero   RW          733    .bss                app_uart_fifo.o
    0x20002ee4   0x00000048   Zero   RW          887    .bss                nrf_drv_gpiote.o
    0x20002f2c   0x00000018   Zero   RW         1069    .bss                nrf_drv_uart.o
    0x20002f44   0x000000d8   Zero   RW         1236    .bss                pstorage.o
    0x2000301c   0x00000020   Zero   RW         1445    .bss                app_button.o
    0x2000303c   0x00000004   PAD
    0x20003040   0x00000800   Zero   RW         1836    STACK               arm_startup_nrf51.o


==============================================================================

Image component sizes


      Code (inc. data)   RO Data    RW Data    ZI Data      Debug   Object Name

       328         34          8         20         32       8754   app_button.o
        28         10          0          0          0       7624   app_error.o
       122          0          0          0          0       4110   app_fifo.o
      1700        152          0         32          0      28295   app_timer.o
       416         42         32          8         32      11418   app_uart_fifo.o
        56         18        192          0       2048        680   arm_startup_nrf51.o
      1588          6          0          0          0      18484   ble_advdata.o
      1014         36          0         31        259       7700   ble_advertising.o
       460         58          4         20         60      12764   ble_conn_params.o
       562         12         16          0          0       5510   ble_nus.o
      1114        118         60         24        108       9629   bsp.o
       284         10          0          8          0       4469   bsp_btn_ble.o
      1066        116         12          8       1088      94235   main.o
        96         18          0          0          0       8380   nrf_drv_common.o
       960        128          0          0         72      21324   nrf_drv_gpiote.o
      1060        116         32          0         24      21988   nrf_drv_uart.o
        40         10          0         36        216       9629   pstorage.o
        14          0          0          4          0       2730   retarget.o
       244         20          0         20          0       5711   softdevice_handler.o
       156         26          0          4          0       2071   system_nrf51.o

    ----------------------------------------------------------------------
     11324        930        388        216       3944     285505   Object Totals
         0          0         32          0          0          0   (incl. Generated)
        16          0          0          1          5          0   (incl. Padding)

    ----------------------------------------------------------------------

      Code (inc. data)   RO Data    RW Data    ZI Data      Debug   Library Member Name

         0          0          0          0          0          0   entry.o
         0          0          0          0          0          0   entry10a.o
         0          0          0          0          0          0   entry11a.o
         8          4          0          0          0          0   entry2.o
         4          0          0          0          0          0   entry5.o
         0          0          0          0          0          0   entry7b.o
         0          0          0          0          0          0   entry8b.o
         8          4          0          0          0          0   entry9a.o
        30          0          0          0          0          0   handlers.o
        36          8          0          0          0         68   init.o
        36          0          0          0          0         60   memcpya.o
        36          0          0          0          0        100   memseta.o
       242          8          0          0          0        168   printf2.o
        44          0          0          0          0         72   uidiv.o

    ----------------------------------------------------------------------
       444         24          0          0          0        468   Library Totals
         0          0          0          0          0          0   (incl. Padding)

    ----------------------------------------------------------------------

      Code (inc. data)   RO Data    RW Data    ZI Data      Debug   Library Name

       444         24          0          0          0        468   mc_p.l

    ----------------------------------------------------------------------
       444         24          0          0          0        468   Library Totals

    ----------------------------------------------------------------------

==============================================================================


      Code (inc. data)   RO Data    RW Data    ZI Data      Debug   

     11768        954        388        216       3944     280529   Grand Totals
     11768        954        388        216       3944     280529   ELF Image Totals
     11768        954        388        216          0          0   ROM Totals

==============================================================================

    Total RO  Size (Code + RO Data)                12156 (  11.87kB)
    Total RW  Size (RW Data + ZI Data)              4160 (   4.06kB)
    Total ROM Size (Code + RO Data + RW Data)      12372 (  12.08kB)

==============================================================================

