Component: ARM Compiler 5.06 update 3 (build 300) Tool: armlink [4d35c9]

==============================================================================

Section Cross References

    asc_pages.o(i.asc_decode_busy_acquiring_page) refers to uread4.o(.text) for __aeabi_uread4
    asc_pages.o(i.asc_decode_request_address_page) refers to uread4.o(.text) for __aeabi_uread4
    asc_pages.o(i.asc_encode_address_available_page) refers to memseta.o(.text) for __aeabi_memset
    asc_pages.o(i.asc_encode_busy_acquiring_page) refers to memseta.o(.text) for __aeabi_memset
    asc_pages.o(i.asc_encode_command_page) refers to memseta.o(.text) for __aeabi_memset
    asc_pages.o(i.asc_encode_confirm_acquire_page) refers to memseta.o(.text) for __aeabi_memset
    asc_pages.o(i.asc_encode_device_availability_page) refers to memseta.o(.text) for __aeabi_memset
    asc_pages.o(i.asc_encode_phone_command_page) refers to memseta.o(.text) for __aeabi_memset
    asc_pages.o(i.asc_encode_phone_update_data_page) refers to memseta.o(.text) for __aeabi_memset
    asc_pages.o(i.asc_encode_request_address_page) refers to memseta.o(.text) for __aeabi_memset
    asc_pages.o(i.asc_encode_request_data_page) refers to memseta.o(.text) for __aeabi_memset
    asc_pages.o(i.asc_encode_set_shared_address) refers to memseta.o(.text) for __aeabi_memclr
    asc_pages.o(i.asc_encode_update_data_page) refers to memseta.o(.text) for __aeabi_memset
    asc_slave.o(i.asc_get_counts_from_period_enum) refers to asc_slave.o(i.__ARM_common_switch8) for __ARM_common_switch8
    asc_slave.o(i.ascs_event_clear) refers to asc_slave.o(.data) for .data
    asc_slave.o(i.ascs_events_get) refers to asc_slave.o(.data) for .data
    asc_slave.o(i.ascs_get_last_request) refers to asc_slave.o(.data) for .data
    asc_slave.o(i.ascs_handle_ant_event) refers to asc_slave.o(i.__ARM_common_switch8) for __ARM_common_switch8
    asc_slave.o(i.ascs_handle_ant_event) refers to asc_slave.o(i.ascs_process_message_searching) for ascs_process_message_searching
    asc_slave.o(i.ascs_handle_ant_event) refers to main.o(i.app_error_handler) for app_error_handler
    asc_slave.o(i.ascs_handle_ant_event) refers to uidiv.o(.text) for __aeabi_uidivmod
    asc_slave.o(i.ascs_handle_ant_event) refers to asc_slave.o(i.ascs_set_state) for ascs_set_state
    asc_slave.o(i.ascs_handle_ant_event) refers to asc_pages.o(i.asc_decode_busy_acquiring_page) for asc_decode_busy_acquiring_page
    asc_slave.o(i.ascs_handle_ant_event) refers to asc_slave.o(i.ascs_process_message_assigned) for ascs_process_message_assigned
    asc_slave.o(i.ascs_handle_ant_event) refers to asc_slave.o(.data) for .data
    asc_slave.o(i.ascs_increment_timer) refers to asc_slave.o(i.__ARM_common_switch8) for __ARM_common_switch8
    asc_slave.o(i.ascs_increment_timer) refers to asc_slave.o(i.ascs_set_state) for ascs_set_state
    asc_slave.o(i.ascs_increment_timer) refers to asc_slave.o(.data) for .data
    asc_slave.o(i.ascs_init) refers to ant_stack_config.o(i.ant_stack_static_config) for ant_stack_static_config
    asc_slave.o(i.ascs_init) refers to main.o(i.app_error_handler) for app_error_handler
    asc_slave.o(i.ascs_init) refers to asc_slave.o(i.asc_get_counts_from_period_enum) for asc_get_counts_from_period_enum
    asc_slave.o(i.ascs_init) refers to asc_slave.o(.data) for .data
    asc_slave.o(i.ascs_light_state_get) refers to asc_slave.o(.data) for .data
    asc_slave.o(i.ascs_process_command) refers to asc_pages.o(i.asc_decode_command_page) for asc_decode_command_page
    asc_slave.o(i.ascs_process_command) refers to main.o(i.app_error_handler) for app_error_handler
    asc_slave.o(i.ascs_process_command) refers to asc_slave.o(i.__ARM_common_switch8) for __ARM_common_switch8
    asc_slave.o(i.ascs_process_command) refers to asc_slave.o(.data) for .data
    asc_slave.o(i.ascs_process_message_assigned) refers to asc_pages.o(i.asc_decode_request_data_page) for asc_decode_request_data_page
    asc_slave.o(i.ascs_process_message_assigned) refers to main.o(i.app_error_handler) for app_error_handler
    asc_slave.o(i.ascs_process_message_assigned) refers to asc_pages.o(i.asc_encode_update_data_page) for asc_encode_update_data_page
    asc_slave.o(i.ascs_process_message_assigned) refers to asc_slave.o(i.ascs_process_command) for ascs_process_command
    asc_slave.o(i.ascs_process_message_assigned) refers to asc_slave.o(.data) for .data
    asc_slave.o(i.ascs_process_message_searching) refers to asc_pages.o(i.asc_decode_address_available_page) for asc_decode_address_available_page
    asc_slave.o(i.ascs_process_message_searching) refers to main.o(i.app_error_handler) for app_error_handler
    asc_slave.o(i.ascs_process_message_searching) refers to asc_slave.o(i.asc_get_counts_from_period_enum) for asc_get_counts_from_period_enum
    asc_slave.o(i.ascs_process_message_searching) refers to asc_slave.o(i.ascs_set_state) for ascs_set_state
    asc_slave.o(i.ascs_process_message_searching) refers to asc_slave.o(.data) for .data
    asc_slave.o(i.ascs_send_response) refers to main.o(i.app_error_handler) for app_error_handler
    asc_slave.o(i.ascs_set_state) refers to asc_slave.o(i.__ARM_common_switch8) for __ARM_common_switch8
    asc_slave.o(i.ascs_set_state) refers to main.o(i.app_error_handler) for app_error_handler
    asc_slave.o(i.ascs_set_state) refers to asc_pages.o(i.asc_encode_set_shared_address) for asc_encode_set_shared_address
    asc_slave.o(i.ascs_set_state) refers to asc_pages.o(i.asc_encode_request_address_page) for asc_encode_request_address_page
    asc_slave.o(i.ascs_set_state) refers to asc_pages.o(i.asc_encode_confirm_acquire_page) for asc_encode_confirm_acquire_page
    asc_slave.o(i.ascs_set_state) refers to asc_slave.o(.data) for .data
    asc_slave.o(i.ascs_set_state) refers to asc_slave.o(.constdata) for .constdata
    asc_slave.o(i.ascs_state_get) refers to asc_slave.o(.data) for .data
    asc_slave.o(i.ascs_turn_on) refers to asc_slave.o(i.ascs_set_state) for ascs_set_state
    main.o(i.check_and_handle_asc_flags) refers to asc_slave.o(i.ascs_events_get) for ascs_events_get
    main.o(i.check_and_handle_asc_flags) refers to asc_slave.o(i.ascs_event_clear) for ascs_event_clear
    main.o(i.check_and_handle_asc_flags) refers to asc_slave.o(i.ascs_state_get) for ascs_state_get
    main.o(i.check_and_handle_asc_flags) refers to asc_slave.o(i.__ARM_common_switch8) for __ARM_common_switch8
    main.o(i.check_and_handle_asc_flags) refers to main.o(i.led_on) for led_on
    main.o(i.check_and_handle_asc_flags) refers to main.o(i.led_off) for led_off
    main.o(i.check_and_handle_asc_flags) refers to main.o(i.led_toggle) for led_toggle
    main.o(i.check_and_handle_asc_flags) refers to nrf_delay.o(i.nrf_delay_ms) for nrf_delay_ms
    main.o(i.check_and_handle_asc_flags) refers to asc_slave.o(i.ascs_light_state_get) for ascs_light_state_get
    main.o(i.check_and_handle_asc_flags) refers to asc_slave.o(i.ascs_get_last_request) for ascs_get_last_request
    main.o(i.check_and_handle_asc_flags) refers to asc_slave.o(i.ascs_send_response) for ascs_send_response
    main.o(i.init_timer) refers to app_timer.o(i.app_timer_init) for app_timer_init
    main.o(i.init_timer) refers to app_timer.o(i.app_timer_create) for app_timer_create
    main.o(i.init_timer) refers to app_timer.o(i.app_timer_start) for app_timer_start
    main.o(i.init_timer) refers to main.o(.bss) for .bss
    main.o(i.init_timer) refers to main.o(i.one_second_timer_callback) for one_second_timer_callback
    main.o(i.init_timer) refers to main.o(.constdata) for .constdata
    main.o(i.main) refers to main.o(i.init_timer) for init_timer
    main.o(i.main) refers to asc_slave.o(i.ascs_init) for ascs_init
    main.o(i.main) refers to asc_slave.o(i.ascs_turn_on) for ascs_turn_on
    main.o(i.main) refers to main.o(i.poll_for_ant_events) for poll_for_ant_events
    main.o(i.main) refers to main.o(i.check_and_handle_asc_flags) for check_and_handle_asc_flags
    main.o(i.main) refers to main.o(i.softdevice_assert_callback) for softdevice_assert_callback
    main.o(i.main) refers to main.o(.constdata) for .constdata
    main.o(i.one_second_timer_callback) refers to asc_slave.o(i.ascs_increment_timer) for ascs_increment_timer
    main.o(i.poll_for_ant_events) refers to main.o(i.led_toggle) for led_toggle
    main.o(i.poll_for_ant_events) refers to asc_slave.o(i.ascs_handle_ant_event) for ascs_handle_ant_event
    main.o(i.poll_for_ant_events) refers to main.o(.bss) for .bss
    main.o(i.poll_for_ant_events) refers to main.o(.data) for .data
    main.o(.constdata) refers to main.o(.bss) for m_timer_id_data
    main.o(.constdata) refers to main.o(.data) for m_device_number
    bsp.o(i.bsp_button_event_handler) refers to app_timer.o(i.app_timer_start) for app_timer_start
    bsp.o(i.bsp_button_event_handler) refers to app_timer.o(i.app_timer_stop) for app_timer_stop
    bsp.o(i.bsp_button_event_handler) refers to bsp.o(.constdata) for .constdata
    bsp.o(i.bsp_button_event_handler) refers to bsp.o(.bss) for .bss
    bsp.o(i.bsp_button_event_handler) refers to bsp.o(.data) for .data
    bsp.o(i.bsp_button_is_pressed) refers to bsp.o(.constdata) for .constdata
    bsp.o(i.bsp_buttons_disable) refers to app_button.o(i.app_button_disable) for app_button_disable
    bsp.o(i.bsp_buttons_enable) refers to app_button.o(i.app_button_enable) for app_button_enable
    bsp.o(i.bsp_buttons_state_get) refers to bsp.o(.constdata) for .constdata
    bsp.o(i.bsp_event_to_button_action_assign) refers to bsp.o(.bss) for .bss
    bsp.o(i.bsp_indication_set) refers to bsp.o(i.bsp_led_indication) for bsp_led_indication
    bsp.o(i.bsp_indication_set) refers to bsp.o(.data) for .data
    bsp.o(i.bsp_indication_text_set) refers to bsp.o(i.bsp_indication_set) for bsp_indication_set
    bsp.o(i.bsp_init) refers to bsp.o(i.bsp_event_to_button_action_assign) for bsp_event_to_button_action_assign
    bsp.o(i.bsp_init) refers to app_button.o(i.app_button_init) for app_button_init
    bsp.o(i.bsp_init) refers to app_button.o(i.app_button_enable) for app_button_enable
    bsp.o(i.bsp_init) refers to app_timer.o(i.app_timer_create) for app_timer_create
    bsp.o(i.bsp_init) refers to bsp.o(.data) for .data
    bsp.o(i.bsp_init) refers to bsp.o(.constdata) for .constdata
    bsp.o(i.bsp_init) refers to bsp.o(i.button_timer_handler) for button_timer_handler
    bsp.o(i.bsp_init) refers to bsp.o(i.leds_timer_handler) for leds_timer_handler
    bsp.o(i.bsp_init) refers to bsp.o(i.alert_timer_handler) for alert_timer_handler
    bsp.o(i.bsp_led_indication) refers to asc_slave.o(i.__ARM_common_switch8) for __ARM_common_switch8
    bsp.o(i.bsp_led_indication) refers to uidiv.o(.text) for __aeabi_uidivmod
    bsp.o(i.bsp_led_indication) refers to app_timer.o(i.app_timer_start) for app_timer_start
    bsp.o(i.bsp_led_indication) refers to app_timer.o(i.app_timer_stop) for app_timer_stop
    bsp.o(i.bsp_led_indication) refers to bsp.o(.data) for .data
    bsp.o(i.bsp_led_indication) refers to bsp.o(.constdata) for .constdata
    bsp.o(i.bsp_wakeup_buttons_set) refers to bsp.o(.constdata) for .constdata
    bsp.o(i.button_timer_handler) refers to bsp.o(i.bsp_button_event_handler) for bsp_button_event_handler
    bsp.o(i.leds_timer_handler) refers to bsp.o(i.bsp_led_indication) for bsp_led_indication
    bsp.o(i.leds_timer_handler) refers to bsp.o(.data) for .data
    bsp.o(.constdata) refers to bsp.o(.bss) for m_leds_timer_id_data
    bsp.o(.constdata) refers to bsp.o(.bss) for m_alert_timer_id_data
    bsp.o(.constdata) refers to bsp.o(.bss) for m_button_timer_id_data
    bsp.o(.constdata) refers to bsp.o(i.bsp_button_event_handler) for bsp_button_event_handler
    ant_stack_config.o(i.ant_stack_static_config) refers to ant_stack_config.o(.constdata) for .constdata
    ant_stack_config.o(.constdata) refers to ant_stack_config.o(.bss) for ant_stack_buffer
    nrf_delay.o(i.nrf_delay_ms) refers to nrf_delay.o(.emb_text) for __asm___11_nrf_delay_c_532987f3__nrf_delay_us
    nrf_drv_gpiote.o(i.GPIOTE_IRQHandler) refers to nrf_drv_gpiote.o(i.nrf_gpiote_event_is_set) for nrf_gpiote_event_is_set
    nrf_drv_gpiote.o(i.GPIOTE_IRQHandler) refers to nrf_drv_gpiote.o(i.channel_port_get) for channel_port_get
    nrf_drv_gpiote.o(i.GPIOTE_IRQHandler) refers to nrf_drv_gpiote.o(i.nrf_gpio_cfg_sense_set) for nrf_gpio_cfg_sense_set
    nrf_drv_gpiote.o(i.GPIOTE_IRQHandler) refers to nrf_drv_gpiote.o(.bss) for .bss
    nrf_drv_gpiote.o(i.GPIOTE_IRQHandler) refers to nrf_drv_gpiote.o(.data) for .data
    nrf_drv_gpiote.o(i.channel_free) refers to nrf_drv_gpiote.o(.bss) for .bss
    nrf_drv_gpiote.o(i.channel_port_alloc) refers to nrf_drv_gpiote.o(.bss) for .bss
    nrf_drv_gpiote.o(i.channel_port_get) refers to nrf_drv_gpiote.o(.bss) for .bss
    nrf_drv_gpiote.o(i.nrf_drv_gpiote_in_event_addr_get) refers to nrf_drv_gpiote.o(i.channel_port_get) for channel_port_get
    nrf_drv_gpiote.o(i.nrf_drv_gpiote_in_event_disable) refers to nrf_drv_gpiote.o(i.pin_in_use_by_port) for pin_in_use_by_port
    nrf_drv_gpiote.o(i.nrf_drv_gpiote_in_event_disable) refers to nrf_drv_gpiote.o(i.nrf_gpio_cfg_sense_set) for nrf_gpio_cfg_sense_set
    nrf_drv_gpiote.o(i.nrf_drv_gpiote_in_event_disable) refers to nrf_drv_gpiote.o(i.pin_in_use_by_te) for pin_in_use_by_te
    nrf_drv_gpiote.o(i.nrf_drv_gpiote_in_event_disable) refers to nrf_drv_gpiote.o(i.channel_port_get) for channel_port_get
    nrf_drv_gpiote.o(i.nrf_drv_gpiote_in_event_enable) refers to nrf_drv_gpiote.o(i.pin_in_use_by_port) for pin_in_use_by_port
    nrf_drv_gpiote.o(i.nrf_drv_gpiote_in_event_enable) refers to nrf_drv_gpiote.o(i.channel_port_get) for channel_port_get
    nrf_drv_gpiote.o(i.nrf_drv_gpiote_in_event_enable) refers to nrf_drv_gpiote.o(i.nrf_gpio_cfg_sense_set) for nrf_gpio_cfg_sense_set
    nrf_drv_gpiote.o(i.nrf_drv_gpiote_in_event_enable) refers to nrf_drv_gpiote.o(i.pin_in_use_by_te) for pin_in_use_by_te
    nrf_drv_gpiote.o(i.nrf_drv_gpiote_in_event_enable) refers to nrf_drv_gpiote.o(.bss) for .bss
    nrf_drv_gpiote.o(i.nrf_drv_gpiote_in_init) refers to nrf_drv_gpiote.o(i.channel_port_alloc) for channel_port_alloc
    nrf_drv_gpiote.o(i.nrf_drv_gpiote_in_init) refers to nrf_drv_gpiote.o(i.nrf_gpio_cfg) for nrf_gpio_cfg
    nrf_drv_gpiote.o(i.nrf_drv_gpiote_in_init) refers to nrf_drv_gpiote.o(.bss) for .bss
    nrf_drv_gpiote.o(i.nrf_drv_gpiote_in_uninit) refers to nrf_drv_gpiote.o(i.nrf_drv_gpiote_in_event_disable) for nrf_drv_gpiote_in_event_disable
    nrf_drv_gpiote.o(i.nrf_drv_gpiote_in_uninit) refers to nrf_drv_gpiote.o(i.pin_in_use_by_te) for pin_in_use_by_te
    nrf_drv_gpiote.o(i.nrf_drv_gpiote_in_uninit) refers to nrf_drv_gpiote.o(i.channel_port_get) for channel_port_get
    nrf_drv_gpiote.o(i.nrf_drv_gpiote_in_uninit) refers to nrf_drv_gpiote.o(i.nrf_gpio_cfg_default) for nrf_gpio_cfg_default
    nrf_drv_gpiote.o(i.nrf_drv_gpiote_in_uninit) refers to nrf_drv_gpiote.o(i.channel_free) for channel_free
    nrf_drv_gpiote.o(i.nrf_drv_gpiote_in_uninit) refers to nrf_drv_gpiote.o(.bss) for .bss
    nrf_drv_gpiote.o(i.nrf_drv_gpiote_init) refers to nrf_drv_gpiote.o(i.channel_free) for channel_free
    nrf_drv_gpiote.o(i.nrf_drv_gpiote_init) refers to nrf_drv_common.o(i.nrf_drv_common_irq_enable) for nrf_drv_common_irq_enable
    nrf_drv_gpiote.o(i.nrf_drv_gpiote_init) refers to nrf_drv_gpiote.o(.bss) for .bss
    nrf_drv_gpiote.o(i.nrf_drv_gpiote_is_init) refers to nrf_drv_gpiote.o(.bss) for .bss
    nrf_drv_gpiote.o(i.nrf_drv_gpiote_out_init) refers to nrf_drv_gpiote.o(i.channel_port_alloc) for channel_port_alloc
    nrf_drv_gpiote.o(i.nrf_drv_gpiote_out_init) refers to nrf_drv_gpiote.o(i.nrf_gpio_cfg) for nrf_gpio_cfg
    nrf_drv_gpiote.o(i.nrf_drv_gpiote_out_init) refers to nrf_drv_gpiote.o(.bss) for .bss
    nrf_drv_gpiote.o(i.nrf_drv_gpiote_out_task_addr_get) refers to nrf_drv_gpiote.o(i.channel_port_get) for channel_port_get
    nrf_drv_gpiote.o(i.nrf_drv_gpiote_out_task_disable) refers to nrf_drv_gpiote.o(.bss) for .bss
    nrf_drv_gpiote.o(i.nrf_drv_gpiote_out_task_enable) refers to nrf_drv_gpiote.o(.bss) for .bss
    nrf_drv_gpiote.o(i.nrf_drv_gpiote_out_task_force) refers to nrf_drv_gpiote.o(.bss) for .bss
    nrf_drv_gpiote.o(i.nrf_drv_gpiote_out_task_trigger) refers to nrf_drv_gpiote.o(i.channel_port_get) for channel_port_get
    nrf_drv_gpiote.o(i.nrf_drv_gpiote_out_uninit) refers to nrf_drv_gpiote.o(i.pin_in_use_by_te) for pin_in_use_by_te
    nrf_drv_gpiote.o(i.nrf_drv_gpiote_out_uninit) refers to nrf_drv_gpiote.o(i.channel_port_get) for channel_port_get
    nrf_drv_gpiote.o(i.nrf_drv_gpiote_out_uninit) refers to nrf_drv_gpiote.o(i.channel_free) for channel_free
    nrf_drv_gpiote.o(i.nrf_drv_gpiote_out_uninit) refers to nrf_drv_gpiote.o(i.nrf_gpio_cfg_default) for nrf_gpio_cfg_default
    nrf_drv_gpiote.o(i.nrf_drv_gpiote_out_uninit) refers to nrf_drv_gpiote.o(.bss) for .bss
    nrf_drv_gpiote.o(i.nrf_drv_gpiote_uninit) refers to nrf_drv_gpiote.o(i.nrf_drv_gpiote_in_uninit) for nrf_drv_gpiote_in_uninit
    nrf_drv_gpiote.o(i.nrf_drv_gpiote_uninit) refers to nrf_drv_gpiote.o(i.nrf_drv_gpiote_out_uninit) for nrf_drv_gpiote_out_uninit
    nrf_drv_gpiote.o(i.nrf_drv_gpiote_uninit) refers to nrf_drv_gpiote.o(.bss) for .bss
    nrf_drv_gpiote.o(i.nrf_gpio_cfg_default) refers to nrf_drv_gpiote.o(i.nrf_gpio_cfg) for nrf_gpio_cfg
    nrf_drv_gpiote.o(i.pin_in_use_by_port) refers to nrf_drv_gpiote.o(.bss) for .bss
    nrf_drv_gpiote.o(i.pin_in_use_by_te) refers to nrf_drv_gpiote.o(.bss) for .bss
    app_button.o(i.app_button_disable) refers to nrf_drv_gpiote.o(i.nrf_drv_gpiote_in_event_disable) for nrf_drv_gpiote_in_event_disable
    app_button.o(i.app_button_disable) refers to app_timer.o(i.app_timer_stop) for app_timer_stop
    app_button.o(i.app_button_disable) refers to app_button.o(.data) for .data
    app_button.o(i.app_button_disable) refers to app_button.o(.constdata) for .constdata
    app_button.o(i.app_button_enable) refers to nrf_drv_gpiote.o(i.nrf_drv_gpiote_in_event_enable) for nrf_drv_gpiote_in_event_enable
    app_button.o(i.app_button_enable) refers to app_button.o(.data) for .data
    app_button.o(i.app_button_init) refers to nrf_drv_gpiote.o(i.nrf_drv_gpiote_is_init) for nrf_drv_gpiote_is_init
    app_button.o(i.app_button_init) refers to nrf_drv_gpiote.o(i.nrf_drv_gpiote_init) for nrf_drv_gpiote_init
    app_button.o(i.app_button_init) refers to nrf_drv_gpiote.o(i.nrf_drv_gpiote_in_init) for nrf_drv_gpiote_in_init
    app_button.o(i.app_button_init) refers to app_timer.o(i.app_timer_create) for app_timer_create
    app_button.o(i.app_button_init) refers to app_button.o(.data) for .data
    app_button.o(i.app_button_init) refers to app_button.o(.constdata) for .constdata
    app_button.o(i.app_button_init) refers to app_button.o(i.gpiote_event_handler) for gpiote_event_handler
    app_button.o(i.app_button_init) refers to app_button.o(i.detection_delay_timeout_handler) for detection_delay_timeout_handler
    app_button.o(i.app_button_is_pushed) refers to nrf_drv_gpiote.o(i.nrf_drv_gpiote_in_is_set) for nrf_drv_gpiote_in_is_set
    app_button.o(i.app_button_is_pushed) refers to app_button.o(.data) for .data
    app_button.o(i.detection_delay_timeout_handler) refers to nrf_drv_gpiote.o(i.nrf_drv_gpiote_in_is_set) for nrf_drv_gpiote_in_is_set
    app_button.o(i.detection_delay_timeout_handler) refers to app_button.o(.data) for .data
    app_button.o(i.gpiote_event_handler) refers to app_timer.o(i.app_timer_stop) for app_timer_stop
    app_button.o(i.gpiote_event_handler) refers to nrf_drv_gpiote.o(i.nrf_drv_gpiote_in_is_set) for nrf_drv_gpiote_in_is_set
    app_button.o(i.gpiote_event_handler) refers to app_timer.o(i.app_timer_start) for app_timer_start
    app_button.o(i.gpiote_event_handler) refers to app_button.o(.constdata) for .constdata
    app_button.o(i.gpiote_event_handler) refers to app_button.o(.data) for .data
    app_button.o(.constdata) refers to app_button.o(.bss) for m_detection_delay_timer_id_data
    app_timer.o(i.RTC1_IRQHandler) refers to app_timer.o(i.timer_timeouts_check) for timer_timeouts_check
    app_timer.o(i.SWI0_IRQHandler) refers to app_timer.o(i.timer_list_handler) for timer_list_handler
    app_timer.o(i.app_timer_create) refers to app_timer.o(.data) for .data
    app_timer.o(i.app_timer_init) refers to app_timer.o(i.rtc1_stop) for rtc1_stop
    app_timer.o(i.app_timer_init) refers to app_timer.o(i.NVIC_SetPriority) for NVIC_SetPriority
    app_timer.o(i.app_timer_init) refers to app_timer.o(.data) for .data
    app_timer.o(i.app_timer_start) refers to app_timer.o(i.user_id_get) for user_id_get
    app_timer.o(i.app_timer_start) refers to app_timer.o(i.user_op_alloc) for user_op_alloc
    app_timer.o(i.app_timer_start) refers to app_timer.o(i.timer_list_handler_sched) for timer_list_handler_sched
    app_timer.o(i.app_timer_start) refers to app_timer.o(.data) for .data
    app_timer.o(i.app_timer_stop) refers to app_timer.o(i.user_id_get) for user_id_get
    app_timer.o(i.app_timer_stop) refers to app_timer.o(i.user_op_alloc) for user_op_alloc
    app_timer.o(i.app_timer_stop) refers to app_timer.o(i.timer_list_handler_sched) for timer_list_handler_sched
    app_timer.o(i.app_timer_stop) refers to app_timer.o(.data) for .data
    app_timer.o(i.app_timer_stop_all) refers to app_timer.o(i.user_id_get) for user_id_get
    app_timer.o(i.app_timer_stop_all) refers to app_timer.o(i.user_op_alloc) for user_op_alloc
    app_timer.o(i.app_timer_stop_all) refers to app_timer.o(i.timer_list_handler_sched) for timer_list_handler_sched
    app_timer.o(i.app_timer_stop_all) refers to app_timer.o(.data) for .data
    app_timer.o(i.compare_reg_update) refers to app_timer.o(.emb_text) for __asm___11_app_timer_c_cd27f9c3__nrf_delay_us
    app_timer.o(i.compare_reg_update) refers to app_timer.o(i.rtc1_stop) for rtc1_stop
    app_timer.o(i.compare_reg_update) refers to app_timer.o(.data) for .data
    app_timer.o(i.elapsed_ticks_acquire) refers to app_timer.o(.data) for .data
    app_timer.o(i.list_deletions_handler) refers to app_timer.o(.data) for .data
    app_timer.o(i.list_insertions_handler) refers to app_timer.o(i.timer_list_insert) for timer_list_insert
    app_timer.o(i.list_insertions_handler) refers to app_timer.o(.data) for .data
    app_timer.o(i.rtc1_stop) refers to app_timer.o(.emb_text) for __asm___11_app_timer_c_cd27f9c3__nrf_delay_us
    app_timer.o(i.rtc1_stop) refers to app_timer.o(.data) for .data
    app_timer.o(i.timer_list_handler) refers to app_timer.o(i.elapsed_ticks_acquire) for elapsed_ticks_acquire
    app_timer.o(i.timer_list_handler) refers to app_timer.o(i.list_deletions_handler) for list_deletions_handler
    app_timer.o(i.timer_list_handler) refers to app_timer.o(i.list_insertions_handler) for list_insertions_handler
    app_timer.o(i.timer_list_handler) refers to app_timer.o(i.compare_reg_update) for compare_reg_update
    app_timer.o(i.timer_list_handler) refers to app_timer.o(.data) for .data
    app_timer.o(i.timer_list_insert) refers to app_timer.o(.data) for .data
    app_timer.o(i.timer_timeouts_check) refers to main.o(i.app_error_handler) for app_error_handler
    app_timer.o(i.timer_timeouts_check) refers to app_timer.o(i.timer_list_handler_sched) for timer_list_handler_sched
    app_timer.o(i.timer_timeouts_check) refers to app_timer.o(.data) for .data
    arm_startup_nrf51.o(RESET) refers to arm_startup_nrf51.o(STACK) for __initial_sp
    arm_startup_nrf51.o(RESET) refers to arm_startup_nrf51.o(.text) for Reset_Handler
    arm_startup_nrf51.o(RESET) refers to main.o(i.HardFault_Handler) for HardFault_Handler
    arm_startup_nrf51.o(RESET) refers to nrf_drv_gpiote.o(i.GPIOTE_IRQHandler) for GPIOTE_IRQHandler
    arm_startup_nrf51.o(RESET) refers to app_timer.o(i.RTC1_IRQHandler) for RTC1_IRQHandler
    arm_startup_nrf51.o(RESET) refers to app_timer.o(i.SWI0_IRQHandler) for SWI0_IRQHandler
    arm_startup_nrf51.o(RESET) refers to main.o(i.SWI2_IRQHandler) for SWI2_IRQHandler
    arm_startup_nrf51.o(.text) refers to system_nrf51.o(i.SystemInit) for SystemInit
    arm_startup_nrf51.o(.text) refers to entry.o(.ARM.Collect$$$$00000000) for __main
    system_nrf51.o(i.SystemCoreClockUpdate) refers to system_nrf51.o(.data) for .data
    system_nrf51.o(i.SystemInit) refers to system_nrf51.o(i.is_manual_peripheral_setup_needed) for is_manual_peripheral_setup_needed
    entry.o(.ARM.Collect$$$$00000000) refers (Special) to entry10a.o(.ARM.Collect$$$$0000000D) for __rt_final_cpp
    entry.o(.ARM.Collect$$$$00000000) refers (Special) to entry11a.o(.ARM.Collect$$$$0000000F) for __rt_final_exit
    entry.o(.ARM.Collect$$$$00000000) refers (Special) to entry7b.o(.ARM.Collect$$$$00000008) for _main_clock
    entry.o(.ARM.Collect$$$$00000000) refers (Special) to entry8b.o(.ARM.Collect$$$$0000000A) for _main_cpp_init
    entry.o(.ARM.Collect$$$$00000000) refers (Special) to entry9a.o(.ARM.Collect$$$$0000000B) for _main_init
    entry.o(.ARM.Collect$$$$00000000) refers (Special) to entry5.o(.ARM.Collect$$$$00000004) for _main_scatterload
    entry.o(.ARM.Collect$$$$00000000) refers (Special) to entry2.o(.ARM.Collect$$$$00000001) for _main_stk
    entry2.o(.ARM.Collect$$$$00000001) refers to entry2.o(.ARM.Collect$$$$00002712) for __lit__00000000
    entry2.o(.ARM.Collect$$$$00002712) refers to arm_startup_nrf51.o(STACK) for __initial_sp
    entry2.o(__vectab_stack_and_reset_area) refers to arm_startup_nrf51.o(STACK) for __initial_sp
    entry2.o(__vectab_stack_and_reset_area) refers to entry.o(.ARM.Collect$$$$00000000) for __main
    entry5.o(.ARM.Collect$$$$00000004) refers to init.o(.text) for __scatterload
    entry9a.o(.ARM.Collect$$$$0000000B) refers to main.o(i.main) for main
    entry9b.o(.ARM.Collect$$$$0000000C) refers to main.o(i.main) for main
    init.o(.text) refers to entry5.o(.ARM.Collect$$$$00000004) for __main_after_scatterload


==============================================================================

Removing Unused input sections from the image.

    Removing asc_device_registry.o(i.deviceregistry_add_device), (72 bytes).
    Removing asc_device_registry.o(i.deviceregistry_clear_event), (8 bytes).
    Removing asc_device_registry.o(i.deviceregistry_get_device), (8 bytes).
    Removing asc_device_registry.o(i.deviceregistry_get_first_registered_shared_address), (38 bytes).
    Removing asc_device_registry.o(i.deviceregistry_get_next_free_shared_address), (40 bytes).
    Removing asc_device_registry.o(i.deviceregistry_get_next_registered_shared_address), (38 bytes).
    Removing asc_device_registry.o(i.deviceregistry_is_device_registered), (16 bytes).
    Removing asc_device_registry.o(i.deviceregistry_is_full), (14 bytes).
    Removing asc_device_registry.o(i.deviceregistry_remove_device), (80 bytes).
    Removing asc_device_registry.o(i.deviceregistry_setup), (24 bytes).
    Removing asc_pages.o(i.asc_decode_confirm_acquire_page), (52 bytes).
    Removing asc_pages.o(i.asc_decode_phone_command_page), (38 bytes).
    Removing asc_pages.o(i.asc_decode_phone_update_data_page), (32 bytes).
    Removing asc_pages.o(i.asc_decode_request_address_page), (38 bytes).
    Removing asc_pages.o(i.asc_decode_update_data_page), (22 bytes).
    Removing asc_pages.o(i.asc_encode_address_available_page), (58 bytes).
    Removing asc_pages.o(i.asc_encode_busy_acquiring_page), (44 bytes).
    Removing asc_pages.o(i.asc_encode_command_page), (40 bytes).
    Removing asc_pages.o(i.asc_encode_device_availability_page), (28 bytes).
    Removing asc_pages.o(i.asc_encode_phone_command_page), (50 bytes).
    Removing asc_pages.o(i.asc_encode_phone_update_data_page), (42 bytes).
    Removing asc_pages.o(i.asc_encode_request_data_page), (36 bytes).
    Removing asc_slave.o(.rev16_text), (4 bytes).
    Removing asc_slave.o(.revsh_text), (4 bytes).
    Removing asc_slave.o(i.ascs_send_data), (2 bytes).
    Removing main.o(.rev16_text), (4 bytes).
    Removing main.o(.revsh_text), (4 bytes).
    Removing main.o(.emb_text), (30 bytes).
    Removing n5sk_button.o(.rev16_text), (4 bytes).
    Removing n5sk_button.o(.revsh_text), (4 bytes).
    Removing n5sk_led.o(.rev16_text), (4 bytes).
    Removing n5sk_led.o(.revsh_text), (4 bytes).
    Removing bsp.o(.rev16_text), (4 bytes).
    Removing bsp.o(.revsh_text), (4 bytes).
    Removing bsp.o(i.alert_timer_handler), (24 bytes).
    Removing bsp.o(i.bsp_button_event_handler), (160 bytes).
    Removing bsp.o(i.bsp_button_is_pressed), (44 bytes).
    Removing bsp.o(i.bsp_buttons_disable), (8 bytes).
    Removing bsp.o(i.bsp_buttons_enable), (8 bytes).
    Removing bsp.o(i.bsp_buttons_state_get), (60 bytes).
    Removing bsp.o(i.bsp_event_to_button_action_assign), (72 bytes).
    Removing bsp.o(i.bsp_indication_set), (28 bytes).
    Removing bsp.o(i.bsp_indication_text_set), (8 bytes).
    Removing bsp.o(i.bsp_init), (160 bytes).
    Removing bsp.o(i.bsp_led_indication), (488 bytes).
    Removing bsp.o(i.bsp_wakeup_buttons_set), (60 bytes).
    Removing bsp.o(i.button_timer_handler), (12 bytes).
    Removing bsp.o(i.leds_timer_handler), (24 bytes).
    Removing bsp.o(.bss), (32 bytes).
    Removing bsp.o(.bss), (32 bytes).
    Removing bsp.o(.bss), (12 bytes).
    Removing bsp.o(.bss), (32 bytes).
    Removing bsp.o(.constdata), (60 bytes).
    Removing bsp.o(.data), (24 bytes).
    Removing nrf_delay.o(.rev16_text), (4 bytes).
    Removing nrf_delay.o(.revsh_text), (4 bytes).
    Removing nrf_drv_common.o(.rev16_text), (4 bytes).
    Removing nrf_drv_common.o(.revsh_text), (4 bytes).
    Removing nrf_drv_common.o(i.nrf_drv_common_irq_enable), (96 bytes).
    Removing nrf_drv_gpiote.o(.rev16_text), (4 bytes).
    Removing nrf_drv_gpiote.o(.revsh_text), (4 bytes).
    Removing nrf_drv_gpiote.o(i.channel_free), (28 bytes).
    Removing nrf_drv_gpiote.o(i.channel_port_alloc), (72 bytes).
    Removing nrf_drv_gpiote.o(i.nrf_drv_gpiote_in_event_addr_get), (24 bytes).
    Removing nrf_drv_gpiote.o(i.nrf_drv_gpiote_in_event_disable), (72 bytes).
    Removing nrf_drv_gpiote.o(i.nrf_drv_gpiote_in_event_enable), (160 bytes).
    Removing nrf_drv_gpiote.o(i.nrf_drv_gpiote_in_init), (164 bytes).
    Removing nrf_drv_gpiote.o(i.nrf_drv_gpiote_in_is_set), (20 bytes).
    Removing nrf_drv_gpiote.o(i.nrf_drv_gpiote_in_uninit), (76 bytes).
    Removing nrf_drv_gpiote.o(i.nrf_drv_gpiote_init), (84 bytes).
    Removing nrf_drv_gpiote.o(i.nrf_drv_gpiote_is_init), (16 bytes).
    Removing nrf_drv_gpiote.o(i.nrf_drv_gpiote_out_clear), (16 bytes).
    Removing nrf_drv_gpiote.o(i.nrf_drv_gpiote_out_init), (152 bytes).
    Removing nrf_drv_gpiote.o(i.nrf_drv_gpiote_out_set), (16 bytes).
    Removing nrf_drv_gpiote.o(i.nrf_drv_gpiote_out_task_addr_get), (20 bytes).
    Removing nrf_drv_gpiote.o(i.nrf_drv_gpiote_out_task_disable), (32 bytes).
    Removing nrf_drv_gpiote.o(i.nrf_drv_gpiote_out_task_enable), (48 bytes).
    Removing nrf_drv_gpiote.o(i.nrf_drv_gpiote_out_task_force), (44 bytes).
    Removing nrf_drv_gpiote.o(i.nrf_drv_gpiote_out_task_trigger), (24 bytes).
    Removing nrf_drv_gpiote.o(i.nrf_drv_gpiote_out_toggle), (28 bytes).
    Removing nrf_drv_gpiote.o(i.nrf_drv_gpiote_out_uninit), (68 bytes).
    Removing nrf_drv_gpiote.o(i.nrf_drv_gpiote_uninit), (56 bytes).
    Removing nrf_drv_gpiote.o(i.nrf_gpio_cfg), (36 bytes).
    Removing nrf_drv_gpiote.o(i.nrf_gpio_cfg_default), (18 bytes).
    Removing nrf_drv_gpiote.o(i.pin_in_use_by_port), (24 bytes).
    Removing nrf_drv_gpiote.o(i.pin_in_use_by_te), (24 bytes).
    Removing app_button.o(.rev16_text), (4 bytes).
    Removing app_button.o(.revsh_text), (4 bytes).
    Removing app_button.o(i.app_button_disable), (44 bytes).
    Removing app_button.o(i.app_button_enable), (36 bytes).
    Removing app_button.o(i.app_button_init), (120 bytes).
    Removing app_button.o(i.app_button_is_pushed), (44 bytes).
    Removing app_button.o(i.detection_delay_timeout_handler), (96 bytes).
    Removing app_button.o(i.gpiote_event_handler), (80 bytes).
    Removing app_button.o(.bss), (32 bytes).
    Removing app_button.o(.constdata), (8 bytes).
    Removing app_button.o(.data), (20 bytes).
    Removing app_error.o(.rev16_text), (4 bytes).
    Removing app_error.o(.revsh_text), (4 bytes).
    Removing app_error.o(i.app_error_handler), (28 bytes).
    Removing app_timer.o(.rev16_text), (4 bytes).
    Removing app_timer.o(.revsh_text), (4 bytes).
    Removing app_timer.o(i.app_timer_cnt_diff_compute), (12 bytes).
    Removing app_timer.o(i.app_timer_cnt_get), (16 bytes).
    Removing app_timer.o(i.app_timer_stop), (84 bytes).
    Removing app_timer.o(i.app_timer_stop_all), (68 bytes).
    Removing arm_startup_nrf51.o(HEAP), (2048 bytes).
    Removing system_nrf51.o(.rev16_text), (4 bytes).
    Removing system_nrf51.o(.revsh_text), (4 bytes).
    Removing system_nrf51.o(i.SystemCoreClockUpdate), (16 bytes).

110 unused section(s) (total 6464 bytes) removed from the image.

==============================================================================

Image Symbol Table

    Local Symbols

    Symbol Name                              Value     Ov Type        Size  Object(Section)

    ../clib/microlib/division.c              0x00000000   Number         0  uidiv.o ABSOLUTE
    ../clib/microlib/init/entry.s            0x00000000   Number         0  entry8b.o ABSOLUTE
    ../clib/microlib/init/entry.s            0x00000000   Number         0  entry9a.o ABSOLUTE
    ../clib/microlib/init/entry.s            0x00000000   Number         0  entry9b.o ABSOLUTE
    ../clib/microlib/init/entry.s            0x00000000   Number         0  entry11b.o ABSOLUTE
    ../clib/microlib/init/entry.s            0x00000000   Number         0  entry10a.o ABSOLUTE
    ../clib/microlib/init/entry.s            0x00000000   Number         0  entry.o ABSOLUTE
    ../clib/microlib/init/entry.s            0x00000000   Number         0  entry11a.o ABSOLUTE
    ../clib/microlib/init/entry.s            0x00000000   Number         0  entry2.o ABSOLUTE
    ../clib/microlib/init/entry.s            0x00000000   Number         0  entry5.o ABSOLUTE
    ../clib/microlib/init/entry.s            0x00000000   Number         0  entry7a.o ABSOLUTE
    ../clib/microlib/init/entry.s            0x00000000   Number         0  entry10b.o ABSOLUTE
    ../clib/microlib/init/entry.s            0x00000000   Number         0  entry7b.o ABSOLUTE
    ../clib/microlib/init/entry.s            0x00000000   Number         0  entry8a.o ABSOLUTE
    ../clib/microlib/string/memset.c         0x00000000   Number         0  memseta.o ABSOLUTE
    ../clib/microlib/unhosted.c              0x00000000   Number         0  uread4.o ABSOLUTE
    ..\..\..\..\..\..\..\components\ant\ant_stack_config\ant_stack_config.c 0x00000000   Number         0  ant_stack_config.o ABSOLUTE
    ..\..\..\..\..\..\..\components\drivers_nrf\common\nrf_drv_common.c 0x00000000   Number         0  nrf_drv_common.o ABSOLUTE
    ..\..\..\..\..\..\..\components\drivers_nrf\delay\nrf_delay.c 0x00000000   Number         0  nrf_delay.o ABSOLUTE
    ..\..\..\..\..\..\..\components\drivers_nrf\gpiote\nrf_drv_gpiote.c 0x00000000   Number         0  nrf_drv_gpiote.o ABSOLUTE
    ..\..\..\..\..\..\..\components\libraries\button\app_button.c 0x00000000   Number         0  app_button.o ABSOLUTE
    ..\..\..\..\..\..\..\components\libraries\timer\app_timer.c 0x00000000   Number         0  app_timer.o ABSOLUTE
    ..\..\..\..\..\..\..\components\libraries\util\app_error.c 0x00000000   Number         0  app_error.o ABSOLUTE
    ..\..\..\..\..\..\..\components\libraries\util\nrf_assert.c 0x00000000   Number         0  nrf_assert.o ABSOLUTE
    ..\..\..\..\..\..\bsp\bsp.c              0x00000000   Number         0  bsp.o ABSOLUTE
    ..\..\asc_device_registry.c              0x00000000   Number         0  asc_device_registry.o ABSOLUTE
    ..\..\asc_pages.c                        0x00000000   Number         0  asc_pages.o ABSOLUTE
    ..\..\asc_slave.c                        0x00000000   Number         0  asc_slave.o ABSOLUTE
    ..\..\main.c                             0x00000000   Number         0  main.o ABSOLUTE
    ..\..\n5sk_button.c                      0x00000000   Number         0  n5sk_button.o ABSOLUTE
    ..\..\n5sk_led.c                         0x00000000   Number         0  n5sk_led.o ABSOLUTE
    ..\\..\\..\\..\\..\\..\\..\\components\\drivers_nrf\\common\\nrf_drv_common.c 0x00000000   Number         0  nrf_drv_common.o ABSOLUTE
    ..\\..\\..\\..\\..\\..\\..\\components\\drivers_nrf\\delay\\nrf_delay.c 0x00000000   Number         0  nrf_delay.o ABSOLUTE
    ..\\..\\..\\..\\..\\..\\..\\components\\drivers_nrf\\gpiote\\nrf_drv_gpiote.c 0x00000000   Number         0  nrf_drv_gpiote.o ABSOLUTE
    ..\\..\\..\\..\\..\\..\\..\\components\\libraries\\button\\app_button.c 0x00000000   Number         0  app_button.o ABSOLUTE
    ..\\..\\..\\..\\..\\..\\..\\components\\libraries\\timer\\app_timer.c 0x00000000   Number         0  app_timer.o ABSOLUTE
    ..\\..\\..\\..\\..\\..\\..\\components\\libraries\\util\\app_error.c 0x00000000   Number         0  app_error.o ABSOLUTE
    ..\\..\\..\\..\\..\\..\\bsp\\bsp.c       0x00000000   Number         0  bsp.o ABSOLUTE
    ..\\..\\asc_slave.c                      0x00000000   Number         0  asc_slave.o ABSOLUTE
    ..\\..\\main.c                           0x00000000   Number         0  main.o ABSOLUTE
    ..\\..\\n5sk_button.c                    0x00000000   Number         0  n5sk_button.o ABSOLUTE
    ..\\..\\n5sk_led.c                       0x00000000   Number         0  n5sk_led.o ABSOLUTE
    RTE\Device\nRF51422_xxAC\arm_startup_nrf51.s 0x00000000   Number         0  arm_startup_nrf51.o ABSOLUTE
    RTE\Device\nRF51422_xxAC\system_nrf51.c  0x00000000   Number         0  system_nrf51.o ABSOLUTE
    RTE\\Device\\nRF51422_xxAC\\system_nrf51.c 0x00000000   Number         0  system_nrf51.o ABSOLUTE
    dc.s                                     0x00000000   Number         0  dc.o ABSOLUTE
    handlers.s                               0x00000000   Number         0  handlers.o ABSOLUTE
    init.s                                   0x00000000   Number         0  init.o ABSOLUTE
    RESET                                    0x0000d000   Section      192  arm_startup_nrf51.o(RESET)
    .ARM.Collect$$$$00000000                 0x0000d0c0   Section        0  entry.o(.ARM.Collect$$$$00000000)
    .ARM.Collect$$$$00000001                 0x0000d0c0   Section        4  entry2.o(.ARM.Collect$$$$00000001)
    .ARM.Collect$$$$00000004                 0x0000d0c4   Section        4  entry5.o(.ARM.Collect$$$$00000004)
    .ARM.Collect$$$$00000008                 0x0000d0c8   Section        0  entry7b.o(.ARM.Collect$$$$00000008)
    .ARM.Collect$$$$0000000A                 0x0000d0c8   Section        0  entry8b.o(.ARM.Collect$$$$0000000A)
    .ARM.Collect$$$$0000000B                 0x0000d0c8   Section        8  entry9a.o(.ARM.Collect$$$$0000000B)
    .ARM.Collect$$$$0000000D                 0x0000d0d0   Section        0  entry10a.o(.ARM.Collect$$$$0000000D)
    .ARM.Collect$$$$0000000F                 0x0000d0d0   Section        0  entry11a.o(.ARM.Collect$$$$0000000F)
    .ARM.Collect$$$$00002712                 0x0000d0d0   Section        4  entry2.o(.ARM.Collect$$$$00002712)
    __lit__00000000                          0x0000d0d0   Data           4  entry2.o(.ARM.Collect$$$$00002712)
    .emb_text                                0x0000d0d4   Section       30  nrf_delay.o(.emb_text)
    .emb_text                                0x0000d0f4   Section       30  app_timer.o(.emb_text)
    .text                                    0x0000d114   Section       56  arm_startup_nrf51.o(.text)
    .text                                    0x0000d14c   Section        0  uidiv.o(.text)
    .text                                    0x0000d178   Section        0  memseta.o(.text)
    .text                                    0x0000d19c   Section        0  uread4.o(.text)
    .text                                    0x0000d1b0   Section       36  init.o(.text)
    i.GPIOTE_IRQHandler                      0x0000d1d4   Section        0  nrf_drv_gpiote.o(i.GPIOTE_IRQHandler)
    i.HardFault_Handler                      0x0000d2e8   Section        0  main.o(i.HardFault_Handler)
    i.NVIC_SetPriority                       0x0000d2ec   Section        0  app_timer.o(i.NVIC_SetPriority)
    NVIC_SetPriority                         0x0000d2ed   Thumb Code    60  app_timer.o(i.NVIC_SetPriority)
    i.RTC1_IRQHandler                        0x0000d330   Section        0  app_timer.o(i.RTC1_IRQHandler)
    i.SWI0_IRQHandler                        0x0000d350   Section        0  app_timer.o(i.SWI0_IRQHandler)
    i.SWI2_IRQHandler                        0x0000d358   Section        0  main.o(i.SWI2_IRQHandler)
    i.SystemInit                             0x0000d35c   Section        0  system_nrf51.o(i.SystemInit)
    i.__ARM_common_switch8                   0x0000d3fc   Section        0  asc_slave.o(i.__ARM_common_switch8)
    i.__scatterload_copy                     0x0000d416   Section       14  handlers.o(i.__scatterload_copy)
    i.__scatterload_null                     0x0000d424   Section        2  handlers.o(i.__scatterload_null)
    i.__scatterload_zeroinit                 0x0000d426   Section       14  handlers.o(i.__scatterload_zeroinit)
    i.ant_stack_static_config                0x0000d434   Section        0  ant_stack_config.o(i.ant_stack_static_config)
    i.app_error_handler                      0x0000d448   Section        0  main.o(i.app_error_handler)
    i.app_timer_create                       0x0000d44c   Section        0  app_timer.o(i.app_timer_create)
    i.app_timer_init                         0x0000d478   Section        0  app_timer.o(i.app_timer_init)
    i.app_timer_start                        0x0000d508   Section        0  app_timer.o(i.app_timer_start)
    i.asc_decode_address_available_page      0x0000d584   Section        0  asc_pages.o(i.asc_decode_address_available_page)
    i.asc_decode_busy_acquiring_page         0x0000d5aa   Section        0  asc_pages.o(i.asc_decode_busy_acquiring_page)
    i.asc_decode_command_page                0x0000d5e2   Section        0  asc_pages.o(i.asc_decode_command_page)
    i.asc_decode_request_data_page           0x0000d5fa   Section        0  asc_pages.o(i.asc_decode_request_data_page)
    i.asc_encode_confirm_acquire_page        0x0000d610   Section        0  asc_pages.o(i.asc_encode_confirm_acquire_page)
    i.asc_encode_request_address_page        0x0000d642   Section        0  asc_pages.o(i.asc_encode_request_address_page)
    i.asc_encode_set_shared_address          0x0000d66a   Section        0  asc_pages.o(i.asc_encode_set_shared_address)
    i.asc_encode_update_data_page            0x0000d680   Section        0  asc_pages.o(i.asc_encode_update_data_page)
    i.asc_get_counts_from_period_enum        0x0000d6a0   Section        0  asc_slave.o(i.asc_get_counts_from_period_enum)
    asc_get_counts_from_period_enum          0x0000d6a1   Thumb Code    66  asc_slave.o(i.asc_get_counts_from_period_enum)
    i.ascs_event_clear                       0x0000d6ec   Section        0  asc_slave.o(i.ascs_event_clear)
    i.ascs_events_get                        0x0000d6fc   Section        0  asc_slave.o(i.ascs_events_get)
    i.ascs_get_last_request                  0x0000d708   Section        0  asc_slave.o(i.ascs_get_last_request)
    i.ascs_handle_ant_event                  0x0000d71c   Section        0  asc_slave.o(i.ascs_handle_ant_event)
    i.ascs_increment_timer                   0x0000d7e0   Section        0  asc_slave.o(i.ascs_increment_timer)
    i.ascs_init                              0x0000d824   Section        0  asc_slave.o(i.ascs_init)
    i.ascs_light_state_get                   0x0000d8ec   Section        0  asc_slave.o(i.ascs_light_state_get)
    i.ascs_process_command                   0x0000d8f8   Section        0  asc_slave.o(i.ascs_process_command)
    ascs_process_command                     0x0000d8f9   Thumb Code   142  asc_slave.o(i.ascs_process_command)
    i.ascs_process_message_assigned          0x0000d990   Section        0  asc_slave.o(i.ascs_process_message_assigned)
    ascs_process_message_assigned            0x0000d991   Thumb Code   124  asc_slave.o(i.ascs_process_message_assigned)
    i.ascs_process_message_searching         0x0000da10   Section        0  asc_slave.o(i.ascs_process_message_searching)
    ascs_process_message_searching           0x0000da11   Thumb Code   114  asc_slave.o(i.ascs_process_message_searching)
    i.ascs_send_response                     0x0000da88   Section        0  asc_slave.o(i.ascs_send_response)
    i.ascs_set_state                         0x0000da98   Section        0  asc_slave.o(i.ascs_set_state)
    ascs_set_state                           0x0000da99   Thumb Code   250  asc_slave.o(i.ascs_set_state)
    i.ascs_state_get                         0x0000db9c   Section        0  asc_slave.o(i.ascs_state_get)
    i.ascs_turn_on                           0x0000dba8   Section        0  asc_slave.o(i.ascs_turn_on)
    i.channel_port_get                       0x0000dbb4   Section        0  nrf_drv_gpiote.o(i.channel_port_get)
    channel_port_get                         0x0000dbb5   Thumb Code    10  nrf_drv_gpiote.o(i.channel_port_get)
    i.check_and_handle_asc_flags             0x0000dbc4   Section        0  main.o(i.check_and_handle_asc_flags)
    i.compare_reg_update                     0x0000dc74   Section        0  app_timer.o(i.compare_reg_update)
    compare_reg_update                       0x0000dc75   Thumb Code   142  app_timer.o(i.compare_reg_update)
    i.elapsed_ticks_acquire                  0x0000dd1c   Section        0  app_timer.o(i.elapsed_ticks_acquire)
    elapsed_ticks_acquire                    0x0000dd1d   Thumb Code    58  app_timer.o(i.elapsed_ticks_acquire)
    i.init_timer                             0x0000dd5c   Section        0  main.o(i.init_timer)
    i.is_manual_peripheral_setup_needed      0x0000dda4   Section        0  system_nrf51.o(i.is_manual_peripheral_setup_needed)
    is_manual_peripheral_setup_needed        0x0000dda5   Thumb Code    66  system_nrf51.o(i.is_manual_peripheral_setup_needed)
    i.led_off                                0x0000ddec   Section        0  main.o(i.led_off)
    led_off                                  0x0000dded   Thumb Code    14  main.o(i.led_off)
    i.led_on                                 0x0000de00   Section        0  main.o(i.led_on)
    led_on                                   0x0000de01   Thumb Code    14  main.o(i.led_on)
    i.led_toggle                             0x0000de14   Section        0  main.o(i.led_toggle)
    led_toggle                               0x0000de15   Thumb Code    28  main.o(i.led_toggle)
    i.list_deletions_handler                 0x0000de34   Section        0  app_timer.o(i.list_deletions_handler)
    list_deletions_handler                   0x0000de35   Thumb Code   180  app_timer.o(i.list_deletions_handler)
    i.list_insertions_handler                0x0000def0   Section        0  app_timer.o(i.list_insertions_handler)
    list_insertions_handler                  0x0000def1   Thumb Code   202  app_timer.o(i.list_insertions_handler)
    i.main                                   0x0000dfc4   Section        0  main.o(i.main)
    i.nrf_delay_ms                           0x0000e038   Section        0  nrf_delay.o(i.nrf_delay_ms)
    i.nrf_gpio_cfg_sense_set                 0x0000e054   Section        0  nrf_drv_gpiote.o(i.nrf_gpio_cfg_sense_set)
    nrf_gpio_cfg_sense_set                   0x0000e055   Thumb Code    26  nrf_drv_gpiote.o(i.nrf_gpio_cfg_sense_set)
    i.nrf_gpiote_event_is_set                0x0000e074   Section        0  nrf_drv_gpiote.o(i.nrf_gpiote_event_is_set)
    nrf_gpiote_event_is_set                  0x0000e075   Thumb Code    14  nrf_drv_gpiote.o(i.nrf_gpiote_event_is_set)
    i.one_second_timer_callback              0x0000e088   Section        0  main.o(i.one_second_timer_callback)
    i.poll_for_ant_events                    0x0000e090   Section        0  main.o(i.poll_for_ant_events)
    i.rtc1_stop                              0x0000e0c0   Section        0  app_timer.o(i.rtc1_stop)
    rtc1_stop                                0x0000e0c1   Thumb Code    50  app_timer.o(i.rtc1_stop)
    i.softdevice_assert_callback             0x0000e104   Section        0  main.o(i.softdevice_assert_callback)
    i.timer_list_handler                     0x0000e108   Section        0  app_timer.o(i.timer_list_handler)
    timer_list_handler                       0x0000e109   Thumb Code   128  app_timer.o(i.timer_list_handler)
    i.timer_list_handler_sched               0x0000e18c   Section        0  app_timer.o(i.timer_list_handler_sched)
    timer_list_handler_sched                 0x0000e18d   Thumb Code    10  app_timer.o(i.timer_list_handler_sched)
    i.timer_list_insert                      0x0000e19c   Section        0  app_timer.o(i.timer_list_insert)
    timer_list_insert                        0x0000e19d   Thumb Code    60  app_timer.o(i.timer_list_insert)
    i.timer_timeouts_check                   0x0000e1dc   Section        0  app_timer.o(i.timer_timeouts_check)
    timer_timeouts_check                     0x0000e1dd   Thumb Code   122  app_timer.o(i.timer_timeouts_check)
    i.user_id_get                            0x0000e260   Section        0  app_timer.o(i.user_id_get)
    user_id_get                              0x0000e261   Thumb Code    74  app_timer.o(i.user_id_get)
    i.user_op_alloc                          0x0000e2b4   Section        0  app_timer.o(i.user_op_alloc)
    user_op_alloc                            0x0000e2b5   Thumb Code    38  app_timer.o(i.user_op_alloc)
    .constdata                               0x0000e2dc   Section        8  asc_slave.o(.constdata)
    .constdata                               0x0000e2e4   Section       20  main.o(.constdata)
    m_timer_id                               0x0000e2e4   Data           4  main.o(.constdata)
    m_asc_parameters                         0x0000e2e8   Data          16  main.o(.constdata)
    .constdata                               0x0000e2f8   Section       12  ant_stack_config.o(.constdata)
    .data                                    0x20000900   Section       40  asc_slave.o(.data)
    m_backoff_range                          0x20000900   Data           1  asc_slave.o(.data)
    m_backoff                                0x20000901   Data           1  asc_slave.o(.data)
    m_state                                  0x20000902   Data           1  asc_slave.o(.data)
    m_light_state                            0x20000903   Data           1  asc_slave.o(.data)
    m_data_timeout                           0x20000904   Data           1  asc_slave.o(.data)
    m_shared_address                         0x20000905   Data           1  asc_slave.o(.data)
    m_channel_number                         0x20000906   Data           1  asc_slave.o(.data)
    m_groups_assigned                        0x20000908   Data           2  asc_slave.o(.data)
    m_last_received_request                  0x2000090a   Data           2  asc_slave.o(.data)
    m_timeout_counter                        0x2000090c   Data           4  asc_slave.o(.data)
    m_asc_event_flags                        0x20000910   Data           4  asc_slave.o(.data)
    m_serial_number                          0x20000914   Data           4  asc_slave.o(.data)
    m_tx_buffer                              0x20000918   Data           8  asc_slave.o(.data)
    m_response_buffer                        0x20000920   Data           8  asc_slave.o(.data)
    .data                                    0x20000928   Section        2  main.o(.data)
    m_device_number                          0x20000928   Data           2  main.o(.data)
    .data                                    0x2000092c   Section        8  main.o(.data)
    event                                    0x2000092c   Data           1  main.o(.data)
    ant_channel                              0x2000092d   Data           1  main.o(.data)
    err_code                                 0x20000930   Data           4  main.o(.data)
    .data                                    0x20000934   Section        4  nrf_drv_gpiote.o(.data)
    .data                                    0x20000938   Section       32  app_timer.o(.data)
    m_user_array_size                        0x20000938   Data           1  app_timer.o(.data)
    m_ticks_elapsed_q_read_ind               0x20000939   Data           1  app_timer.o(.data)
    m_ticks_elapsed_q_write_ind              0x2000093a   Data           1  app_timer.o(.data)
    m_rtc1_running                           0x2000093b   Data           1  app_timer.o(.data)
    m_rtc1_reset                             0x2000093c   Data           1  app_timer.o(.data)
    mp_users                                 0x20000940   Data           4  app_timer.o(.data)
    mp_timer_id_head                         0x20000944   Data           4  app_timer.o(.data)
    m_ticks_latest                           0x20000948   Data           4  app_timer.o(.data)
    m_evt_schedule_func                      0x2000094c   Data           4  app_timer.o(.data)
    m_ticks_elapsed                          0x20000950   Data           8  app_timer.o(.data)
    .data                                    0x20000958   Section        4  system_nrf51.o(.data)
    __tagsym$$used                           0x20000958   Number         0  system_nrf51.o(.data)
    .bss                                     0x2000095c   Section       32  main.o(.bss)
    m_timer_id_data                          0x2000095c   Data          32  main.o(.bss)
    .bss                                     0x2000097c   Section      279  main.o(.bss)
    APP_TIMER_BUF                            0x2000097c   Data         240  main.o(.bss)
    event_message_buffer                     0x20000a6c   Data          39  main.o(.bss)
    .bss                                     0x20000a94   Section      128  ant_stack_config.o(.bss)
    ant_stack_buffer                         0x20000a94   Data         128  ant_stack_config.o(.bss)
    .bss                                     0x20000b14   Section       72  nrf_drv_gpiote.o(.bss)
    m_cb                                     0x20000b14   Data          72  nrf_drv_gpiote.o(.bss)
    STACK                                    0x20000b60   Section     2048  arm_startup_nrf51.o(STACK)

    Global Symbols

    Symbol Name                              Value     Ov Type        Size  Object(Section)

    BuildAttributes$$THM_ISAv3M$S$PE$A:L22$X:L11$S22$IEEE1$IW$USESV6$~STKCKD$USESV7$~SHL$OSPACE$EBA8$MICROLIB$REQ8$PRES8$EABIv2 0x00000000   Number         0  anon$$obj.o ABSOLUTE
    __ARM_use_no_argv                        0x00000000   Number         0  main.o ABSOLUTE
    __cpp_initialize__aeabi_                  - Undefined Weak Reference
    __cxa_finalize                            - Undefined Weak Reference
    __decompress                              - Undefined Weak Reference
    _clock_init                               - Undefined Weak Reference
    _microlib_exit                            - Undefined Weak Reference
    __Vectors_Size                           0x000000c0   Number         0  arm_startup_nrf51.o ABSOLUTE
    __Vectors                                0x0000d000   Data           4  arm_startup_nrf51.o(RESET)
    __Vectors_End                            0x0000d0c0   Data           0  arm_startup_nrf51.o(RESET)
    __main                                   0x0000d0c1   Thumb Code     0  entry.o(.ARM.Collect$$$$00000000)
    _main_stk                                0x0000d0c1   Thumb Code     0  entry2.o(.ARM.Collect$$$$00000001)
    _main_scatterload                        0x0000d0c5   Thumb Code     0  entry5.o(.ARM.Collect$$$$00000004)
    __main_after_scatterload                 0x0000d0c9   Thumb Code     0  entry5.o(.ARM.Collect$$$$00000004)
    _main_clock                              0x0000d0c9   Thumb Code     0  entry7b.o(.ARM.Collect$$$$00000008)
    _main_cpp_init                           0x0000d0c9   Thumb Code     0  entry8b.o(.ARM.Collect$$$$0000000A)
    _main_init                               0x0000d0c9   Thumb Code     0  entry9a.o(.ARM.Collect$$$$0000000B)
    __rt_final_cpp                           0x0000d0d1   Thumb Code     0  entry10a.o(.ARM.Collect$$$$0000000D)
    __rt_final_exit                          0x0000d0d1   Thumb Code     0  entry11a.o(.ARM.Collect$$$$0000000F)
    __asm___11_nrf_delay_c_532987f3__nrf_delay_us 0x0000d0d5   Thumb Code    30  nrf_delay.o(.emb_text)
    __asm___11_app_timer_c_cd27f9c3__nrf_delay_us 0x0000d0f5   Thumb Code    30  app_timer.o(.emb_text)
    Reset_Handler                            0x0000d115   Thumb Code    26  arm_startup_nrf51.o(.text)
    NMI_Handler                              0x0000d12f   Thumb Code     2  arm_startup_nrf51.o(.text)
    SVC_Handler                              0x0000d133   Thumb Code     2  arm_startup_nrf51.o(.text)
    PendSV_Handler                           0x0000d135   Thumb Code     2  arm_startup_nrf51.o(.text)
    SysTick_Handler                          0x0000d137   Thumb Code     2  arm_startup_nrf51.o(.text)
    ADC_IRQHandler                           0x0000d139   Thumb Code     0  arm_startup_nrf51.o(.text)
    CCM_AAR_IRQHandler                       0x0000d139   Thumb Code     0  arm_startup_nrf51.o(.text)
    ECB_IRQHandler                           0x0000d139   Thumb Code     0  arm_startup_nrf51.o(.text)
    LPCOMP_IRQHandler                        0x0000d139   Thumb Code     0  arm_startup_nrf51.o(.text)
    POWER_CLOCK_IRQHandler                   0x0000d139   Thumb Code     0  arm_startup_nrf51.o(.text)
    QDEC_IRQHandler                          0x0000d139   Thumb Code     0  arm_startup_nrf51.o(.text)
    RADIO_IRQHandler                         0x0000d139   Thumb Code     0  arm_startup_nrf51.o(.text)
    RNG_IRQHandler                           0x0000d139   Thumb Code     0  arm_startup_nrf51.o(.text)
    RTC0_IRQHandler                          0x0000d139   Thumb Code     0  arm_startup_nrf51.o(.text)
    SPI0_TWI0_IRQHandler                     0x0000d139   Thumb Code     0  arm_startup_nrf51.o(.text)
    SPI1_TWI1_IRQHandler                     0x0000d139   Thumb Code     0  arm_startup_nrf51.o(.text)
    SWI1_IRQHandler                          0x0000d139   Thumb Code     0  arm_startup_nrf51.o(.text)
    SWI3_IRQHandler                          0x0000d139   Thumb Code     0  arm_startup_nrf51.o(.text)
    SWI4_IRQHandler                          0x0000d139   Thumb Code     0  arm_startup_nrf51.o(.text)
    SWI5_IRQHandler                          0x0000d139   Thumb Code     0  arm_startup_nrf51.o(.text)
    TEMP_IRQHandler                          0x0000d139   Thumb Code     0  arm_startup_nrf51.o(.text)
    TIMER0_IRQHandler                        0x0000d139   Thumb Code     0  arm_startup_nrf51.o(.text)
    TIMER1_IRQHandler                        0x0000d139   Thumb Code     0  arm_startup_nrf51.o(.text)
    TIMER2_IRQHandler                        0x0000d139   Thumb Code     0  arm_startup_nrf51.o(.text)
    UART0_IRQHandler                         0x0000d139   Thumb Code     0  arm_startup_nrf51.o(.text)
    WDT_IRQHandler                           0x0000d139   Thumb Code     0  arm_startup_nrf51.o(.text)
    __aeabi_uidiv                            0x0000d14d   Thumb Code     0  uidiv.o(.text)
    __aeabi_uidivmod                         0x0000d14d   Thumb Code    44  uidiv.o(.text)
    __aeabi_memset                           0x0000d179   Thumb Code    14  memseta.o(.text)
    __aeabi_memset4                          0x0000d179   Thumb Code     0  memseta.o(.text)
    __aeabi_memset8                          0x0000d179   Thumb Code     0  memseta.o(.text)
    __aeabi_memclr                           0x0000d187   Thumb Code     4  memseta.o(.text)
    __aeabi_memclr4                          0x0000d187   Thumb Code     0  memseta.o(.text)
    __aeabi_memclr8                          0x0000d187   Thumb Code     0  memseta.o(.text)
    _memset$wrapper                          0x0000d18b   Thumb Code    18  memseta.o(.text)
    __aeabi_uread4                           0x0000d19d   Thumb Code    20  uread4.o(.text)
    __rt_uread4                              0x0000d19d   Thumb Code     0  uread4.o(.text)
    _uread4                                  0x0000d19d   Thumb Code     0  uread4.o(.text)
    __scatterload                            0x0000d1b1   Thumb Code    28  init.o(.text)
    __scatterload_rt2                        0x0000d1b1   Thumb Code     0  init.o(.text)
    GPIOTE_IRQHandler                        0x0000d1d5   Thumb Code   244  nrf_drv_gpiote.o(i.GPIOTE_IRQHandler)
    HardFault_Handler                        0x0000d2e9   Thumb Code     2  main.o(i.HardFault_Handler)
    RTC1_IRQHandler                          0x0000d331   Thumb Code    28  app_timer.o(i.RTC1_IRQHandler)
    SWI0_IRQHandler                          0x0000d351   Thumb Code     8  app_timer.o(i.SWI0_IRQHandler)
    SWI2_IRQHandler                          0x0000d359   Thumb Code     2  main.o(i.SWI2_IRQHandler)
    SystemInit                               0x0000d35d   Thumb Code   130  system_nrf51.o(i.SystemInit)
    __ARM_common_switch8                     0x0000d3fd   Thumb Code    26  asc_slave.o(i.__ARM_common_switch8)
    __scatterload_copy                       0x0000d417   Thumb Code    14  handlers.o(i.__scatterload_copy)
    __scatterload_null                       0x0000d425   Thumb Code     2  handlers.o(i.__scatterload_null)
    __scatterload_zeroinit                   0x0000d427   Thumb Code    14  handlers.o(i.__scatterload_zeroinit)
    ant_stack_static_config                  0x0000d435   Thumb Code    16  ant_stack_config.o(i.ant_stack_static_config)
    app_error_handler                        0x0000d449   Thumb Code     2  main.o(i.app_error_handler)
    app_timer_create                         0x0000d44d   Thumb Code    40  app_timer.o(i.app_timer_create)
    app_timer_init                           0x0000d479   Thumb Code   126  app_timer.o(i.app_timer_init)
    app_timer_start                          0x0000d509   Thumb Code   114  app_timer.o(i.app_timer_start)
    asc_decode_address_available_page        0x0000d585   Thumb Code    38  asc_pages.o(i.asc_decode_address_available_page)
    asc_decode_busy_acquiring_page           0x0000d5ab   Thumb Code    56  asc_pages.o(i.asc_decode_busy_acquiring_page)
    asc_decode_command_page                  0x0000d5e3   Thumb Code    24  asc_pages.o(i.asc_decode_command_page)
    asc_decode_request_data_page             0x0000d5fb   Thumb Code    22  asc_pages.o(i.asc_decode_request_data_page)
    asc_encode_confirm_acquire_page          0x0000d611   Thumb Code    50  asc_pages.o(i.asc_encode_confirm_acquire_page)
    asc_encode_request_address_page          0x0000d643   Thumb Code    40  asc_pages.o(i.asc_encode_request_address_page)
    asc_encode_set_shared_address            0x0000d66b   Thumb Code    22  asc_pages.o(i.asc_encode_set_shared_address)
    asc_encode_update_data_page              0x0000d681   Thumb Code    32  asc_pages.o(i.asc_encode_update_data_page)
    ascs_event_clear                         0x0000d6ed   Thumb Code    10  asc_slave.o(i.ascs_event_clear)
    ascs_events_get                          0x0000d6fd   Thumb Code     6  asc_slave.o(i.ascs_events_get)
    ascs_get_last_request                    0x0000d709   Thumb Code    14  asc_slave.o(i.ascs_get_last_request)
    ascs_handle_ant_event                    0x0000d71d   Thumb Code   190  asc_slave.o(i.ascs_handle_ant_event)
    ascs_increment_timer                     0x0000d7e1   Thumb Code    62  asc_slave.o(i.ascs_increment_timer)
    ascs_init                                0x0000d825   Thumb Code   190  asc_slave.o(i.ascs_init)
    ascs_light_state_get                     0x0000d8ed   Thumb Code     6  asc_slave.o(i.ascs_light_state_get)
    ascs_send_response                       0x0000da89   Thumb Code    14  asc_slave.o(i.ascs_send_response)
    ascs_state_get                           0x0000db9d   Thumb Code     6  asc_slave.o(i.ascs_state_get)
    ascs_turn_on                             0x0000dba9   Thumb Code    10  asc_slave.o(i.ascs_turn_on)
    check_and_handle_asc_flags               0x0000dbc5   Thumb Code   174  main.o(i.check_and_handle_asc_flags)
    init_timer                               0x0000dd5d   Thumb Code    58  main.o(i.init_timer)
    main                                     0x0000dfc5   Thumb Code   100  main.o(i.main)
    nrf_delay_ms                             0x0000e039   Thumb Code    24  nrf_delay.o(i.nrf_delay_ms)
    one_second_timer_callback                0x0000e089   Thumb Code     8  main.o(i.one_second_timer_callback)
    poll_for_ant_events                      0x0000e091   Thumb Code    40  main.o(i.poll_for_ant_events)
    softdevice_assert_callback               0x0000e105   Thumb Code     2  main.o(i.softdevice_assert_callback)
    Region$$Table$$Base                      0x0000e304   Number         0  anon$$obj.o(Region$$Table)
    Region$$Table$$Limit                     0x0000e324   Number         0  anon$$obj.o(Region$$Table)
    x                                        0x20000934   Data           4  nrf_drv_gpiote.o(.data)
    SystemCoreClock                          0x20000958   Data           4  system_nrf51.o(.data)
    __initial_sp                             0x20001360   Data           0  arm_startup_nrf51.o(STACK)



==============================================================================

Memory Map of the image

  Image Entry point : 0x0000d0c1

  Load Region LR_IROM1 (Base: 0x0000d000, Size: 0x00001380, Max: 0x00033000, ABSOLUTE)

    Execution Region ER_IROM1 (Base: 0x0000d000, Size: 0x00001324, Max: 0x00033000, ABSOLUTE)

    Base Addr    Size         Type   Attr      Idx    E Section Name        Object

    0x0000d000   0x000000c0   Data   RO         1216    RESET               arm_startup_nrf51.o
    0x0000d0c0   0x00000000   Code   RO         1258  * .ARM.Collect$$$$00000000  mc_p.l(entry.o)
    0x0000d0c0   0x00000004   Code   RO         1267    .ARM.Collect$$$$00000001  mc_p.l(entry2.o)
    0x0000d0c4   0x00000004   Code   RO         1270    .ARM.Collect$$$$00000004  mc_p.l(entry5.o)
    0x0000d0c8   0x00000000   Code   RO         1272    .ARM.Collect$$$$00000008  mc_p.l(entry7b.o)
    0x0000d0c8   0x00000000   Code   RO         1274    .ARM.Collect$$$$0000000A  mc_p.l(entry8b.o)
    0x0000d0c8   0x00000008   Code   RO         1275    .ARM.Collect$$$$0000000B  mc_p.l(entry9a.o)
    0x0000d0d0   0x00000000   Code   RO         1277    .ARM.Collect$$$$0000000D  mc_p.l(entry10a.o)
    0x0000d0d0   0x00000000   Code   RO         1279    .ARM.Collect$$$$0000000F  mc_p.l(entry11a.o)
    0x0000d0d0   0x00000004   Code   RO         1268    .ARM.Collect$$$$00002712  mc_p.l(entry2.o)
    0x0000d0d4   0x0000001e   Code   RO          722    .emb_text           nrf_delay.o
    0x0000d0f2   0x00000002   PAD
    0x0000d0f4   0x0000001e   Code   RO         1064    .emb_text           app_timer.o
    0x0000d112   0x00000002   PAD
    0x0000d114   0x00000038   Code   RO         1217    .text               arm_startup_nrf51.o
    0x0000d14c   0x0000002c   Code   RO         1261    .text               mc_p.l(uidiv.o)
    0x0000d178   0x00000024   Code   RO         1263    .text               mc_p.l(memseta.o)
    0x0000d19c   0x00000014   Code   RO         1265    .text               mc_p.l(uread4.o)
    0x0000d1b0   0x00000024   Code   RO         1281    .text               mc_p.l(init.o)
    0x0000d1d4   0x00000114   Code   RO          772    i.GPIOTE_IRQHandler  nrf_drv_gpiote.o
    0x0000d2e8   0x00000002   Code   RO          397    i.HardFault_Handler  main.o
    0x0000d2ea   0x00000002   PAD
    0x0000d2ec   0x00000044   Code   RO         1065    i.NVIC_SetPriority  app_timer.o
    0x0000d330   0x00000020   Code   RO         1066    i.RTC1_IRQHandler   app_timer.o
    0x0000d350   0x00000008   Code   RO         1067    i.SWI0_IRQHandler   app_timer.o
    0x0000d358   0x00000002   Code   RO          398    i.SWI2_IRQHandler   main.o
    0x0000d35a   0x00000002   PAD
    0x0000d35c   0x000000a0   Code   RO         1224    i.SystemInit        system_nrf51.o
    0x0000d3fc   0x0000001a   Code   RO          327    i.__ARM_common_switch8  asc_slave.o
    0x0000d416   0x0000000e   Code   RO         1285    i.__scatterload_copy  mc_p.l(handlers.o)
    0x0000d424   0x00000002   Code   RO         1286    i.__scatterload_null  mc_p.l(handlers.o)
    0x0000d426   0x0000000e   Code   RO         1287    i.__scatterload_zeroinit  mc_p.l(handlers.o)
    0x0000d434   0x00000014   Code   RO          699    i.ant_stack_static_config  ant_stack_config.o
    0x0000d448   0x00000002   Code   RO          399    i.app_error_handler  main.o
    0x0000d44a   0x00000002   PAD
    0x0000d44c   0x0000002c   Code   RO         1070    i.app_timer_create  app_timer.o
    0x0000d478   0x00000090   Code   RO         1071    i.app_timer_init    app_timer.o
    0x0000d508   0x0000007c   Code   RO         1072    i.app_timer_start   app_timer.o
    0x0000d584   0x00000026   Code   RO           78    i.asc_decode_address_available_page  asc_pages.o
    0x0000d5aa   0x00000038   Code   RO           79    i.asc_decode_busy_acquiring_page  asc_pages.o
    0x0000d5e2   0x00000018   Code   RO           80    i.asc_decode_command_page  asc_pages.o
    0x0000d5fa   0x00000016   Code   RO           85    i.asc_decode_request_data_page  asc_pages.o
    0x0000d610   0x00000032   Code   RO           90    i.asc_encode_confirm_acquire_page  asc_pages.o
    0x0000d642   0x00000028   Code   RO           94    i.asc_encode_request_address_page  asc_pages.o
    0x0000d66a   0x00000016   Code   RO           96    i.asc_encode_set_shared_address  asc_pages.o
    0x0000d680   0x00000020   Code   RO           97    i.asc_encode_update_data_page  asc_pages.o
    0x0000d6a0   0x0000004c   Code   RO          224    i.asc_get_counts_from_period_enum  asc_slave.o
    0x0000d6ec   0x00000010   Code   RO          225    i.ascs_event_clear  asc_slave.o
    0x0000d6fc   0x0000000c   Code   RO          226    i.ascs_events_get   asc_slave.o
    0x0000d708   0x00000014   Code   RO          227    i.ascs_get_last_request  asc_slave.o
    0x0000d71c   0x000000c4   Code   RO          228    i.ascs_handle_ant_event  asc_slave.o
    0x0000d7e0   0x00000044   Code   RO          229    i.ascs_increment_timer  asc_slave.o
    0x0000d824   0x000000c8   Code   RO          230    i.ascs_init         asc_slave.o
    0x0000d8ec   0x0000000c   Code   RO          231    i.ascs_light_state_get  asc_slave.o
    0x0000d8f8   0x00000098   Code   RO          232    i.ascs_process_command  asc_slave.o
    0x0000d990   0x00000080   Code   RO          233    i.ascs_process_message_assigned  asc_slave.o
    0x0000da10   0x00000078   Code   RO          234    i.ascs_process_message_searching  asc_slave.o
    0x0000da88   0x0000000e   Code   RO          236    i.ascs_send_response  asc_slave.o
    0x0000da96   0x00000002   PAD
    0x0000da98   0x00000104   Code   RO          237    i.ascs_set_state    asc_slave.o
    0x0000db9c   0x0000000c   Code   RO          238    i.ascs_state_get    asc_slave.o
    0x0000dba8   0x0000000a   Code   RO          239    i.ascs_turn_on      asc_slave.o
    0x0000dbb2   0x00000002   PAD
    0x0000dbb4   0x00000010   Code   RO          775    i.channel_port_get  nrf_drv_gpiote.o
    0x0000dbc4   0x000000ae   Code   RO          400    i.check_and_handle_asc_flags  main.o
    0x0000dc72   0x00000002   PAD
    0x0000dc74   0x000000a8   Code   RO         1075    i.compare_reg_update  app_timer.o
    0x0000dd1c   0x00000040   Code   RO         1076    i.elapsed_ticks_acquire  app_timer.o
    0x0000dd5c   0x00000048   Code   RO          401    i.init_timer        main.o
    0x0000dda4   0x00000048   Code   RO         1225    i.is_manual_peripheral_setup_needed  system_nrf51.o
    0x0000ddec   0x00000014   Code   RO          402    i.led_off           main.o
    0x0000de00   0x00000014   Code   RO          403    i.led_on            main.o
    0x0000de14   0x00000020   Code   RO          404    i.led_toggle        main.o
    0x0000de34   0x000000bc   Code   RO         1077    i.list_deletions_handler  app_timer.o
    0x0000def0   0x000000d4   Code   RO         1078    i.list_insertions_handler  app_timer.o
    0x0000dfc4   0x00000074   Code   RO          405    i.main              main.o
    0x0000e038   0x0000001c   Code   RO          723    i.nrf_delay_ms      nrf_delay.o
    0x0000e054   0x00000020   Code   RO          797    i.nrf_gpio_cfg_sense_set  nrf_drv_gpiote.o
    0x0000e074   0x00000014   Code   RO          798    i.nrf_gpiote_event_is_set  nrf_drv_gpiote.o
    0x0000e088   0x00000008   Code   RO          406    i.one_second_timer_callback  main.o
    0x0000e090   0x00000030   Code   RO          407    i.poll_for_ant_events  main.o
    0x0000e0c0   0x00000044   Code   RO         1079    i.rtc1_stop         app_timer.o
    0x0000e104   0x00000002   Code   RO          408    i.softdevice_assert_callback  main.o
    0x0000e106   0x00000002   PAD
    0x0000e108   0x00000084   Code   RO         1080    i.timer_list_handler  app_timer.o
    0x0000e18c   0x00000010   Code   RO         1081    i.timer_list_handler_sched  app_timer.o
    0x0000e19c   0x00000040   Code   RO         1082    i.timer_list_insert  app_timer.o
    0x0000e1dc   0x00000084   Code   RO         1083    i.timer_timeouts_check  app_timer.o
    0x0000e260   0x00000054   Code   RO         1084    i.user_id_get       app_timer.o
    0x0000e2b4   0x00000026   Code   RO         1085    i.user_op_alloc     app_timer.o
    0x0000e2da   0x00000002   PAD
    0x0000e2dc   0x00000008   Data   RO          240    .constdata          asc_slave.o
    0x0000e2e4   0x00000014   Data   RO          411    .constdata          main.o
    0x0000e2f8   0x0000000c   Data   RO          701    .constdata          ant_stack_config.o
    0x0000e304   0x00000020   Data   RO         1283    Region$$Table       anon$$obj.o


    Execution Region RW_IRAM1 (Base: 0x20000900, Size: 0x00000a60, Max: 0x00007700, ABSOLUTE)

    Base Addr    Size         Type   Attr      Idx    E Section Name        Object

    0x20000900   0x00000028   Data   RW          241    .data               asc_slave.o
    0x20000928   0x00000002   Data   RW          412    .data               main.o
    0x2000092a   0x00000002   PAD
    0x2000092c   0x00000008   Data   RW          413    .data               main.o
    0x20000934   0x00000004   Data   RW          802    .data               nrf_drv_gpiote.o
    0x20000938   0x00000020   Data   RW         1086    .data               app_timer.o
    0x20000958   0x00000004   Data   RW         1226    .data               system_nrf51.o
    0x2000095c   0x00000020   Zero   RW          409    .bss                main.o
    0x2000097c   0x00000117   Zero   RW          410    .bss                main.o
    0x20000a93   0x00000001   PAD
    0x20000a94   0x00000080   Zero   RW          700    .bss                ant_stack_config.o
    0x20000b14   0x00000048   Zero   RW          801    .bss                nrf_drv_gpiote.o
    0x20000b5c   0x00000004   PAD
    0x20000b60   0x00000800   Zero   RW         1214    STACK               arm_startup_nrf51.o


==============================================================================

Image component sizes


      Code (inc. data)   RO Data    RW Data    ZI Data      Debug   Object Name

        20          4         12          0        128       1918   ant_stack_config.o
      1616        146          0         32          0      30046   app_timer.o
        56         18        192          0       2048        708   arm_startup_nrf51.o
         0          0          0          0          0       4508   asc_device_registry.o
       284          0          0          0          0      11032   asc_pages.o
      1322        136          8         40          0      40018   asc_slave.o
         0          0          0          0          0       1824   bsp.o
       498         62         20         10        311      14830   main.o
        58          4          0          0          0       1791   nrf_delay.o
         0          0          0          0          0       1136   nrf_drv_common.o
       344         50          0          4         72      13416   nrf_drv_gpiote.o
       232         36          0          4          0       2339   system_nrf51.o

    ----------------------------------------------------------------------
      4450        456        264         92       2564     123566   Object Totals
         0          0         32          0          0          0   (incl. Generated)
        20          0          0          2          5          0   (incl. Padding)

    ----------------------------------------------------------------------

      Code (inc. data)   RO Data    RW Data    ZI Data      Debug   Library Member Name

         0          0          0          0          0          0   entry.o
         0          0          0          0          0          0   entry10a.o
         0          0          0          0          0          0   entry11a.o
         8          4          0          0          0          0   entry2.o
         4          0          0          0          0          0   entry5.o
         0          0          0          0          0          0   entry7b.o
         0          0          0          0          0          0   entry8b.o
         8          4          0          0          0          0   entry9a.o
        30          0          0          0          0          0   handlers.o
        36          8          0          0          0         68   init.o
        36          0          0          0          0        100   memseta.o
        44          0          0          0          0         72   uidiv.o
        20          0          0          0          0         60   uread4.o

    ----------------------------------------------------------------------
       186         16          0          0          0        300   Library Totals
         0          0          0          0          0          0   (incl. Padding)

    ----------------------------------------------------------------------

      Code (inc. data)   RO Data    RW Data    ZI Data      Debug   Library Name

       186         16          0          0          0        300   mc_p.l

    ----------------------------------------------------------------------
       186         16          0          0          0        300   Library Totals

    ----------------------------------------------------------------------

==============================================================================


      Code (inc. data)   RO Data    RW Data    ZI Data      Debug   

      4636        472        264         92       2564     121362   Grand Totals
      4636        472        264         92       2564     121362   ELF Image Totals
      4636        472        264         92          0          0   ROM Totals

==============================================================================

    Total RO  Size (Code + RO Data)                 4900 (   4.79kB)
    Total RW  Size (RW Data + ZI Data)              2656 (   2.59kB)
    Total ROM Size (Code + RO Data + RW Data)       4992 (   4.88kB)

==============================================================================

