<html>
<body>
<pre>
<h1>µVision Build Log</h1>
<h2>Tool Versions:</h2>
IDE-Version: ¦ÌVision V5.21.1.0
Copyright (C) 2016 ARM Ltd and ARM Germany GmbH. All rights reserved.
License Information: 2 2w, w, LIC=LSNNN-YAG7G-EH08P-M9GAT-ZVPYL-9M1C1
 
Tool Versions:
Toolchain:       MDK-ARM Plus  Version: 5.21a
Toolchain Path:  C:\Keil_v5\ARM\ARMCC\Bin
C Compiler:      Armcc.exe V5.06 update 3 (build 300)
Assembler:       Armasm.exe V5.06 update 3 (build 300)
Linker/Locator:  ArmLink.exe V5.06 update 3 (build 300)
Library Manager: ArmAr.exe V5.06 update 3 (build 300)
Hex Converter:   FromElf.exe V5.06 update 3 (build 300)
CPU DLL:         
Dialog DLL:      
Target DLL:      Segger\JL2CM3.dll V2.99.23.0
Dialog DLL:      TARMCM1.DLL V1.10.0.0
 
<h2>Project:</h2>
C:\LHB_DATA\HUB_RUNNer\examples\ant\ant_scalable\scalable_tx\n5_starterkit\arm5_no_packs\ant_scalable_tx_s210_n5_starterkit.uvprojx
Project File Date:  11/09/2015

<h2>Output:</h2>
*** Using Compiler 'V5.06 update 3 (build 300)', folder: 'C:\Keil_v5\ARM\ARMCC\Bin'
Build target 'nrf51422_xxaa'
compiling main.c...
compiling ant_scalable_tx.c...
compiling bsp.c...
compiling ant_stack_config.c...
compiling ant_channel_config.c...
compiling nrf_delay.c...
compiling nrf_drv_common.c...
compiling nrf_drv_gpiote.c...
compiling app_error.c...
compiling app_button.c...
compiling nrf_assert.c...
assembling arm_startup_nrf51.s...
compiling app_timer.c...
compiling softdevice_handler.c...
compiling system_nrf51.c...
linking...
Program Size: Code=2484 RO-data=248 RW-data=64 ZI-data=3384  
FromELF: creating hex file...
".\_build\nrf51422_xxaa.axf" - 0 Error(s), 0 Warning(s).

<h2>Software Packages used:</h2>

Package Vendor: ARM
                http://www.keil.com/pack/ARM.CMSIS.4.5.0.pack
                ARM::CMSIS:CORE:4.3.0
                CMSIS (Cortex Microcontroller Software Interface Standard)
   * Component: CORE Version: 4.3.0

Package Vendor: NordicSemiconductor
                http://developer.nordicsemi.com/nRF51_SDK/pieces/nRF_DeviceFamilyPack/NordicSemiconductor.nRF_DeviceFamilyPack.8.2.0.pack
                NordicSemiconductor::Device:Startup:8.2.0
                Nordic Semiconductor nRF ARM devices Device Family Pack.
   * Component: Startup Version: 8.2.0

<h2>Collection of Component include folders:</h2>
  C:\LHB_DATA\HUB_RUNNer\examples\ant\ant_scalable\scalable_tx\n5_starterkit\arm5_no_packs\RTE
  C:\Keil_v5\ARM\PACK\ARM\CMSIS\4.5.0\CMSIS\Include
  C:\Keil_v5\ARM\PACK\NordicSemiconductor\nRF_DeviceFamilyPack\8.2.0\Device\Include
  C:\Keil_v5\ARM\PACK\NordicSemiconductor\nRF_DeviceFamilyPack\8.9.0\Device\Include

<h2>Collection of Component Files used:</h2>

   * Component: ARM::CMSIS:CORE:4.3.0

   * Component: NordicSemiconductor::Device:Startup:8.2.0
      Include file:  Device\Include\system_nrf51.h
      Source file:   Device\Source\arm\arm_startup_nrf51.s
      Source file:   Device\Source\system_nrf51.c
Build Time Elapsed:  00:00:03
</pre>
</body>
</html>
