Component: ARM Compiler 5.06 update 3 (build 300) Tool: armlink [4d35c9]

==============================================================================

Section Cross References

    main.o(i.assert_nrf_callback) refers to app_error.o(i.app_error_handler) for app_error_handler
    main.o(i.bas_init) refers to memseta.o(.text) for __aeabi_memclr4
    main.o(i.bas_init) refers to ble_bas.o(i.ble_bas_init) for ble_bas_init
    main.o(i.bas_init) refers to app_error.o(i.app_error_handler) for app_error_handler
    main.o(i.bas_init) refers to main.o(.bss) for .bss
    main.o(i.battery_level_meas_timeout_handler) refers to sensorsim.o(i.sensorsim_measure) for sensorsim_measure
    main.o(i.battery_level_meas_timeout_handler) refers to ble_bas.o(i.ble_bas_battery_level_update) for ble_bas_battery_level_update
    main.o(i.battery_level_meas_timeout_handler) refers to app_error.o(i.app_error_handler) for app_error_handler
    main.o(i.battery_level_meas_timeout_handler) refers to main.o(.bss) for .bss
    main.o(i.battery_level_meas_timeout_handler) refers to main.o(.data) for .data
    main.o(i.ble_advertising_error_handler) refers to app_error.o(i.app_error_handler) for app_error_handler
    main.o(i.ble_evt_dispatch) refers to device_manager_peripheral.o(i.dm_ble_evt_handler) for dm_ble_evt_handler
    main.o(i.ble_evt_dispatch) refers to bsp_btn_ble.o(i.bsp_btn_ble_on_ble_evt) for bsp_btn_ble_on_ble_evt
    main.o(i.ble_evt_dispatch) refers to main.o(i.on_ble_evt) for on_ble_evt
    main.o(i.ble_evt_dispatch) refers to ble_advertising.o(i.ble_advertising_on_ble_evt) for ble_advertising_on_ble_evt
    main.o(i.ble_evt_dispatch) refers to ble_conn_params.o(i.ble_conn_params_on_ble_evt) for ble_conn_params_on_ble_evt
    main.o(i.ble_evt_dispatch) refers to ble_hids.o(i.ble_hids_on_ble_evt) for ble_hids_on_ble_evt
    main.o(i.ble_evt_dispatch) refers to ble_bas.o(i.ble_bas_on_ble_evt) for ble_bas_on_ble_evt
    main.o(i.ble_evt_dispatch) refers to main.o(.bss) for .bss
    main.o(i.ble_stack_init) refers to softdevice_handler.o(i.softdevice_handler_init) for softdevice_handler_init
    main.o(i.ble_stack_init) refers to app_error.o(i.app_error_handler) for app_error_handler
    main.o(i.ble_stack_init) refers to softdevice_handler.o(i.softdevice_ble_evt_handler_set) for softdevice_ble_evt_handler_set
    main.o(i.ble_stack_init) refers to softdevice_handler.o(i.softdevice_sys_evt_handler_set) for softdevice_sys_evt_handler_set
    main.o(i.ble_stack_init) refers to softdevice_handler_appsh.o(i.softdevice_evt_schedule) for softdevice_evt_schedule
    main.o(i.ble_stack_init) refers to main.o(.bss) for .bss
    main.o(i.ble_stack_init) refers to main.o(i.ble_evt_dispatch) for ble_evt_dispatch
    main.o(i.ble_stack_init) refers to main.o(i.sys_evt_dispatch) for sys_evt_dispatch
    main.o(i.bsp_event_handler) refers to main.o(i.__ARM_common_switch8) for __ARM_common_switch8
    main.o(i.bsp_event_handler) refers to main.o(i.sleep_mode_enter) for sleep_mode_enter
    main.o(i.bsp_event_handler) refers to app_error.o(i.app_error_handler) for app_error_handler
    main.o(i.bsp_event_handler) refers to ble_advertising.o(i.ble_advertising_restart_without_whitelist) for ble_advertising_restart_without_whitelist
    main.o(i.bsp_event_handler) refers to main.o(i.mouse_media_send) for mouse_media_send
    main.o(i.bsp_event_handler) refers to main.o(.data) for .data
    main.o(i.conn_params_error_handler) refers to app_error.o(i.app_error_handler) for app_error_handler
    main.o(i.device_manager_evt_handler) refers to app_error.o(i.app_error_handler) for app_error_handler
    main.o(i.device_manager_evt_handler) refers to memmovea.o(.text) for __aeabi_memcpy
    main.o(i.device_manager_evt_handler) refers to main.o(.data) for .data
    main.o(i.device_manager_init) refers to device_manager_peripheral.o(i.dm_handle_initialize) for dm_handle_initialize
    main.o(i.device_manager_init) refers to app_error.o(i.app_error_handler) for app_error_handler
    main.o(i.device_manager_init) refers to pstorage.o(i.pstorage_init) for pstorage_init
    main.o(i.device_manager_init) refers to device_manager_peripheral.o(i.dm_init) for dm_init
    main.o(i.device_manager_init) refers to memseta.o(.text) for __aeabi_memclr
    main.o(i.device_manager_init) refers to device_manager_peripheral.o(i.dm_register) for dm_register
    main.o(i.device_manager_init) refers to main.o(.data) for .data
    main.o(i.device_manager_init) refers to main.o(i.device_manager_evt_handler) for device_manager_evt_handler
    main.o(i.dis_init) refers to memseta.o(.text) for __aeabi_memclr4
    main.o(i.dis_init) refers to ble_srv_common.o(i.ble_srv_ascii_to_utf8) for ble_srv_ascii_to_utf8
    main.o(i.dis_init) refers to ble_dis.o(i.ble_dis_init) for ble_dis_init
    main.o(i.dis_init) refers to app_error.o(i.app_error_handler) for app_error_handler
    main.o(i.gap_params_init) refers to app_error.o(i.app_error_handler) for app_error_handler
[...]
    i.pstorage_sys_event_handler             0x00022524   Section        0  pstorage.o(i.pstorage_sys_event_handler)
    i.pstorage_update                        0x00022570   Section        0  pstorage.o(i.pstorage_update)
    i.rep_char_add                           0x00022600   Section        0  ble_hids.o(i.rep_char_add)
    rep_char_add                             0x00022601   Thumb Code   270  ble_hids.o(i.rep_char_add)
    i.rep_map_char_add                       0x00022718   Section        0  ble_hids.o(i.rep_map_char_add)
    rep_map_char_add                         0x00022719   Thumb Code   302  ble_hids.o(i.rep_map_char_add)
    i.rep_value_identify                     0x00022850   Section        0  ble_hids.o(i.rep_value_identify)
    rep_value_identify                       0x00022851   Thumb Code   130  ble_hids.o(i.rep_value_identify)
    i.rtc1_stop                              0x000228d8   Section        0  app_timer.o(i.rtc1_stop)
    rtc1_stop                                0x000228d9   Thumb Code    50  app_timer.o(i.rtc1_stop)
    i.rx_byte                                0x0002291c   Section        0  nrf_drv_uart.o(i.rx_byte)
    rx_byte                                  0x0002291d   Thumb Code    30  nrf_drv_uart.o(i.rx_byte)
    i.rx_done_event                          0x00022948   Section        0  nrf_drv_uart.o(i.rx_done_event)
    rx_done_event                            0x00022949   Thumb Code    28  nrf_drv_uart.o(i.rx_done_event)
    i.send_polling_message                   0x00022968   Section        0  asc_master.o(i.send_polling_message)
    send_polling_message                     0x00022969   Thumb Code    58  asc_master.o(i.send_polling_message)
    i.sensorsim_decrement                    0x000229ac   Section        0  sensorsim.o(i.sensorsim_decrement)
    i.sensorsim_increment                    0x000229c8   Section        0  sensorsim.o(i.sensorsim_increment)
    i.sensorsim_init                         0x000229e4   Section        0  sensorsim.o(i.sensorsim_init)
    i.sensorsim_measure                      0x000229fc   Section        0  sensorsim.o(i.sensorsim_measure)
    i.service_data_encode                    0x00022a16   Section        0  ble_advdata.o(i.service_data_encode)
    service_data_encode                      0x00022a17   Thumb Code   142  ble_advdata.o(i.service_data_encode)
    i.service_error_handler                  0x00022aa4   Section        0  main.o(i.service_error_handler)
    service_error_handler                    0x00022aa5   Thumb Code    12  main.o(i.service_error_handler)
    i.set_state                              0x00022ab0   Section        0  ant_phone_connection.o(i.set_state)
    set_state                                0x00022ab1   Thumb Code   138  ant_phone_connection.o(i.set_state)
    i.sleep_mode_enter                       0x00022b40   Section        0  main.o(i.sleep_mode_enter)
    sleep_mode_enter                         0x00022b41   Thumb Code    52  main.o(i.sleep_mode_enter)
    i.sm_state_change                        0x00022b74   Section        0  pstorage.o(i.sm_state_change)
    sm_state_change                          0x00022b75   Thumb Code    62  pstorage.o(i.sm_state_change)
    i.softdevice_assertion_handler           0x00022bbc   Section        0  softdevice_handler.o(i.softdevice_assertion_handler)
    i.softdevice_ble_evt_handler_set         0x00022bc8   Section        0  softdevice_handler.o(i.softdevice_ble_evt_handler_set)
    i.softdevice_evt_get                     0x00022bdc   Section        0  softdevice_handler_appsh.o(i.softdevice_evt_get)
    i.softdevice_evt_schedule                0x00022bf4   Section        0  softdevice_handler_appsh.o(i.softdevice_evt_schedule)
    i.softdevice_handler_init                0x00022c08   Section        0  softdevice_handler.o(i.softdevice_handler_init)
    i.softdevice_sys_evt_handler_set         0x00022c38   Section        0  softdevice_handler.o(i.softdevice_sys_evt_handler_set)
    i.state_data_erase_swap_entry_run        0x00022c4c   Section        0  pstorage.o(i.state_data_erase_swap_entry_run)
    state_data_erase_swap_entry_run          0x00022c4d   Thumb Code    92  pstorage.o(i.state_data_erase_swap_entry_run)
    i.state_erase_data_page_entry_run        0x00022cb0   Section        0  pstorage.o(i.state_erase_data_page_entry_run)
    state_erase_data_page_entry_run          0x00022cb1   Thumb Code    12  pstorage.o(i.state_erase_data_page_entry_run)
    i.state_restore_head_entry_run           0x00022cc0   Section        0  pstorage.o(i.state_restore_head_entry_run)
    state_restore_head_entry_run             0x00022cc1   Thumb Code    36  pstorage.o(i.state_restore_head_entry_run)
    i.state_restore_tail_entry_run           0x00022ce8   Section        0  pstorage.o(i.state_restore_tail_entry_run)
    state_restore_tail_entry_run             0x00022ce9   Thumb Code    66  pstorage.o(i.state_restore_tail_entry_run)
    i.state_swap_erase_entry_run             0x00022d34   Section        0  pstorage.o(i.state_swap_erase_entry_run)
    state_swap_erase_entry_run               0x00022d35   Thumb Code    32  pstorage.o(i.state_swap_erase_entry_run)
    i.state_write_data_swap_entry_run        0x00022d54   Section        0  pstorage.o(i.state_write_data_swap_entry_run)
    state_write_data_swap_entry_run          0x00022d55   Thumb Code    42  pstorage.o(i.state_write_data_swap_entry_run)
    i.storage_operation_dummy_handler        0x00022d84   Section        0  device_manager_peripheral.o(i.storage_operation_dummy_handler)
    storage_operation_dummy_handler          0x00022d85   Thumb Code     4  device_manager_peripheral.o(i.storage_operation_dummy_handler)
    i.store_cmd_flash_write_execute          0x00022d88   Section        0  pstorage.o(i.store_cmd_flash_write_execute)
    store_cmd_flash_write_execute            0x00022d89   Thumb Code    82  pstorage.o(i.store_cmd_flash_write_execute)
    i.swap_erase_state_run                   0x00022de4   Section        0  pstorage.o(i.swap_erase_state_run)
    swap_erase_state_run                     0x00022de5   Thumb Code    24  pstorage.o(i.swap_erase_state_run)
    i.swap_sub_state_err_busy_process        0x00022e00   Section        0  pstorage.o(i.swap_sub_state_err_busy_process)
    swap_sub_state_err_busy_process          0x00022e01   Thumb Code    20  pstorage.o(i.swap_sub_state_err_busy_process)
    i.swap_sub_state_state_change            0x00022e18   Section        0  pstorage.o(i.swap_sub_state_state_change)
    swap_sub_state_state_change              0x00022e19   Thumb Code    12  pstorage.o(i.swap_sub_state_state_change)
    i.sys_evt_dispatch                       0x00022e2c   Section        0  main.o(i.sys_evt_dispatch)
    sys_evt_dispatch                         0x00022e2d   Thumb Code    16  main.o(i.sys_evt_dispatch)
    i.sys_id_encode                          0x00022e3c   Section        0  ble_dis.o(i.sys_id_encode)
    sys_id_encode                            0x00022e3d   Thumb Code    86  ble_dis.o(i.sys_id_encode)
    i.tail_restore_state_run                 0x00022e94   Section        0  pstorage.o(i.tail_restore_state_run)
    tail_restore_state_run                   0x00022e95   Thumb Code    22  pstorage.o(i.tail_restore_state_run)
    i.timer_list_handler                     0x00022eb0   Section        0  app_timer.o(i.timer_list_handler)
    timer_list_handler                       0x00022eb1   Thumb Code   128  app_timer.o(i.timer_list_handler)
    i.timer_list_handler_sched               0x00022f34   Section        0  app_timer.o(i.timer_list_handler_sched)
    timer_list_handler_sched                 0x00022f35   Thumb Code    10  app_timer.o(i.timer_list_handler_sched)
    i.timer_list_insert                      0x00022f44   Section        0  app_timer.o(i.timer_list_insert)
    timer_list_insert                        0x00022f45   Thumb Code    60  app_timer.o(i.timer_list_insert)
    i.timer_timeouts_check                   0x00022f84   Section        0  app_timer.o(i.timer_timeouts_check)
    timer_timeouts_check                     0x00022f85   Thumb Code   122  app_timer.o(i.timer_timeouts_check)
    i.tx_byte                                0x00023008   Section        0  nrf_drv_uart.o(i.tx_byte)
    tx_byte                                  0x00023009   Thumb Code    30  nrf_drv_uart.o(i.tx_byte)
    i.tx_done_event                          0x00023034   Section        0  nrf_drv_uart.o(i.tx_done_event)
    tx_done_event                            0x00023035   Thumb Code    26  nrf_drv_uart.o(i.tx_done_event)
    i.uint16_encode                          0x00023054   Section        0  ble_advdata.o(i.uint16_encode)
    uint16_encode                            0x00023055   Thumb Code    10  ble_advdata.o(i.uint16_encode)
    i.update_status_bit_reset                0x00023060   Section        0  device_manager_peripheral.o(i.update_status_bit_reset)
    update_status_bit_reset                  0x00023061   Thumb Code    14  device_manager_peripheral.o(i.update_status_bit_reset)
    i.update_timeout_handler                 0x00023074   Section        0  ble_conn_params.o(i.update_timeout_handler)
    update_timeout_handler                   0x00023075   Thumb Code    86  ble_conn_params.o(i.update_timeout_handler)
    i.user_id_get                            0x000230d8   Section        0  app_timer.o(i.user_id_get)
    user_id_get                              0x000230d9   Thumb Code    74  app_timer.o(i.user_id_get)
    i.user_op_alloc                          0x0002312c   Section        0  app_timer.o(i.user_op_alloc)
    user_op_alloc                            0x0002312d   Thumb Code    38  app_timer.o(i.user_op_alloc)
    i.uuid_list_encode                       0x00023152   Section        0  ble_advdata.o(i.uuid_list_encode)
    uuid_list_encode                         0x00023153   Thumb Code    48  ble_advdata.o(i.uuid_list_encode)
    i.uuid_list_sized_encode                 0x00023182   Section        0  ble_advdata.o(i.uuid_list_sized_encode)
    uuid_list_sized_encode                   0x00023183   Thumb Code   174  ble_advdata.o(i.uuid_list_sized_encode)
    i.whitelist_has_entries                  0x00023230   Section        0  ble_advertising.o(i.whitelist_has_entries)
    whitelist_has_entries                    0x00023231   Thumb Code    16  ble_advertising.o(i.whitelist_has_entries)
    .constdata                               0x00023240   Section       40  main.o(.constdata)
    m_battery_timer_id                       0x00023240   Data           4  main.o(.constdata)
    .constdata                               0x00023268   Section        8  asc_master.o(.constdata)
    .constdata                               0x00023270   Section        8  ble_phone_connection.o(.constdata)
    .constdata                               0x00023278   Section       64  asc_coordinator.o(.constdata)
    .constdata                               0x000232b8   Section       32  ble_controllable_hub.o(.constdata)
    m_base_uuid128                           0x000232b8   Data          16  ble_controllable_hub.o(.constdata)
    .constdata                               0x000232d8   Section       60  bsp.o(.constdata)
    m_leds_timer_id                          0x000232d8   Data           4  bsp.o(.constdata)
    m_alert_timer_id                         0x000232dc   Data           4  bsp.o(.constdata)
    m_button_timer_id                        0x000232e0   Data           4  bsp.o(.constdata)
    m_buttons_list                           0x000232e4   Data          16  bsp.o(.constdata)
    app_buttons                              0x000232f4   Data          32  bsp.o(.constdata)
    .constdata                               0x00023314   Section       12  ant_stack_config.o(.constdata)
    .constdata                               0x00023320   Section        4  ble_conn_params.o(.constdata)
    m_conn_params_timer_id                   0x00023320   Data           4  ble_conn_params.o(.constdata)
    .constdata                               0x00023324   Section       48  device_manager_peripheral.o(.constdata)
    .constdata                               0x00023354   Section       40  pstorage.o(.constdata)
    swap_sub_state_sm_lut                    0x00023354   Data          20  pstorage.o(.constdata)
    swap_sub_state_sm_lut                    0x00023368   Data          20  pstorage.o(.constdata)
    .constdata                               0x0002337c   Section        8  app_button.o(.constdata)
    m_detection_delay_timer_id               0x0002337c   Data           4  app_button.o(.constdata)
    .data                                    0x20002200   Section      156  main.o(.data)
    m_in_boot_mode                           0x20002200   Data           1  main.o(.data)
    m_app_handle                             0x20002201   Data           1  main.o(.data)
    m_conn_handle                            0x20002202   Data           2  main.o(.data)
    m_adv_uuids                              0x20002204   Data           4  main.o(.data)
    m_bonded_peer_handle                     0x20002208   Data           4  main.o(.data)
    m_battery_sim_state                      0x2000220c   Data           8  main.o(.data)
    rep_map_data                             0x20002214   Data         136  main.o(.data)
    .data                                    0x2000229c   Section       48  asc_master.o(.data)
    m_state                                  0x2000229c   Data           1  asc_master.o(.data)
    m_previous_state                         0x2000229d   Data           1  asc_master.o(.data)
    m_msg_counter_address_available          0x2000229e   Data           1  asc_master.o(.data)
    m_msg_counter_handshaking                0x2000229f   Data           1  asc_master.o(.data)
    m_msg_counter_polling                    0x200022a0   Data           1  asc_master.o(.data)
    m_msg_counter_sending_command            0x200022a1   Data           1  asc_master.o(.data)
    m_is_command_pending                     0x200022a2   Data           1  asc_master.o(.data)
    m_channel_number                         0x200022a3   Data           1  asc_master.o(.data)
    m_channel_period                         0x200022a4   Data           1  asc_master.o(.data)
    m_is_address_available                   0x200022a5   Data           1  asc_master.o(.data)
    m_retries                                0x200022a6   Data           1  asc_master.o(.data)
    m_send_command_as_ack                    0x200022a7   Data           1  asc_master.o(.data)
    m_current_shared_address_polling         0x200022a8   Data           1  asc_master.o(.data)
    pm_device_registry                       0x200022ac   Data           4  asc_master.o(.data)
    m_asc_event_flags                        0x200022b0   Data           4  asc_master.o(.data)
    pm_device                                0x200022b4   Data           4  asc_master.o(.data)
    m_last_received_udpate                   0x200022b8   Data           6  asc_master.o(.data)
    m_current_command_data                   0x200022be   Data           6  asc_master.o(.data)
    m_tx_buffer                              0x200022c4   Data           8  asc_master.o(.data)
    .data                                    0x200022cc   Section       38  asc_master_to_master.o(.data)
    m_discovery_channel_number               0x200022cc   Data           1  asc_master_to_master.o(.data)
    m_state                                  0x200022cd   Data           1  asc_master_to_master.o(.data)
    m_retries                                0x200022ce   Data           1  asc_master_to_master.o(.data)
    m_device_number                          0x200022d0   Data           2  asc_master_to_master.o(.data)
    m_connection_device_number               0x200022d2   Data           2  asc_master_to_master.o(.data)
    m_asc_event_flags                        0x200022d4   Data           4  asc_master_to_master.o(.data)
    m_neighbor                               0x200022d8   Data           6  asc_master_to_master.o(.data)
    m_last_received_command                  0x200022de   Data           6  asc_master_to_master.o(.data)
    m_last_received_update                   0x200022e4   Data           6  asc_master_to_master.o(.data)
    m_tx_buffer                              0x200022ea   Data           8  asc_master_to_master.o(.data)
    .data                                    0x200022f4   Section       12  ble_phone_connection.o(.data)
    m_conn_handle                            0x200022f4   Data           2  ble_phone_connection.o(.data)
    m_achs                                   0x200022f8   Data           8  ble_phone_connection.o(.data)
    .data                                    0x20002300   Section       28  asc_coordinator.o(.data)
    m_is_reporting_mode_on                   0x20002300   Data           1  asc_coordinator.o(.data)
    event                                    0x20002301   Data           1  asc_coordinator.o(.data)
    ant_channel                              0x20002302   Data           1  asc_coordinator.o(.data)
    m_neighbor_id                            0x20002304   Data           2  asc_coordinator.o(.data)
    err_code                                 0x20002308   Data           4  asc_coordinator.o(.data)
    m_ant_public_network_key                 0x2000230c   Data           8  asc_coordinator.o(.data)
    m_tx_buffer                              0x20002314   Data           8  asc_coordinator.o(.data)
    .data                                    0x2000231c   Section       46  ble_controllable_hub.o(.data)
    m_module_initialized                     0x2000231c   Data           1  ble_controllable_hub.o(.data)
    m_service_handle                         0x2000231e   Data           2  ble_controllable_hub.o(.data)
    m_event_flags                            0x20002320   Data           4  ble_controllable_hub.o(.data)
    m_last_received_command                  0x20002324   Data           6  ble_controllable_hub.o(.data)
    m_char_value                             0x2000232a   Data           8  ble_controllable_hub.o(.data)
    m_char_ctrlpt_value                      0x20002332   Data           8  ble_controllable_hub.o(.data)
    m_char_handles                           0x2000233a   Data           8  ble_controllable_hub.o(.data)
    m_char_ctrlpt_handles                    0x20002342   Data           8  ble_controllable_hub.o(.data)
    .data                                    0x2000234c   Section       30  ant_phone_connection.o(.data)
    m_is_update_available                    0x2000234c   Data           1  ant_phone_connection.o(.data)
    m_retry_counter                          0x2000234d   Data           1  ant_phone_connection.o(.data)
    m_channel_number                         0x2000234e   Data           1  ant_phone_connection.o(.data)
    m_retries                                0x2000234f   Data           1  ant_phone_connection.o(.data)
    m_state                                  0x20002350   Data           1  ant_phone_connection.o(.data)
    m_neighbor_id                            0x20002352   Data           2  ant_phone_connection.o(.data)
    m_device_number                          0x20002354   Data           2  ant_phone_connection.o(.data)
    m_asc_events                             0x20002358   Data           4  ant_phone_connection.o(.data)
    m_last_command                           0x2000235c   Data           6  ant_phone_connection.o(.data)
    m_tx_buffer                              0x20002362   Data           8  ant_phone_connection.o(.data)
    .data                                    0x2000236c   Section       24  bsp.o(.data)
    m_stable_state                           0x2000236c   Data           1  bsp.o(.data)
    current_long_push_pin_no                 0x2000236d   Data           1  bsp.o(.data)
    m_app_ticks_per_100ms                    0x20002370   Data           4  bsp.o(.data)
    m_indication_type                        0x20002374   Data           4  bsp.o(.data)
    m_alert_mask                             0x20002378   Data           4  bsp.o(.data)
    m_registered_callback                    0x2000237c   Data           4  bsp.o(.data)
    release_event_at_push                    0x20002380   Data           4  bsp.o(.data)
    .data                                    0x20002384   Section        8  bsp_btn_ble.o(.data)
    m_error_handler                          0x20002384   Data           4  bsp_btn_ble.o(.data)
    m_num_connections                        0x20002388   Data           4  bsp_btn_ble.o(.data)
    .data                                    0x2000238c   Section       20  ble_conn_params.o(.data)
    m_change_param                           0x2000238c   Data           1  ble_conn_params.o(.data)
    m_update_count                           0x2000238d   Data           1  ble_conn_params.o(.data)
    m_conn_handle                            0x2000238e   Data           2  ble_conn_params.o(.data)
    m_preferred_conn_params                  0x20002390   Data           8  ble_conn_params.o(.data)
    m_current_conn_params                    0x20002398   Data           8  ble_conn_params.o(.data)
    .data                                    0x200023a0   Section       74  ble_dis.o(.data)
    service_handle                           0x200023a0   Data           2  ble_dis.o(.data)
    manufact_name_handles                    0x200023a2   Data           8  ble_dis.o(.data)
    model_num_handles                        0x200023aa   Data           8  ble_dis.o(.data)
    serial_num_handles                       0x200023b2   Data           8  ble_dis.o(.data)
    hw_rev_handles                           0x200023ba   Data           8  ble_dis.o(.data)
    fw_rev_handles                           0x200023c2   Data           8  ble_dis.o(.data)
    sw_rev_handles                           0x200023ca   Data           8  ble_dis.o(.data)
    sys_id_handles                           0x200023d2   Data           8  ble_dis.o(.data)
    reg_cert_data_list_handles               0x200023da   Data           8  ble_dis.o(.data)
    pnp_id_handles                           0x200023e2   Data           8  ble_dis.o(.data)
    .data                                    0x200023ec   Section       24  device_manager_peripheral.o(.data)
    m_module_initialized                     0x200023ec   Data           1  device_manager_peripheral.o(.data)
    m_peer_addr_update                       0x200023f0   Data           4  device_manager_peripheral.o(.data)
    m_irk_index_table                        0x200023f4   Data           7  device_manager_peripheral.o(.data)
    m_storage_handle                         0x200023fc   Data           8  device_manager_peripheral.o(.data)
    .data                                    0x20002404   Section       31  ble_advertising.o(.data)
    m_advertising_start_pending              0x20002404   Data           1  ble_advertising.o(.data)
    m_whitelist_temporarily_disabled         0x20002405   Data           1  ble_advertising.o(.data)
    m_whitelist_reply_expected               0x20002406   Data           1  ble_advertising.o(.data)
    m_peer_addr_reply_expected               0x20002407   Data           1  ble_advertising.o(.data)
    m_adv_evt                                0x20002408   Data           1  ble_advertising.o(.data)
    m_adv_mode_current                       0x20002409   Data           1  ble_advertising.o(.data)
    m_tx_power_level                         0x2000240a   Data           1  ble_advertising.o(.data)
    current_slave_link_conn_handle           0x2000240c   Data           2  ble_advertising.o(.data)
    m_evt_handler                            0x20002410   Data           4  ble_advertising.o(.data)
    m_error_handler                          0x20002414   Data           4  ble_advertising.o(.data)
    m_slave_conn_int                         0x20002418   Data           4  ble_advertising.o(.data)
    m_peer_address                           0x2000241c   Data           7  ble_advertising.o(.data)
    .data                                    0x20002424   Section        4  nrf_drv_gpiote.o(.data)
    .data                                    0x20002428   Section       36  pstorage.o(.data)
    m_state                                  0x20002428   Data           1  pstorage.o(.data)
    m_swap_sub_state                         0x20002429   Data           1  pstorage.o(.data)
    m_next_app_instance                      0x2000242a   Data           2  pstorage.o(.data)
    m_flags                                  0x2000242c   Data           4  pstorage.o(.data)
    m_next_page_addr                         0x20002430   Data           4  pstorage.o(.data)
    m_head_word_size                         0x20002434   Data           4  pstorage.o(.data)
    m_tail_word_size                         0x20002438   Data           4  pstorage.o(.data)
    m_current_page_id                        0x2000243c   Data           4  pstorage.o(.data)
    m_num_of_command_retries                 0x20002440   Data           4  pstorage.o(.data)
    m_num_of_bytes_written                   0x20002444   Data           4  pstorage.o(.data)
    m_app_data_size                          0x20002448   Data           4  pstorage.o(.data)
    .data                                    0x2000244c   Section       20  app_button.o(.data)
    m_button_count                           0x2000244c   Data           1  app_button.o(.data)
    mp_buttons                               0x20002450   Data           4  app_button.o(.data)
    m_detection_delay                        0x20002454   Data           4  app_button.o(.data)
    m_pin_state                              0x20002458   Data           4  app_button.o(.data)
    m_pin_transition                         0x2000245c   Data           4  app_button.o(.data)
    .data                                    0x20002460   Section       32  app_timer.o(.data)
    m_user_array_size                        0x20002460   Data           1  app_timer.o(.data)
    m_ticks_elapsed_q_read_ind               0x20002461   Data           1  app_timer.o(.data)
    m_ticks_elapsed_q_write_ind              0x20002462   Data           1  app_timer.o(.data)
    m_rtc1_running                           0x20002463   Data           1  app_timer.o(.data)
    m_rtc1_reset                             0x20002464   Data           1  app_timer.o(.data)
    mp_users                                 0x20002468   Data           4  app_timer.o(.data)
    mp_timer_id_head                         0x2000246c   Data           4  app_timer.o(.data)
    m_ticks_latest                           0x20002470   Data           4  app_timer.o(.data)
    m_evt_schedule_func                      0x20002474   Data           4  app_timer.o(.data)
    m_ticks_elapsed                          0x20002478   Data           8  app_timer.o(.data)
    .data                                    0x20002480   Section       16  app_scheduler.o(.data)
    m_queue_start_index                      0x20002480   Data           1  app_scheduler.o(.data)
    m_queue_end_index                        0x20002481   Data           1  app_scheduler.o(.data)
    m_queue_event_size                       0x20002482   Data           2  app_scheduler.o(.data)
    m_queue_size                             0x20002484   Data           2  app_scheduler.o(.data)
    m_queue_event_headers                    0x20002488   Data           4  app_scheduler.o(.data)
    m_queue_event_data                       0x2000248c   Data           4  app_scheduler.o(.data)
    .data                                    0x20002490   Section       24  softdevice_handler.o(.data)
    m_softdevice_enabled                     0x20002490   Data           1  softdevice_handler.o(.data)
    m_ble_evt_buffer_size                    0x20002492   Data           2  softdevice_handler.o(.data)
    m_evt_schedule_func                      0x20002494   Data           4  softdevice_handler.o(.data)
    mp_ble_evt_buffer                        0x20002498   Data           4  softdevice_handler.o(.data)
    m_ble_evt_handler                        0x2000249c   Data           4  softdevice_handler.o(.data)
    m_ant_evt_handler                        0x200024a0   Data           4  softdevice_handler.o(.data)
    m_sys_evt_handler                        0x200024a4   Data           4  softdevice_handler.o(.data)
    .data                                    0x200024a8   Section        4  system_nrf51.o(.data)
    __tagsym$$used                           0x200024a8   Number         0  system_nrf51.o(.data)
    .bss                                     0x200024ac   Section       32  main.o(.bss)
    m_battery_timer_id_data                  0x200024ac   Data          32  main.o(.bss)
    .bss                                     0x200024cc   Section     1120  main.o(.bss)
    APP_TIMER_BUF                            0x200024cc   Data         456  main.o(.bss)
    BLE_EVT_BUFFER                           0x20002694   Data          72  main.o(.bss)
    APP_SCHED_BUF                            0x200026dc   Data         176  main.o(.bss)
    m_hids                                   0x2000278c   Data         376  main.o(.bss)
    m_bas                                    0x20002904   Data          24  main.o(.bss)
    m_battery_sim_cfg                        0x2000291c   Data          16  main.o(.bss)
    .bss                                     0x2000292c   Section      268  asc_master.o(.bss)
    m_device_registry                        0x2000292c   Data         252  asc_master.o(.bss)
    m_handshaking_device                     0x20002a28   Data          16  asc_master.o(.bss)
    .bss                                     0x20002a38   Section       16  asc_master_to_master.o(.bss)
    m_ant_connected_parameters               0x20002a38   Data          16  asc_master_to_master.o(.bss)
    .bss                                     0x20002a48   Section       24  ble_phone_connection.o(.bss)
    m_adv_params                             0x20002a48   Data          24  ble_phone_connection.o(.bss)
    .bss                                     0x20002a60   Section      112  asc_coordinator.o(.bss)
    event_message_buffer                     0x20002a60   Data          39  asc_coordinator.o(.bss)
    BLE_EVT_BUFFER                           0x20002a88   Data          72  asc_coordinator.o(.bss)
    .bss                                     0x20002ad0   Section       32  bsp.o(.bss)
    m_leds_timer_id_data                     0x20002ad0   Data          32  bsp.o(.bss)
    .bss                                     0x20002af0   Section       32  bsp.o(.bss)
    m_alert_timer_id_data                    0x20002af0   Data          32  bsp.o(.bss)
    .bss                                     0x20002b10   Section       12  bsp.o(.bss)
    m_events_list                            0x20002b10   Data          12  bsp.o(.bss)
    .bss                                     0x20002b1c   Section       32  bsp.o(.bss)
    m_button_timer_id_data                   0x20002b1c   Data          32  bsp.o(.bss)
    .bss                                     0x20002b3c   Section      128  ant_stack_config.o(.bss)
    ant_stack_buffer                         0x20002b3c   Data         128  ant_stack_config.o(.bss)
    .bss                                     0x20002bbc   Section       32  ble_conn_params.o(.bss)
    m_conn_params_timer_id_data              0x20002bbc   Data          32  ble_conn_params.o(.bss)
    .bss                                     0x20002bdc   Section       28  ble_conn_params.o(.bss)
    m_conn_params_config                     0x20002bdc   Data          28  ble_conn_params.o(.bss)
    .bss                                     0x20002bf8   Section      295  device_manager_peripheral.o(.bss)
    m_peer_table                             0x20002bf8   Data         196  device_manager_peripheral.o(.bss)
    m_bond_table                             0x20002cbc   Data          28  device_manager_peripheral.o(.bss)
    m_gatts_table                            0x20002cd8   Data          24  device_manager_peripheral.o(.bss)
    m_connection_table                       0x20002cf0   Data          12  device_manager_peripheral.o(.bss)
    m_application_table                      0x20002cfc   Data          12  device_manager_peripheral.o(.bss)
    m_local_id_info                          0x20002d08   Data          23  device_manager_peripheral.o(.bss)
    .bss                                     0x20002d20   Section      259  ble_advertising.o(.bss)
    m_advdata                                0x20002d20   Data          56  ble_advertising.o(.bss)
    m_adv_modes_config                       0x20002d58   Data          36  ble_advertising.o(.bss)
    m_whitelist                              0x20002d7c   Data          16  ble_advertising.o(.bss)
    mp_whitelist_addr                        0x20002d8c   Data          32  ble_advertising.o(.bss)
    mp_whitelist_irk                         0x20002dac   Data          32  ble_advertising.o(.bss)
    m_manuf_specific_data                    0x20002dcc   Data          12  ble_advertising.o(.bss)
    m_manuf_data_array                       0x20002dd8   Data          31  ble_advertising.o(.bss)
    m_service_data                           0x20002df8   Data          12  ble_advertising.o(.bss)
    m_service_data_array                     0x20002e04   Data          31  ble_advertising.o(.bss)
    .bss                                     0x20002e24   Section       76  nrf_drv_gpiote.o(.bss)
    m_cb                                     0x20002e24   Data          76  nrf_drv_gpiote.o(.bss)
    .bss                                     0x20002e70   Section       24  nrf_drv_uart.o(.bss)
    m_cb                                     0x20002e70   Data          24  nrf_drv_uart.o(.bss)
    .bss                                     0x20002e88   Section      216  pstorage.o(.bss)
    m_cmd_queue                              0x20002e88   Data         204  pstorage.o(.bss)
    m_app_table                              0x20002f54   Data          12  pstorage.o(.bss)
    .bss                                     0x20002f60   Section       32  app_button.o(.bss)
    m_detection_delay_timer_id_data          0x20002f60   Data          32  app_button.o(.bss)
    .bss                                     0x20002f80   Section       34  softdevice_handler.o(.bss)
    m_ant_evt_buffer                         0x20002f80   Data          34  softdevice_handler.o(.bss)
    STACK                                    0x20002fa8   Section     2048  arm_startup_nrf51.o(STACK)

    Global Symbols

    Symbol Name                              Value     Ov Type        Size  Object(Section)

    BuildAttributes$$THM_ISAv3M$S$PE$A:L22$X:L11$S22$IEEE1$IW$USESV6$~STKCKD$USESV7$~SHL$OSPACE$EBA8$MICROLIB$REQ8$PRES8$EABIv2 0x00000000   Number         0  anon$$obj.o ABSOLUTE
    __ARM_use_no_argv                        0x00000000   Number         0  main.o ABSOLUTE
    __cpp_initialize__aeabi_                  - Undefined Weak Reference
    __cxa_finalize                            - Undefined Weak Reference
    _clock_init                               - Undefined Weak Reference
    _microlib_exit                            - Undefined Weak Reference
    __Vectors_Size                           0x000000c0   Number         0  arm_startup_nrf51.o ABSOLUTE
    __Vectors                                0x0001d000   Data           4  arm_startup_nrf51.o(RESET)
    __Vectors_End                            0x0001d0c0   Data           0  arm_startup_nrf51.o(RESET)
    __main                                   0x0001d0c1   Thumb Code     0  entry.o(.ARM.Collect$$$$00000000)
    _main_stk                                0x0001d0c1   Thumb Code     0  entry2.o(.ARM.Collect$$$$00000001)
    _main_scatterload                        0x0001d0c5   Thumb Code     0  entry5.o(.ARM.Collect$$$$00000004)
    __main_after_scatterload                 0x0001d0c9   Thumb Code     0  entry5.o(.ARM.Collect$$$$00000004)
    _main_clock                              0x0001d0c9   Thumb Code     0  entry7b.o(.ARM.Collect$$$$00000008)
    _main_cpp_init                           0x0001d0c9   Thumb Code     0  entry8b.o(.ARM.Collect$$$$0000000A)
    _main_init                               0x0001d0c9   Thumb Code     0  entry9a.o(.ARM.Collect$$$$0000000B)
    __rt_final_cpp                           0x0001d0d1   Thumb Code     0  entry10a.o(.ARM.Collect$$$$0000000D)
    __rt_final_exit                          0x0001d0d1   Thumb Code     0  entry11a.o(.ARM.Collect$$$$0000000F)
    __asm___11_app_timer_c_cd27f9c3__nrf_delay_us 0x0001d0d5   Thumb Code    30  app_timer.o(.emb_text)
    Reset_Handler                            0x0001d0f5   Thumb Code    26  arm_startup_nrf51.o(.text)
    NMI_Handler                              0x0001d10f   Thumb Code     2  arm_startup_nrf51.o(.text)
    HardFault_Handler                        0x0001d111   Thumb Code     2  arm_startup_nrf51.o(.text)
    SVC_Handler                              0x0001d113   Thumb Code     2  arm_startup_nrf51.o(.text)
    PendSV_Handler                           0x0001d115   Thumb Code     2  arm_startup_nrf51.o(.text)
    SysTick_Handler                          0x0001d117   Thumb Code     2  arm_startup_nrf51.o(.text)
    ADC_IRQHandler                           0x0001d119   Thumb Code     0  arm_startup_nrf51.o(.text)
    CCM_AAR_IRQHandler                       0x0001d119   Thumb Code     0  arm_startup_nrf51.o(.text)
    ECB_IRQHandler                           0x0001d119   Thumb Code     0  arm_startup_nrf51.o(.text)
    LPCOMP_IRQHandler                        0x0001d119   Thumb Code     0  arm_startup_nrf51.o(.text)
    POWER_CLOCK_IRQHandler                   0x0001d119   Thumb Code     0  arm_startup_nrf51.o(.text)
    QDEC_IRQHandler                          0x0001d119   Thumb Code     0  arm_startup_nrf51.o(.text)
    RADIO_IRQHandler                         0x0001d119   Thumb Code     0  arm_startup_nrf51.o(.text)
    RNG_IRQHandler                           0x0001d119   Thumb Code     0  arm_startup_nrf51.o(.text)
    RTC0_IRQHandler                          0x0001d119   Thumb Code     0  arm_startup_nrf51.o(.text)
    SPI0_TWI0_IRQHandler                     0x0001d119   Thumb Code     0  arm_startup_nrf51.o(.text)
    SPI1_TWI1_IRQHandler                     0x0001d119   Thumb Code     0  arm_startup_nrf51.o(.text)
    SWI1_IRQHandler                          0x0001d119   Thumb Code     0  arm_startup_nrf51.o(.text)
    SWI3_IRQHandler                          0x0001d119   Thumb Code     0  arm_startup_nrf51.o(.text)
    SWI4_IRQHandler                          0x0001d119   Thumb Code     0  arm_startup_nrf51.o(.text)
    SWI5_IRQHandler                          0x0001d119   Thumb Code     0  arm_startup_nrf51.o(.text)
    TEMP_IRQHandler                          0x0001d119   Thumb Code     0  arm_startup_nrf51.o(.text)
    TIMER0_IRQHandler                        0x0001d119   Thumb Code     0  arm_startup_nrf51.o(.text)
    TIMER1_IRQHandler                        0x0001d119   Thumb Code     0  arm_startup_nrf51.o(.text)
    TIMER2_IRQHandler                        0x0001d119   Thumb Code     0  arm_startup_nrf51.o(.text)
    WDT_IRQHandler                           0x0001d119   Thumb Code     0  arm_startup_nrf51.o(.text)
    __aeabi_uidiv                            0x0001d12d   Thumb Code     0  uidiv.o(.text)
    __aeabi_uidivmod                         0x0001d12d   Thumb Code    44  uidiv.o(.text)
    __aeabi_idiv                             0x0001d159   Thumb Code     0  idiv.o(.text)
    __aeabi_idivmod                          0x0001d159   Thumb Code    40  idiv.o(.text)
    ___aeabi_memcpy8$move                    0x0001d181   Thumb Code     0  memmovea.o(.text)
    __aeabi_memcpy                           0x0001d181   Thumb Code    64  memmovea.o(.text)
    __aeabi_memcpy4                          0x0001d181   Thumb Code     0  memmovea.o(.text)
    __aeabi_memmove                          0x0001d181   Thumb Code     0  memmovea.o(.text)
    __aeabi_memmove4                         0x0001d181   Thumb Code     0  memmovea.o(.text)
    __aeabi_memmove8                         0x0001d181   Thumb Code     0  memmovea.o(.text)
    __aeabi_memset                           0x0001d1c1   Thumb Code    14  memseta.o(.text)
    __aeabi_memset4                          0x0001d1c1   Thumb Code     0  memseta.o(.text)
    __aeabi_memset8                          0x0001d1c1   Thumb Code     0  memseta.o(.text)
    __aeabi_memclr                           0x0001d1cf   Thumb Code     4  memseta.o(.text)
    __aeabi_memclr4                          0x0001d1cf   Thumb Code     0  memseta.o(.text)
    __aeabi_memclr8                          0x0001d1cf   Thumb Code     0  memseta.o(.text)
    _memset$wrapper                          0x0001d1d3   Thumb Code    18  memseta.o(.text)
    strlen                                   0x0001d1e5   Thumb Code    14  strlen.o(.text)
    memcmp                                   0x0001d1f3   Thumb Code    26  memcmp.o(.text)
    __scatterload                            0x0001d20d   Thumb Code    28  init.o(.text)
    __scatterload_rt2                        0x0001d20d   Thumb Code     0  init.o(.text)
    __decompress                             0x0001d231   Thumb Code     0  __dczerorl2.o(.text)
    __decompress1                            0x0001d231   Thumb Code    86  __dczerorl2.o(.text)
    GPIOTE_IRQHandler                        0x0001d289   Thumb Code   244  nrf_drv_gpiote.o(i.GPIOTE_IRQHandler)
    RTC1_IRQHandler                          0x0001d3e1   Thumb Code    28  app_timer.o(i.RTC1_IRQHandler)
    SWI0_IRQHandler                          0x0001d401   Thumb Code     8  app_timer.o(i.SWI0_IRQHandler)
    SWI2_IRQHandler                          0x0001d409   Thumb Code    32  softdevice_handler.o(i.SWI2_IRQHandler)
    SystemInit                               0x0001d42d   Thumb Code   130  system_nrf51.o(i.SystemInit)
    UART0_IRQHandler                         0x0001d4cd   Thumb Code   244  nrf_drv_uart.o(i.UART0_IRQHandler)
    __ARM_common_switch8                     0x0001d5d1   Thumb Code    26  main.o(i.__ARM_common_switch8)
    __scatterload_copy                       0x0001d5eb   Thumb Code    14  handlers.o(i.__scatterload_copy)
    __scatterload_null                       0x0001d5f9   Thumb Code     2  handlers.o(i.__scatterload_null)
    __scatterload_zeroinit                   0x0001d5fb   Thumb Code    14  handlers.o(i.__scatterload_zeroinit)
    adv_data_encode                          0x0001d77d   Thumb Code   534  ble_advdata.o(i.adv_data_encode)
    ant_stack_static_config                  0x0001da49   Thumb Code    16  ant_stack_config.o(i.ant_stack_static_config)
    app_button_enable                        0x0001da5d   Thumb Code    32  app_button.o(i.app_button_enable)
    app_button_init                          0x0001da81   Thumb Code   104  app_button.o(i.app_button_init)
    app_error_handler                        0x0001daf9   Thumb Code    18  app_error.o(i.app_error_handler)
    app_sched_event_put                      0x0001dbb1   Thumb Code   240  app_scheduler.o(i.app_sched_event_put)
    app_sched_execute                        0x0001dcb1   Thumb Code    30  app_scheduler.o(i.app_sched_execute)
    app_sched_init                           0x0001dcd1   Thumb Code    40  app_scheduler.o(i.app_sched_init)
    app_timer_create                         0x0001dcfd   Thumb Code    40  app_timer.o(i.app_timer_create)
    app_timer_evt_schedule                   0x0001dd45   Thumb Code    18  app_timer_appsh.o(i.app_timer_evt_schedule)
    app_timer_init                           0x0001dd5d   Thumb Code   126  app_timer.o(i.app_timer_init)
    app_timer_start                          0x0001dded   Thumb Code   114  app_timer.o(i.app_timer_start)
    app_timer_stop                           0x0001de69   Thumb Code    78  app_timer.o(i.app_timer_stop)
    asc_encode_address_available_page        0x0001debd   Thumb Code    58  asc_pages.o(i.asc_encode_address_available_page)
    asc_encode_busy_acquiring_page           0x0001def7   Thumb Code    44  asc_pages.o(i.asc_encode_busy_acquiring_page)
    asc_encode_device_availability_page      0x0001df23   Thumb Code    28  asc_pages.o(i.asc_encode_device_availability_page)
    asc_encode_request_data_page             0x0001df3f   Thumb Code    36  asc_pages.o(i.asc_encode_request_data_page)
    ascc_init                                0x0001df65   Thumb Code   152  asc_coordinator.o(i.ascc_init)
    ascm_init                                0x0001e011   Thumb Code   186  asc_master.o(i.ascm_init)
    ascm_turn_on                             0x0001e1e5   Thumb Code    10  asc_master.o(i.ascm_turn_on)
    ascmm_init                               0x0001e1f1   Thumb Code   208  asc_master_to_master.o(i.ascmm_init)
    ascmm_turn_on                            0x0001e3b1   Thumb Code    10  asc_master_to_master.o(i.ascmm_turn_on)
    ble_achs_init                            0x0001e58d   Thumb Code    70  ble_controllable_hub.o(i.ble_achs_init)
    ble_achs_on_ble_evt                      0x0001e5e1   Thumb Code    62  ble_controllable_hub.o(i.ble_achs_on_ble_evt)
    ble_advdata_set                          0x0001e625   Thumb Code   104  ble_advdata.o(i.ble_advdata_set)
    ble_advertising_init                     0x0001e699   Thumb Code   284  ble_advertising.o(i.ble_advertising_init)
    ble_advertising_on_ble_evt               0x0001e7bd   Thumb Code   112  ble_advertising.o(i.ble_advertising_on_ble_evt)
    ble_advertising_on_sys_evt               0x0001e831   Thumb Code    42  ble_advertising.o(i.ble_advertising_on_sys_evt)
    ble_advertising_peer_addr_reply          0x0001e861   Thumb Code    44  ble_advertising.o(i.ble_advertising_peer_addr_reply)
    ble_advertising_restart_without_whitelist 0x0001e8a1   Thumb Code    56  ble_advertising.o(i.ble_advertising_restart_without_whitelist)
    ble_advertising_start                    0x0001e8e1   Thumb Code   470  ble_advertising.o(i.ble_advertising_start)
    ble_advertising_whitelist_reply          0x0001eac1   Thumb Code    74  ble_advertising.o(i.ble_advertising_whitelist_reply)
    ble_bas_battery_level_update             0x0001eb15   Thumb Code   112  ble_bas.o(i.ble_bas_battery_level_update)
    ble_bas_init                             0x0001eb89   Thumb Code    66  ble_bas.o(i.ble_bas_init)
    ble_bas_on_ble_evt                       0x0001ebd1   Thumb Code    94  ble_bas.o(i.ble_bas_on_ble_evt)
    ble_conn_params_init                     0x0001ec31   Thumb Code    68  ble_conn_params.o(i.ble_conn_params_init)
    ble_conn_params_on_ble_evt               0x0001ec85   Thumb Code   132  ble_conn_params.o(i.ble_conn_params_on_ble_evt)
    ble_dis_init                             0x0001ed75   Thumb Code   308  ble_dis.o(i.ble_dis_init)
    ble_hids_init                            0x0001eef9   Thumb Code   296  ble_hids.o(i.ble_hids_init)
    ble_hids_inp_rep_send                    0x0001f029   Thumb Code    92  ble_hids.o(i.ble_hids_inp_rep_send)
    ble_hids_on_ble_evt                      0x0001f089   Thumb Code   152  ble_hids.o(i.ble_hids_on_ble_evt)
    ble_srv_ascii_to_utf8                    0x0001f121   Thumb Code    18  ble_srv_common.o(i.ble_srv_ascii_to_utf8)
    ble_srv_report_ref_encode                0x0001f133   Thumb Code    12  ble_srv_common.o(i.ble_srv_report_ref_encode)
    bond_data_load                           0x0001f1ad   Thumb Code    58  device_manager_peripheral.o(i.bond_data_load)
    bsp_btn_ble_init                         0x0001f331   Thumb Code    80  bsp_btn_ble.o(i.bsp_btn_ble_init)
    bsp_btn_ble_on_ble_evt                   0x0001f385   Thumb Code   114  bsp_btn_ble.o(i.bsp_btn_ble_on_ble_evt)
    bsp_btn_ble_sleep_mode_prepare           0x0001f3fd   Thumb Code    20  bsp_btn_ble.o(i.bsp_btn_ble_sleep_mode_prepare)
    bsp_button_is_pressed                    0x0001f4b1   Thumb Code    34  bsp.o(i.bsp_button_is_pressed)
    bsp_event_to_button_action_assign        0x0001f54d   Thumb Code    66  bsp.o(i.bsp_event_to_button_action_assign)
    bsp_indication_set                       0x0001f595   Thumb Code    22  bsp.o(i.bsp_indication_set)
    bsp_init                                 0x0001f5b1   Thumb Code   134  bsp.o(i.bsp_init)
    bsp_wakeup_buttons_set                   0x0001f83d   Thumb Code    50  bsp.o(i.bsp_wakeup_buttons_set)
    cntrldevice_event_handler                0x0001fb65   Thumb Code    18  ble_phone_connection.o(i.cntrldevice_event_handler)
    cntrldevice_initialize                   0x0001fb7d   Thumb Code   110  ble_phone_connection.o(i.cntrldevice_initialize)
    deviceregistry_get_first_registered_shared_address 0x00020141   Thumb Code    38  asc_device_registry.o(i.deviceregistry_get_first_registered_shared_address)
    deviceregistry_get_next_free_shared_address 0x00020167   Thumb Code    40  asc_device_registry.o(i.deviceregistry_get_next_free_shared_address)
    deviceregistry_is_full                   0x0002018f   Thumb Code    14  asc_device_registry.o(i.deviceregistry_is_full)
    deviceregistry_setup                     0x0002019d   Thumb Code    24  asc_device_registry.o(i.deviceregistry_setup)
    dm_ble_evt_handler                       0x00020225   Thumb Code   962  device_manager_peripheral.o(i.dm_ble_evt_handler)
    dm_handle_initialize                     0x000205fd   Thumb Code    22  device_manager_peripheral.o(i.dm_handle_initialize)
    dm_init                                  0x00020619   Thumb Code   174  device_manager_peripheral.o(i.dm_init)
    dm_peer_addr_get                         0x000206dd   Thumb Code   112  device_manager_peripheral.o(i.dm_peer_addr_get)
    dm_register                              0x000208c1   Thumb Code   104  device_manager_peripheral.o(i.dm_register)
    dm_service_context_set                   0x00020935   Thumb Code   144  device_manager_peripheral.o(i.dm_service_context_set)
    dm_whitelist_create                      0x000209d9   Thumb Code   164  device_manager_peripheral.o(i.dm_whitelist_create)
    intern_softdevice_events_execute         0x0002115d   Thumb Code   178  softdevice_handler.o(i.intern_softdevice_events_execute)
    main                                     0x000214dd   Thumb Code   368  main.o(i.main)
    nrf_drv_common_irq_enable                0x00021805   Thumb Code    78  nrf_drv_common.o(i.nrf_drv_common_irq_enable)
    nrf_drv_gpiote_in_event_enable           0x00021865   Thumb Code   138  nrf_drv_gpiote.o(i.nrf_drv_gpiote_in_event_enable)
    nrf_drv_gpiote_in_init                   0x00021905   Thumb Code   146  nrf_drv_gpiote.o(i.nrf_drv_gpiote_in_init)
    nrf_drv_gpiote_in_is_set                 0x000219a9   Thumb Code    16  nrf_drv_gpiote.o(i.nrf_drv_gpiote_in_is_set)
    nrf_drv_gpiote_init                      0x000219bd   Thumb Code    76  nrf_drv_gpiote.o(i.nrf_drv_gpiote_init)
    nrf_drv_gpiote_is_init                   0x00021a11   Thumb Code    12  nrf_drv_gpiote.o(i.nrf_drv_gpiote_is_init)
    phc_init                                 0x00021fcd   Thumb Code   184  ant_phone_connection.o(i.phc_init)
    phc_turn_on                              0x00022091   Thumb Code    10  ant_phone_connection.o(i.phc_turn_on)
    pstorage_access_status_get               0x00022195   Thumb Code    30  pstorage.o(i.pstorage_access_status_get)
    pstorage_block_identifier_get            0x000221bd   Thumb Code    74  pstorage.o(i.pstorage_block_identifier_get)
    pstorage_clear                           0x00022211   Thumb Code   156  pstorage.o(i.pstorage_clear)
    pstorage_init                            0x000222e5   Thumb Code    68  pstorage.o(i.pstorage_init)
    pstorage_load                            0x00022331   Thumb Code   158  pstorage.o(i.pstorage_load)
    pstorage_register                        0x000223d9   Thumb Code   180  pstorage.o(i.pstorage_register)
    pstorage_store                           0x00022495   Thumb Code   134  pstorage.o(i.pstorage_store)
    pstorage_sys_event_handler               0x00022525   Thumb Code    72  pstorage.o(i.pstorage_sys_event_handler)
    pstorage_update                          0x00022571   Thumb Code   134  pstorage.o(i.pstorage_update)
    sensorsim_decrement                      0x000229ad   Thumb Code    28  sensorsim.o(i.sensorsim_decrement)
    sensorsim_increment                      0x000229c9   Thumb Code    28  sensorsim.o(i.sensorsim_increment)
    sensorsim_init                           0x000229e5   Thumb Code    24  sensorsim.o(i.sensorsim_init)
    sensorsim_measure                        0x000229fd   Thumb Code    26  sensorsim.o(i.sensorsim_measure)
    softdevice_assertion_handler             0x00022bbd   Thumb Code    12  softdevice_handler.o(i.softdevice_assertion_handler)
    softdevice_ble_evt_handler_set           0x00022bc9   Thumb Code    16  softdevice_handler.o(i.softdevice_ble_evt_handler_set)
    softdevice_evt_get                       0x00022bdd   Thumb Code    22  softdevice_handler_appsh.o(i.softdevice_evt_get)
    softdevice_evt_schedule                  0x00022bf5   Thumb Code    14  softdevice_handler_appsh.o(i.softdevice_evt_schedule)
    softdevice_handler_init                  0x00022c09   Thumb Code    40  softdevice_handler.o(i.softdevice_handler_init)
    softdevice_sys_evt_handler_set           0x00022c39   Thumb Code    16  softdevice_handler.o(i.softdevice_sys_evt_handler_set)
    m_asc_parameters                         0x00023278   Data          16  asc_coordinator.o(.constdata)
    m_ascmm_discovery_parameters             0x00023288   Data          16  asc_coordinator.o(.constdata)
    m_ascmm_connection_parameters            0x00023298   Data          16  asc_coordinator.o(.constdata)
    m_phone_parameters                       0x000232a8   Data          16  asc_coordinator.o(.constdata)
    m_service_context_store                  0x00023324   Data          16  device_manager_peripheral.o(.constdata)
    m_service_context_load                   0x00023334   Data          16  device_manager_peripheral.o(.constdata)
    m_service_context_apply                  0x00023344   Data          16  device_manager_peripheral.o(.constdata)
    Region$$Table$$Base                      0x00023384   Number         0  anon$$obj.o(Region$$Table)
    Region$$Table$$Limit                     0x000233a4   Number         0  anon$$obj.o(Region$$Table)
    x                                        0x20002424   Data           4  nrf_drv_gpiote.o(.data)
    SystemCoreClock                          0x200024a8   Data           4  system_nrf51.o(.data)
    __initial_sp                             0x200037a8   Data           0  arm_startup_nrf51.o(STACK)



==============================================================================

Memory Map of the image

  Image Entry point : 0x0001d0c1

  Load Region LR_IROM1 (Base: 0x0001d000, Size: 0x00006650, Max: 0x00023000, ABSOLUTE, COMPRESSED[0x00006448])

    Execution Region ER_IROM1 (Base: 0x0001d000, Size: 0x000063a4, Max: 0x00023000, ABSOLUTE)

    Base Addr    Size         Type   Attr      Idx    E Section Name        Object

    0x0001d000   0x000000c0   Data   RO         3389    RESET               arm_startup_nrf51.o
    0x0001d0c0   0x00000000   Code   RO         3431  * .ARM.Collect$$$$00000000  mc_p.l(entry.o)
    0x0001d0c0   0x00000004   Code   RO         3454    .ARM.Collect$$$$00000001  mc_p.l(entry2.o)
    0x0001d0c4   0x00000004   Code   RO         3457    .ARM.Collect$$$$00000004  mc_p.l(entry5.o)
    0x0001d0c8   0x00000000   Code   RO         3459    .ARM.Collect$$$$00000008  mc_p.l(entry7b.o)
    0x0001d0c8   0x00000000   Code   RO         3461    .ARM.Collect$$$$0000000A  mc_p.l(entry8b.o)
    0x0001d0c8   0x00000008   Code   RO         3462    .ARM.Collect$$$$0000000B  mc_p.l(entry9a.o)
    0x0001d0d0   0x00000000   Code   RO         3464    .ARM.Collect$$$$0000000D  mc_p.l(entry10a.o)
    0x0001d0d0   0x00000000   Code   RO         3466    .ARM.Collect$$$$0000000F  mc_p.l(entry11a.o)
    0x0001d0d0   0x00000004   Code   RO         3455    .ARM.Collect$$$$00002712  mc_p.l(entry2.o)
    0x0001d0d4   0x0000001e   Code   RO         2916    .emb_text           app_timer.o
    0x0001d0f2   0x00000002   PAD
    0x0001d0f4   0x00000038   Code   RO         3390    .text               arm_startup_nrf51.o
    0x0001d12c   0x0000002c   Code   RO         3434    .text               mc_p.l(uidiv.o)
    0x0001d158   0x00000028   Code   RO         3436    .text               mc_p.l(idiv.o)
    0x0001d180   0x00000040   Code   RO         3440    .text               mc_p.l(memmovea.o)
    0x0001d1c0   0x00000024   Code   RO         3442    .text               mc_p.l(memseta.o)
    0x0001d1e4   0x0000000e   Code   RO         3444    .text               mc_p.l(strlen.o)
    0x0001d1f2   0x0000001a   Code   RO         3446    .text               mc_p.l(memcmp.o)
    0x0001d20c   0x00000024   Code   RO         3468    .text               mc_p.l(init.o)
    0x0001d230   0x00000056   Code   RO         3478    .text               mc_p.l(__dczerorl2.o)
    0x0001d286   0x00000002   PAD
    0x0001d288   0x00000114   Code   RO         2252    i.GPIOTE_IRQHandler  nrf_drv_gpiote.o
    0x0001d39c   0x00000044   Code   RO         2917    i.NVIC_SetPriority  app_timer.o
    0x0001d3e0   0x00000020   Code   RO         2918    i.RTC1_IRQHandler   app_timer.o
    0x0001d400   0x00000008   Code   RO         2919    i.SWI0_IRQHandler   app_timer.o
    0x0001d408   0x00000024   Code   RO         3292    i.SWI2_IRQHandler   softdevice_handler.o
    0x0001d42c   0x000000a0   Code   RO         3397    i.SystemInit        system_nrf51.o
    0x0001d4cc   0x00000104   Code   RO         2444    i.UART0_IRQHandler  nrf_drv_uart.o
    0x0001d5d0   0x0000001a   Code   RO          125    i.__ARM_common_switch8  main.o
    0x0001d5ea   0x0000000e   Code   RO         3472    i.__scatterload_copy  mc_p.l(handlers.o)
    0x0001d5f8   0x00000002   Code   RO         3473    i.__scatterload_null  mc_p.l(handlers.o)
    0x0001d5fa   0x0000000e   Code   RO         3474    i.__scatterload_zeroinit  mc_p.l(handlers.o)
    0x0001d608   0x00000174   Code   RO          947    i.ach_report_char_add  ble_controllable_hub.o
    0x0001d77c   0x00000216   Code   RO         1337    i.adv_data_encode   ble_advdata.o
    0x0001d992   0x0000003c   Code   RO         1246    i.advertising_buttons_configure  bsp_btn_ble.o
    0x0001d9ce   0x00000002   PAD
    0x0001d9d0   0x00000060   Code   RO          765    i.advertising_init  ble_phone_connection.o
    0x0001da30   0x00000018   Code   RO         1136    i.alert_timer_handler  bsp.o
    0x0001da48   0x00000014   Code   RO         1286    i.ant_stack_static_config  ant_stack_config.o
    0x0001da5c   0x00000024   Code   RO         2833    i.app_button_enable  app_button.o
    0x0001da80   0x00000078   Code   RO         2834    i.app_button_init   app_button.o
    0x0001daf8   0x0000001c   Code   RO         2893    i.app_error_handler  app_error.o
    0x0001db14   0x0000000c   Code   RO         1648    i.app_evt_notify    device_manager_peripheral.o
    0x0001db20   0x0000002c   Code   RO         2591    i.app_notify        pstorage.o
    0x0001db4c   0x00000020   Code   RO         2592    i.app_notify_error_state_transit  pstorage.o
    0x0001db6c   0x00000044   Code   RO         3147    i.app_sched_event_get  app_scheduler.o
    0x0001dbb0   0x00000100   Code   RO         3148    i.app_sched_event_put  app_scheduler.o
    0x0001dcb0   0x0000001e   Code   RO         3149    i.app_sched_execute  app_scheduler.o
    0x0001dcce   0x00000002   PAD
    0x0001dcd0   0x0000002c   Code   RO         3150    i.app_sched_init    app_scheduler.o
    0x0001dcfc   0x0000002c   Code   RO         2922    i.app_timer_create  app_timer.o
    0x0001dd28   0x0000001a   Code   RO         3190    i.app_timer_evt_get  app_timer_appsh.o
    0x0001dd42   0x00000002   PAD
    0x0001dd44   0x00000018   Code   RO         3191    i.app_timer_evt_schedule  app_timer_appsh.o
    0x0001dd5c   0x00000090   Code   RO         2923    i.app_timer_init    app_timer.o
    0x0001ddec   0x0000007c   Code   RO         2924    i.app_timer_start   app_timer.o
    0x0001de68   0x00000054   Code   RO         2925    i.app_timer_stop    app_timer.o
    0x0001debc   0x0000003a   Code   RO          544    i.asc_encode_address_available_page  asc_pages.o
    0x0001def6   0x0000002c   Code   RO          545    i.asc_encode_busy_acquiring_page  asc_pages.o
    0x0001df22   0x0000001c   Code   RO          548    i.asc_encode_device_availability_page  asc_pages.o
    0x0001df3e   0x00000024   Code   RO          552    i.asc_encode_request_data_page  asc_pages.o
    0x0001df62   0x00000002   PAD
    0x0001df64   0x000000ac   Code   RO          855    i.ascc_init         asc_coordinator.o
    0x0001e010   0x000000c8   Code   RO          334    i.ascm_init         asc_master.o
    0x0001e0d8   0x0000010c   Code   RO          336    i.ascm_set_state    asc_master.o
    0x0001e1e4   0x0000000a   Code   RO          338    i.ascm_turn_on      asc_master.o
    0x0001e1ee   0x00000002   PAD
    0x0001e1f0   0x000000d8   Code   RO          675    i.ascmm_init        asc_master_to_master.o
    0x0001e2c8   0x000000e8   Code   RO          677    i.ascmm_set_state   asc_master_to_master.o
    0x0001e3b0   0x0000000a   Code   RO          679    i.ascmm_turn_on     asc_master_to_master.o
    0x0001e3ba   0x00000002   PAD
    0x0001e3bc   0x00000054   Code   RO            4    i.bas_init          main.o
    0x0001e410   0x00000138   Code   RO         1409    i.battery_level_char_add  ble_bas.o
    0x0001e548   0x00000044   Code   RO            5    i.battery_level_meas_timeout_handler  main.o
    0x0001e58c   0x00000054   Code   RO          951    i.ble_achs_init     ble_controllable_hub.o
    0x0001e5e0   0x00000044   Code   RO          952    i.ble_achs_on_ble_evt  ble_controllable_hub.o
    0x0001e624   0x00000068   Code   RO         1338    i.ble_advdata_set   ble_advdata.o
    0x0001e68c   0x0000000c   Code   RO            6    i.ble_advertising_error_handler  main.o
    0x0001e698   0x00000124   Code   RO         2047    i.ble_advertising_init  ble_advertising.o
    0x0001e7bc   0x00000074   Code   RO         2048    i.ble_advertising_on_ble_evt  ble_advertising.o
    0x0001e830   0x00000030   Code   RO         2049    i.ble_advertising_on_sys_evt  ble_advertising.o
    0x0001e860   0x00000030   Code   RO         2050    i.ble_advertising_peer_addr_reply  ble_advertising.o
    0x0001e890   0x00000010   Code   RO         2051    i.ble_advertising_peer_address_clear  ble_advertising.o
    0x0001e8a0   0x00000040   Code   RO         2052    i.ble_advertising_restart_without_whitelist  ble_advertising.o
    0x0001e8e0   0x000001e0   Code   RO         2053    i.ble_advertising_start  ble_advertising.o
    0x0001eac0   0x00000054   Code   RO         2054    i.ble_advertising_whitelist_reply  ble_advertising.o
    0x0001eb14   0x00000074   Code   RO         1410    i.ble_bas_battery_level_update  ble_bas.o
    0x0001eb88   0x00000048   Code   RO         1411    i.ble_bas_init      ble_bas.o
    0x0001ebd0   0x0000005e   Code   RO         1412    i.ble_bas_on_ble_evt  ble_bas.o
    0x0001ec2e   0x00000002   PAD
    0x0001ec30   0x00000054   Code   RO         1445    i.ble_conn_params_init  ble_conn_params.o
    0x0001ec84   0x00000090   Code   RO         1446    i.ble_conn_params_on_ble_evt  ble_conn_params.o
    0x0001ed14   0x0000005e   Code   RO         1339    i.ble_device_addr_encode  ble_advdata.o
    0x0001ed72   0x00000002   PAD
    0x0001ed74   0x00000140   Code   RO         1504    i.ble_dis_init      ble_dis.o
    0x0001eeb4   0x0000003c   Code   RO            7    i.ble_evt_dispatch  main.o
    0x0001eef0   0x00000008   Code   RO          857    i.ble_evt_dispatch  asc_coordinator.o
    0x0001eef8   0x00000130   Code   RO         1927    i.ble_hids_init     ble_hids.o
    0x0001f028   0x00000060   Code   RO         1928    i.ble_hids_inp_rep_send  ble_hids.o
    0x0001f088   0x00000098   Code   RO         1929    i.ble_hids_on_ble_evt  ble_hids.o
    0x0001f120   0x00000012   Code   RO         1611    i.ble_srv_ascii_to_utf8  ble_srv_common.o
    0x0001f132   0x0000000c   Code   RO         1612    i.ble_srv_report_ref_encode  ble_srv_common.o
    0x0001f13e   0x00000002   PAD
    0x0001f140   0x0000006c   Code   RO            8    i.ble_stack_init    main.o
    0x0001f1ac   0x00000048   Code   RO         1649    i.bond_data_load    device_manager_peripheral.o
    0x0001f1f4   0x000000ae   Code   RO         1931    i.boot_inp_rep_char_add  ble_hids.o
    0x0001f2a2   0x00000002   PAD
    0x0001f2a4   0x0000008c   Code   RO         1932    i.boot_kb_outp_rep_char_add  ble_hids.o
    0x0001f330   0x00000054   Code   RO         1247    i.bsp_btn_ble_init  bsp_btn_ble.o
    0x0001f384   0x00000078   Code   RO         1248    i.bsp_btn_ble_on_ble_evt  bsp_btn_ble.o
    0x0001f3fc   0x00000014   Code   RO         1249    i.bsp_btn_ble_sleep_mode_prepare  bsp_btn_ble.o
    0x0001f410   0x000000a0   Code   RO         1137    i.bsp_button_event_handler  bsp.o
    0x0001f4b0   0x0000002c   Code   RO         1138    i.bsp_button_is_pressed  bsp.o
    0x0001f4dc   0x00000070   Code   RO            9    i.bsp_event_handler  main.o
    0x0001f54c   0x00000048   Code   RO         1142    i.bsp_event_to_button_action_assign  bsp.o
    0x0001f594   0x0000001c   Code   RO         1143    i.bsp_indication_set  bsp.o
    0x0001f5b0   0x000000a0   Code   RO         1145    i.bsp_init          bsp.o
    0x0001f650   0x000001ec   Code   RO         1146    i.bsp_led_indication  bsp.o
    0x0001f83c   0x0000003c   Code   RO         1147    i.bsp_wakeup_buttons_set  bsp.o
    0x0001f878   0x0000000c   Code   RO         1148    i.button_timer_handler  bsp.o
    0x0001f884   0x0000001c   Code   RO         2253    i.channel_free      nrf_drv_gpiote.o
    0x0001f8a0   0x00000048   Code   RO         2254    i.channel_port_alloc  nrf_drv_gpiote.o
    0x0001f8e8   0x00000010   Code   RO         2255    i.channel_port_get  nrf_drv_gpiote.o
    0x0001f8f8   0x000000a0   Code   RO         1505    i.char_add          ble_dis.o
    0x0001f998   0x00000104   Code   RO         2593    i.clear_operation_execute  pstorage.o
    0x0001fa9c   0x00000024   Code   RO         2594    i.clear_post_processing_run  pstorage.o
    0x0001fac0   0x00000038   Code   RO         2595    i.cmd_process       pstorage.o
    0x0001faf8   0x00000020   Code   RO         2596    i.cmd_queue_element_init  pstorage.o
    0x0001fb18   0x0000004c   Code   RO         2597    i.cmd_queue_enqueue  pstorage.o
    0x0001fb64   0x00000018   Code   RO          766    i.cntrldevice_event_handler  ble_phone_connection.o
    0x0001fb7c   0x00000084   Code   RO          767    i.cntrldevice_initialize  ble_phone_connection.o
    0x0001fc00   0x0000003c   Code   RO         2598    i.command_end_procedure_run  pstorage.o
    0x0001fc3c   0x000000a8   Code   RO         2927    i.compare_reg_update  app_timer.o
    0x0001fce4   0x00000088   Code   RO         1340    i.conn_int_encode   ble_advdata.o
    0x0001fd6c   0x0000000c   Code   RO           10    i.conn_params_error_handler  main.o
    0x0001fd78   0x00000068   Code   RO         1448    i.conn_params_negotiation  ble_conn_params.o
    0x0001fde0   0x00000030   Code   RO         1650    i.connection_instance_find  device_manager_peripheral.o
    0x0001fe10   0x00000024   Code   RO         1651    i.connection_instance_init  device_manager_peripheral.o
    0x0001fe34   0x00000054   Code   RO         2599    i.data_page_erase_state_run  pstorage.o
    0x0001fe88   0x00000028   Code   RO         2600    i.data_to_swap_write_state_run  pstorage.o
    0x0001feb0   0x00000060   Code   RO         2836    i.detection_delay_timeout_handler  app_button.o
    0x0001ff10   0x000000b0   Code   RO         1652    i.device_context_store  device_manager_peripheral.o
    0x0001ffc0   0x00000054   Code   RO         1653    i.device_instance_allocate  device_manager_peripheral.o
    0x00020014   0x00000048   Code   RO         1654    i.device_instance_find  device_manager_peripheral.o
    0x0002005c   0x0000002c   Code   RO         1655    i.device_instance_free  device_manager_peripheral.o
    0x00020088   0x00000030   Code   RO           11    i.device_manager_evt_handler  main.o
    0x000200b8   0x00000088   Code   RO           12    i.device_manager_init  main.o
    0x00020140   0x00000026   Code   RO          472    i.deviceregistry_get_first_registered_shared_address  asc_device_registry.o
    0x00020166   0x00000028   Code   RO          473    i.deviceregistry_get_next_free_shared_address  asc_device_registry.o
    0x0002018e   0x0000000e   Code   RO          476    i.deviceregistry_is_full  asc_device_registry.o
    0x0002019c   0x00000018   Code   RO          478    i.deviceregistry_setup  asc_device_registry.o
    0x000201b4   0x00000070   Code   RO           13    i.dis_init          main.o
    0x00020224   0x000003d8   Code   RO         1660    i.dm_ble_evt_handler  device_manager_peripheral.o
    0x000205fc   0x0000001c   Code   RO         1666    i.dm_handle_initialize  device_manager_peripheral.o
    0x00020618   0x000000c4   Code   RO         1667    i.dm_init           device_manager_peripheral.o
    0x000206dc   0x00000080   Code   RO         1668    i.dm_peer_addr_get  device_manager_peripheral.o
    0x0002075c   0x00000164   Code   RO         1670    i.dm_pstorage_cb_handler  device_manager_peripheral.o
    0x000208c0   0x00000074   Code   RO         1671    i.dm_register       device_manager_peripheral.o
    0x00020934   0x000000a4   Code   RO         1676    i.dm_service_context_set  device_manager_peripheral.o
    0x000209d8   0x000000b4   Code   RO         1677    i.dm_whitelist_create  device_manager_peripheral.o
    0x00020a8c   0x00000040   Code   RO         2928    i.elapsed_ticks_acquire  app_timer.o
    0x00020acc   0x00000062   Code   RO         1933    i.feature_rep_characteristics_add  ble_hids.o
    0x00020b2e   0x00000002   PAD
    0x00020b30   0x00000020   Code   RO         2601    i.flash_api_err_code_process  pstorage.o
    0x00020b50   0x00000080   Code   RO         2602    i.flash_operation_success_run  pstorage.o
    0x00020bd0   0x0000000a   Code   RO         2603    i.flash_page_erase  pstorage.o
    0x00020bda   0x0000000a   Code   RO         2604    i.flash_write       pstorage.o
    0x00020be4   0x00000064   Code   RO           14    i.gap_params_init   main.o
    0x00020c48   0x00000004   Code   RO         1678    i.gattc_context_apply  device_manager_peripheral.o
    0x00020c4c   0x00000004   Code   RO         1679    i.gattc_context_load  device_manager_peripheral.o
    0x00020c50   0x00000004   Code   RO         1680    i.gattc_context_store  device_manager_peripheral.o
    0x00020c54   0x000000b0   Code   RO         1681    i.gatts_context_apply  device_manager_peripheral.o
    0x00020d04   0x00000030   Code   RO         1682    i.gatts_context_load  device_manager_peripheral.o
    0x00020d34   0x000000ac   Code   RO         1683    i.gatts_context_store  device_manager_peripheral.o
    0x00020de0   0x00000008   Code   RO         1684    i.gattsc_context_apply  device_manager_peripheral.o
    0x00020de8   0x00000008   Code   RO         1685    i.gattsc_context_load  device_manager_peripheral.o
    0x00020df0   0x00000008   Code   RO         1686    i.gattsc_context_store  device_manager_peripheral.o
    0x00020df8   0x00000050   Code   RO         2837    i.gpiote_event_handler  app_button.o
    0x00020e48   0x00000078   Code   RO         2605    i.head_restore_state_run  pstorage.o
    0x00020ec0   0x0000008c   Code   RO         1934    i.hid_control_point_char_add  ble_hids.o
    0x00020f4c   0x000000a0   Code   RO         1935    i.hid_information_char_add  ble_hids.o
    0x00020fec   0x000000f4   Code   RO           15    i.hids_init         main.o
    0x000210e0   0x0000007a   Code   RO         1936    i.inp_rep_characteristics_add  ble_hids.o
    0x0002115a   0x00000002   PAD
    0x0002115c   0x000000bc   Code   RO         3293    i.intern_softdevice_events_execute  softdevice_handler.o
    0x00021218   0x0000001c   Code   RO         1449    i.is_conn_params_ok  ble_conn_params.o
    0x00021234   0x00000048   Code   RO         3398    i.is_manual_peripheral_setup_needed  system_nrf51.o
    0x0002127c   0x00000044   Code   RO         2606    i.is_page_erase_required  pstorage.o
    0x000212c0   0x0000000c   Code   RO         2607    i.is_word_aligned   pstorage.o
    0x000212cc   0x00000054   Code   RO         1341    i.le_role_encode    ble_advdata.o
    0x00021320   0x00000014   Code   RO          769    i.led_off           ble_phone_connection.o
    0x00021334   0x00000018   Code   RO         1149    i.leds_timer_handler  bsp.o
    0x0002134c   0x000000bc   Code   RO         2929    i.list_deletions_handler  app_timer.o
    0x00021408   0x000000d4   Code   RO         2930    i.list_insertions_handler  app_timer.o
    0x000214dc   0x000001a0   Code   RO           16    i.main              main.o
    0x0002167c   0x00000018   Code   RO         2608    i.main_state_err_busy_process  pstorage.o
    0x00021694   0x00000012   Code   RO         1937    i.make_char_id      ble_hids.o
    0x000216a6   0x00000068   Code   RO         1342    i.manuf_specific_data_encode  ble_advdata.o
    0x0002170e   0x00000002   PAD
    0x00021710   0x00000048   Code   RO           17    i.mouse_media_send  main.o
    0x00021758   0x0000009e   Code   RO         1343    i.name_encode       ble_advdata.o
    0x000217f6   0x00000004   Code   RO         1687    i.no_service_context_apply  device_manager_peripheral.o
    0x000217fa   0x00000004   Code   RO         1688    i.no_service_context_load  device_manager_peripheral.o
    0x000217fe   0x00000004   Code   RO         1689    i.no_service_context_store  device_manager_peripheral.o
    0x00021802   0x00000002   PAD
    0x00021804   0x00000060   Code   RO         2226    i.nrf_drv_common_irq_enable  nrf_drv_common.o
    0x00021864   0x000000a0   Code   RO         2258    i.nrf_drv_gpiote_in_event_enable  nrf_drv_gpiote.o
    0x00021904   0x000000a4   Code   RO         2259    i.nrf_drv_gpiote_in_init  nrf_drv_gpiote.o
    0x000219a8   0x00000014   Code   RO         2260    i.nrf_drv_gpiote_in_is_set  nrf_drv_gpiote.o
    0x000219bc   0x00000054   Code   RO         2262    i.nrf_drv_gpiote_init  nrf_drv_gpiote.o
    0x00021a10   0x00000010   Code   RO         2263    i.nrf_drv_gpiote_is_init  nrf_drv_gpiote.o
    0x00021a20   0x00000024   Code   RO         2275    i.nrf_gpio_cfg      nrf_drv_gpiote.o
    0x00021a44   0x00000020   Code   RO         2277    i.nrf_gpio_cfg_sense_set  nrf_drv_gpiote.o
    0x00021a64   0x00000014   Code   RO         2278    i.nrf_gpiote_event_is_set  nrf_drv_gpiote.o
    0x00021a78   0x0000000a   Code   RO         2458    i.nrf_uart_event_check  nrf_drv_uart.o
    0x00021a82   0x00000010   Code   RO         2459    i.nrf_uart_int_enable_check  nrf_drv_uart.o
    0x00021a92   0x00000002   PAD
    0x00021a94   0x000000c0   Code   RO           18    i.on_adv_evt        main.o
    0x00021b54   0x000000a4   Code   RO           19    i.on_ble_evt        main.o
    0x00021bf8   0x00000078   Code   RO          770    i.on_ble_evt        ble_phone_connection.o
    0x00021c70   0x000000cc   Code   RO          954    i.on_ctrlpt_write   ble_controllable_hub.o
    0x00021d3c   0x00000068   Code   RO           20    i.on_hids_evt       main.o
    0x00021da4   0x0000003c   Code   RO         1938    i.on_report_cccd_write  ble_hids.o
    0x00021de0   0x0000002e   Code   RO         1939    i.on_report_value_write  ble_hids.o
    0x00021e0e   0x00000002   PAD
    0x00021e10   0x0000010c   Code   RO         1940    i.on_write          ble_hids.o
    0x00021f1c   0x00000062   Code   RO         1941    i.outp_rep_characteristics_add  ble_hids.o
    0x00021f7e   0x00000016   Code   RO         2055    i.peer_address_exists  ble_advertising.o
    0x00021f94   0x00000038   Code   RO         1690    i.peer_instance_init  device_manager_peripheral.o
    0x00021fcc   0x000000c4   Code   RO         1063    i.phc_init          ant_phone_connection.o
    0x00022090   0x0000000a   Code   RO         1066    i.phc_turn_on       ant_phone_connection.o
    0x0002209a   0x00000002   PAD
    0x0002209c   0x00000018   Code   RO         2279    i.pin_in_use_by_port  nrf_drv_gpiote.o
    0x000220b4   0x00000018   Code   RO         2280    i.pin_in_use_by_te  nrf_drv_gpiote.o
    0x000220cc   0x0000003e   Code   RO         1506    i.pnp_id_encode     ble_dis.o
    0x0002210a   0x00000002   PAD
    0x0002210c   0x00000088   Code   RO         1942    i.protocol_mode_char_add  ble_hids.o
    0x00022194   0x00000028   Code   RO         2609    i.pstorage_access_status_get  pstorage.o
    0x000221bc   0x00000054   Code   RO         2610    i.pstorage_block_identifier_get  pstorage.o
    0x00022210   0x000000a4   Code   RO         2611    i.pstorage_clear    pstorage.o
    0x000222b4   0x00000024   Code   RO         2612    i.pstorage_flash_page_end  pstorage.o
    0x000222d8   0x0000000a   Code   RO         2613    i.pstorage_flash_page_size  pstorage.o
    0x000222e2   0x00000002   PAD
    0x000222e4   0x0000004c   Code   RO         2614    i.pstorage_init     pstorage.o
    0x00022330   0x000000a8   Code   RO         2615    i.pstorage_load     pstorage.o
    0x000223d8   0x000000bc   Code   RO         2616    i.pstorage_register  pstorage.o
    0x00022494   0x00000090   Code   RO         2617    i.pstorage_store    pstorage.o
    0x00022524   0x0000004c   Code   RO         2618    i.pstorage_sys_event_handler  pstorage.o
    0x00022570   0x00000090   Code   RO         2619    i.pstorage_update   pstorage.o
    0x00022600   0x00000118   Code   RO         1943    i.rep_char_add      ble_hids.o
    0x00022718   0x00000138   Code   RO         1944    i.rep_map_char_add  ble_hids.o
    0x00022850   0x00000088   Code   RO         1945    i.rep_value_identify  ble_hids.o
    0x000228d8   0x00000044   Code   RO         2931    i.rtc1_stop         app_timer.o
    0x0002291c   0x0000002c   Code   RO         2460    i.rx_byte           nrf_drv_uart.o
    0x00022948   0x00000020   Code   RO         2461    i.rx_done_event     nrf_drv_uart.o
    0x00022968   0x00000044   Code   RO          344    i.send_polling_message  asc_master.o
    0x000229ac   0x0000001c   Code   RO         3113    i.sensorsim_decrement  sensorsim.o
    0x000229c8   0x0000001c   Code   RO         3114    i.sensorsim_increment  sensorsim.o
    0x000229e4   0x00000018   Code   RO         3115    i.sensorsim_init    sensorsim.o
    0x000229fc   0x0000001a   Code   RO         3116    i.sensorsim_measure  sensorsim.o
    0x00022a16   0x0000008e   Code   RO         1344    i.service_data_encode  ble_advdata.o
    0x00022aa4   0x0000000c   Code   RO           21    i.service_error_handler  main.o
    0x00022ab0   0x00000090   Code   RO         1068    i.set_state         ant_phone_connection.o
    0x00022b40   0x00000034   Code   RO           22    i.sleep_mode_enter  main.o
    0x00022b74   0x00000048   Code   RO         2620    i.sm_state_change   pstorage.o
    0x00022bbc   0x0000000c   Code   RO         3295    i.softdevice_assertion_handler  softdevice_handler.o
    0x00022bc8   0x00000014   Code   RO         3296    i.softdevice_ble_evt_handler_set  softdevice_handler.o
    0x00022bdc   0x00000016   Code   RO         3363    i.softdevice_evt_get  softdevice_handler_appsh.o
    0x00022bf2   0x00000002   PAD
    0x00022bf4   0x00000014   Code   RO         3364    i.softdevice_evt_schedule  softdevice_handler_appsh.o
    0x00022c08   0x00000030   Code   RO         3297    i.softdevice_handler_init  softdevice_handler.o
    0x00022c38   0x00000014   Code   RO         3300    i.softdevice_sys_evt_handler_set  softdevice_handler.o
    0x00022c4c   0x00000064   Code   RO         2621    i.state_data_erase_swap_entry_run  pstorage.o
    0x00022cb0   0x00000010   Code   RO         2622    i.state_erase_data_page_entry_run  pstorage.o
    0x00022cc0   0x00000028   Code   RO         2623    i.state_restore_head_entry_run  pstorage.o
    0x00022ce8   0x0000004c   Code   RO         2624    i.state_restore_tail_entry_run  pstorage.o
    0x00022d34   0x00000020   Code   RO         2625    i.state_swap_erase_entry_run  pstorage.o
    0x00022d54   0x00000030   Code   RO         2626    i.state_write_data_swap_entry_run  pstorage.o
    0x00022d84   0x00000004   Code   RO         1691    i.storage_operation_dummy_handler  device_manager_peripheral.o
    0x00022d88   0x0000005c   Code   RO         2627    i.store_cmd_flash_write_execute  pstorage.o
    0x00022de4   0x0000001c   Code   RO         2628    i.swap_erase_state_run  pstorage.o
    0x00022e00   0x00000018   Code   RO         2629    i.swap_sub_state_err_busy_process  pstorage.o
    0x00022e18   0x00000014   Code   RO         2630    i.swap_sub_state_state_change  pstorage.o
    0x00022e2c   0x00000010   Code   RO           23    i.sys_evt_dispatch  main.o
    0x00022e3c   0x00000056   Code   RO         1507    i.sys_id_encode     ble_dis.o
    0x00022e92   0x00000002   PAD
    0x00022e94   0x0000001c   Code   RO         2631    i.tail_restore_state_run  pstorage.o
    0x00022eb0   0x00000084   Code   RO         2932    i.timer_list_handler  app_timer.o
    0x00022f34   0x00000010   Code   RO         2933    i.timer_list_handler_sched  app_timer.o
    0x00022f44   0x00000040   Code   RO         2934    i.timer_list_insert  app_timer.o
    0x00022f84   0x00000084   Code   RO         2935    i.timer_timeouts_check  app_timer.o
    0x00023008   0x0000002c   Code   RO         2463    i.tx_byte           nrf_drv_uart.o
    0x00023034   0x00000020   Code   RO         2464    i.tx_done_event     nrf_drv_uart.o
    0x00023054   0x0000000a   Code   RO         1345    i.uint16_encode     ble_advdata.o
    0x0002305e   0x00000002   PAD
    0x00023060   0x00000014   Code   RO         1692    i.update_status_bit_reset  device_manager_peripheral.o
    0x00023074   0x00000064   Code   RO         1450    i.update_timeout_handler  ble_conn_params.o
    0x000230d8   0x00000054   Code   RO         2936    i.user_id_get       app_timer.o
    0x0002312c   0x00000026   Code   RO         2937    i.user_op_alloc     app_timer.o
    0x00023152   0x00000030   Code   RO         1346    i.uuid_list_encode  ble_advdata.o
    0x00023182   0x000000ae   Code   RO         1347    i.uuid_list_sized_encode  ble_advdata.o
    0x00023230   0x00000010   Code   RO         2056    i.whitelist_has_entries  ble_advertising.o
    0x00023240   0x00000028   Data   RO           26    .constdata          main.o
    0x00023268   0x00000008   Data   RO          346    .constdata          asc_master.o
    0x00023270   0x00000008   Data   RO          772    .constdata          ble_phone_connection.o
    0x00023278   0x00000040   Data   RO          865    .constdata          asc_coordinator.o
    0x000232b8   0x00000020   Data   RO          955    .constdata          ble_controllable_hub.o
    0x000232d8   0x0000003c   Data   RO         1154    .constdata          bsp.o
    0x00023314   0x0000000c   Data   RO         1288    .constdata          ant_stack_config.o
    0x00023320   0x00000004   Data   RO         1453    .constdata          ble_conn_params.o
    0x00023324   0x00000030   Data   RO         1694    .constdata          device_manager_peripheral.o
    0x00023354   0x00000028   Data   RO         2633    .constdata          pstorage.o
    0x0002337c   0x00000008   Data   RO         2839    .constdata          app_button.o
    0x00023384   0x00000020   Data   RO         3470    Region$$Table       anon$$obj.o


    Execution Region RW_IRAM1 (Base: 0x20002200, Size: 0x000015a8, Max: 0x00005e00, ABSOLUTE, COMPRESSED[0x000000a4])

    Base Addr    Size         Type   Attr      Idx    E Section Name        Object

    0x20002200   0x0000009c   Data   RW           27    .data               main.o
    0x2000229c   0x00000030   Data   RW          347    .data               asc_master.o
    0x200022cc   0x00000026   Data   RW          684    .data               asc_master_to_master.o
    0x200022f2   0x00000002   PAD
    0x200022f4   0x0000000c   Data   RW          773    .data               ble_phone_connection.o
    0x20002300   0x0000001c   Data   RW          866    .data               asc_coordinator.o
    0x2000231c   0x0000002e   Data   RW          956    .data               ble_controllable_hub.o
    0x2000234a   0x00000002   PAD
    0x2000234c   0x0000001e   Data   RW         1069    .data               ant_phone_connection.o
    0x2000236a   0x00000002   PAD
    0x2000236c   0x00000018   Data   RW         1155    .data               bsp.o
    0x20002384   0x00000008   Data   RW         1250    .data               bsp_btn_ble.o
    0x2000238c   0x00000014   Data   RW         1454    .data               ble_conn_params.o
    0x200023a0   0x0000004a   Data   RW         1508    .data               ble_dis.o
    0x200023ea   0x00000002   PAD
    0x200023ec   0x00000018   Data   RW         1696    .data               device_manager_peripheral.o
    0x20002404   0x0000001f   Data   RW         2058    .data               ble_advertising.o
    0x20002423   0x00000001   PAD
    0x20002424   0x00000004   Data   RW         2282    .data               nrf_drv_gpiote.o
    0x20002428   0x00000024   Data   RW         2634    .data               pstorage.o
    0x2000244c   0x00000014   Data   RW         2840    .data               app_button.o
    0x20002460   0x00000020   Data   RW         2938    .data               app_timer.o
    0x20002480   0x00000010   Data   RW         3151    .data               app_scheduler.o
    0x20002490   0x00000018   Data   RW         3302    .data               softdevice_handler.o
    0x200024a8   0x00000004   Data   RW         3399    .data               system_nrf51.o
    0x200024ac   0x00000020   Zero   RW           24    .bss                main.o
    0x200024cc   0x00000460   Zero   RW           25    .bss                main.o
    0x2000292c   0x0000010c   Zero   RW          345    .bss                asc_master.o
    0x20002a38   0x00000010   Zero   RW          682    .bss                asc_master_to_master.o
    0x20002a48   0x00000018   Zero   RW          771    .bss                ble_phone_connection.o
    0x20002a60   0x00000070   Zero   RW          864    .bss                asc_coordinator.o
    0x20002ad0   0x00000020   Zero   RW         1150    .bss                bsp.o
    0x20002af0   0x00000020   Zero   RW         1151    .bss                bsp.o
    0x20002b10   0x0000000c   Zero   RW         1152    .bss                bsp.o
    0x20002b1c   0x00000020   Zero   RW         1153    .bss                bsp.o
    0x20002b3c   0x00000080   Zero   RW         1287    .bss                ant_stack_config.o
    0x20002bbc   0x00000020   Zero   RW         1451    .bss                ble_conn_params.o
    0x20002bdc   0x0000001c   Zero   RW         1452    .bss                ble_conn_params.o
    0x20002bf8   0x00000127   Zero   RW         1693    .bss                device_manager_peripheral.o
    0x20002d1f   0x00000001   PAD
    0x20002d20   0x00000103   Zero   RW         2057    .bss                ble_advertising.o
    0x20002e23   0x00000001   PAD
    0x20002e24   0x0000004c   Zero   RW         2281    .bss                nrf_drv_gpiote.o
    0x20002e70   0x00000018   Zero   RW         2465    .bss                nrf_drv_uart.o
    0x20002e88   0x000000d8   Zero   RW         2632    .bss                pstorage.o
    0x20002f60   0x00000020   Zero   RW         2838    .bss                app_button.o
    0x20002f80   0x00000022   Zero   RW         3301    .bss                softdevice_handler.o
    0x20002fa2   0x00000006   PAD
    0x20002fa8   0x00000800   Zero   RW         3387    STACK               arm_startup_nrf51.o


==============================================================================

Image component sizes


      Code (inc. data)   RO Data    RW Data    ZI Data      Debug   Object Name

       350         28          0         30          0       5901   ant_phone_connection.o
        20          4         12          0        128       1770   ant_stack_config.o
       332         34          8         20         32       8774   app_button.o
        28         10          0          0          0       7624   app_error.o
       398         26          0         16          0      13239   app_scheduler.o
      1700        152          0         32          0      28331   app_timer.o
        50          6          0          0          0       2625   app_timer_appsh.o
        56         18        192          0       2048        680   arm_startup_nrf51.o
       180         20         64         28        112       9543   asc_coordinator.o
       116          0          0          0          0       3451   asc_device_registry.o
       546         56          8         48        268      15927   asc_master.o
       458         18          0         38         16       5285   asc_master_to_master.o
       166          0          0          0          0       8062   asc_pages.o
      1588          6          0          0          0      24900   ble_advdata.o
      1186         54          0         31        259      11941   ble_advertising.o
       594         20          0          0          0      12407   ble_bas.o
       460         58          4         20         60       6404   ble_conn_params.o
       728         46         32         46          0      14074   ble_controllable_hub.o
       628         16          0         74          0       6459   ble_dis.o
      2740         62          0          0          0      23674   ble_hids.o
       392         52          8         12         24      45269   ble_phone_connection.o
        30          0          0          0          0       2048   ble_srv_common.o
      1076        120         60         24        108      11377   bsp.o
       284         10          0          8          0       4973   bsp_btn_ble.o
      3220        250         48         24        295      37503   device_manager_peripheral.o
      2150        250         40        156       1152     102075   main.o
         0          0          0          0          0       7120   n5sk_button.o
        96         18          0          0          0       8384   nrf_drv_common.o
       972        130          0          4         76      21348   nrf_drv_gpiote.o
       438         54          0          0         24      12483   nrf_drv_uart.o
      2830        262         40         36        216      36286   pstorage.o
       106          0          0          0          0       3683   sensorsim.o
       324         30          0         24         34       6664   softdevice_handler.o
        42          6          0          0          0       2051   softdevice_handler_appsh.o
       232         36          0          4          0       2235   system_nrf51.o

    ----------------------------------------------------------------------
     24562       1852        548        684       4860     514570   Object Totals
         0          0         32          0          0          0   (incl. Generated)
        46          0          0          9          8          0   (incl. Padding)

    ----------------------------------------------------------------------

      Code (inc. data)   RO Data    RW Data    ZI Data      Debug   Library Member Name

        86          0          0          0          0          0   __dczerorl2.o
         0          0          0          0          0          0   entry.o
         0          0          0          0          0          0   entry10a.o
         0          0          0          0          0          0   entry11a.o
         8          4          0          0          0          0   entry2.o
         4          0          0          0          0          0   entry5.o
         0          0          0          0          0          0   entry7b.o
         0          0          0          0          0          0   entry8b.o
         8          4          0          0          0          0   entry9a.o
        30          0          0          0          0          0   handlers.o
        40          0          0          0          0         72   idiv.o
        36          8          0          0          0         68   init.o
        26          0          0          0          0         72   memcmp.o
        64          0          0          0          0         68   memmovea.o
        36          0          0          0          0        100   memseta.o
        14          0          0          0          0         60   strlen.o
        44          0          0          0          0         72   uidiv.o

    ----------------------------------------------------------------------
       398         16          0          0          0        512   Library Totals
         2          0          0          0          0          0   (incl. Padding)

    ----------------------------------------------------------------------

      Code (inc. data)   RO Data    RW Data    ZI Data      Debug   Library Name

       396         16          0          0          0        512   mc_p.l

    ----------------------------------------------------------------------
       398         16          0          0          0        512   Library Totals

    ----------------------------------------------------------------------

==============================================================================


      Code (inc. data)   RO Data    RW Data    ZI Data      Debug   

     24960       1868        548        684       4860     503946   Grand Totals
     24960       1868        548        164       4860     503946   ELF Image Totals (compressed)
     24960       1868        548        164          0          0   ROM Totals

==============================================================================

    Total RO  Size (Code + RO Data)                25508 (  24.91kB)
    Total RW  Size (RW Data + ZI Data)              5544 (   5.41kB)
    Total ROM Size (Code + RO Data + RW Data)      25672 (  25.07kB)

==============================================================================

